<html>
<body>
<pre>
<h1>µVision Build Log</h1>
<h2>Tool Versions:</h2>
IDE-Version: ¦ÌVision V5.40.0.0
Copyright (C) 2024 ARM Ltd and ARM Germany GmbH. All rights reserved.
License Information: W silly, W, LIC=WHYH9-40D8P-JJH6S-LPB31-80HQ7-15NR8
 
Tool Versions:
Toolchain:       MDK-ARM Plus  Version: 5.40.0.3
Toolchain Path:  D:\Keil_v5\ARM\ARMCLANG\Bin
C Compiler:      ArmClang.exe V6.22
Assembler:       Armasm.exe V6.22
Linker/Locator:  ArmLink.exe V6.22
Library Manager: ArmAr.exe V6.22
Hex Converter:   FromElf.exe V6.22
CPU DLL:         SARMCM3.DLL V5.40.0.3
Dialog DLL:      DARMCM1.DLL V1.19.6.0
Target DLL:      CMSIS_AGDI.dll V1.33.18.0
Dialog DLL:      TARMCM1.DLL V1.14.6.0
 
<h2>Project:</h2>
C:\Users\silly\Desktop\diansai\code\moban\keil\MSPM03507.uvprojx
Project File Date:  07/15/2025

<h2>Output:</h2>
*** Using Compiler 'V6.22', folder: 'D:\Keil_v5\ARM\ARMCLANG\Bin'
Rebuild target 'MSPM03507'
Before Build - User command #1: cmd.exe /C "C:\Users\silly\Desktop\diansai\code\moban\keil\../Start/tools/keil/syscfg.bat 'C:\Users\silly\Desktop\diansai\code\moban\keil\' ncontroller.syscfg"
Using Sysconfig Tool from "D:\TI\sysconfig_1.19.0\sysconfig_cli.bat"
"Update the file located at <sdk path>/tools/keil/syscfg.bat to use a different version"
Running script...
Validating...
info: /ti/project_config/ProjectConfig deviceSpin: Note: User must select a device after migration. 
info: SPI_OLED(/ti/driverlib/SPI): Peripheral does not retain register contents in STOP or STANDBY modes. User should take care to save and restore register configuration in application. See Retention Configuration section for more details.
info: TIMER_0(/ti/driverlib/TIMER): Peripheral does not retain register contents in STOP or STANDBY modes. User should take care to save and restore register configuration in application. See Retention Configuration section for more details.
Generating Code (ncontroller.syscfg)...
Unchanged C:\Users\silly\Desktop\diansai\code\moban\ti_msp_dl_config.c...
Unchanged C:\Users\silly\Desktop\diansai\code\moban\ti_msp_dl_config.h...
Unchanged C:\Users\silly\Desktop\diansai\code\moban\Event.dot...
compiling dl_aesadv.c...
compiling dl_common.c...
../USER/main.c(19): warning: passing 'char[14]' to parameter of type 'uint8_t *' (aka 'unsigned char *') converts between pointers to integer types where one is of the unique plain 'char' type and the other is not [-Wpointer-sign]
   19 |         OLED_ShowString(8, 16, "ZHONGJINGYUAN", 16, 1);
      |                                ^~~~~~~~~~~~~~~
../USER\..\HARDWARE\OLED\oled.h(41): note: passing argument to parameter 'chr' here
   41 | void OLED_ShowString(u8 x, u8 y, u8 *chr, u8 size1, u8 mode);
      |                                      ^
../USER/main.c(20): warning: passing 'char[11]' to parameter of type 'uint8_t *' (aka 'unsigned char *') converts between pointers to integer types where one is of the unique plain 'char' type and the other is not [-Wpointer-sign]
   20 |         OLED_ShowString(20, 32, "2025/07/17", 16, 1);
      |                                 ^~~~~~~~~~~~
../USER\..\HARDWARE\OLED\oled.h(41): note: passing argument to parameter 'chr' here
   41 | void OLED_ShowString(u8 x, u8 y, u8 *chr, u8 size1, u8 mode);
      |                                      ^
../USER/main.c(21): warning: passing 'char[7]' to parameter of type 'uint8_t *' (aka 'unsigned char *') converts between pointers to integer types where one is of the unique plain 'char' type and the other is not [-Wpointer-sign]
   21 |         OLED_ShowString(0, 48, "ASCII:", 16, 1);
      |                                ^~~~~~~~
../USER\..\HARDWARE\OLED\oled.h(41): note: passing argument to parameter 'chr' here
   41 | void OLED_ShowString(u8 x, u8 y, u8 *chr, u8 size1, u8 mode);
      |                                      ^
../USER/main.c(22): warning: passing 'char[6]' to parameter of type 'uint8_t *' (aka 'unsigned char *') converts between pointers to integer types where one is of the unique plain 'char' type and the other is not [-Wpointer-sign]
   22 |         OLED_ShowString(63, 48, "CODE:", 16, 1);
      |                                 ^~~~~~~
../USER\..\HARDWARE\OLED\oled.h(41): note: passing argument to parameter 'chr' here
   41 | void OLED_ShowString(u8 x, u8 y, u8 *chr, u8 size1, u8 mode);
      |                                      ^
4 warnings generated.
compiling main.c...
assembling startup_mspm0g350x_uvision.s...
compiling dl_aes.c...
compiling dl_crcp.c...
compiling delay.c...
compiling dl_adc12.c...
compiling dl_crc.c...
compiling LED.c...
compiling ti_msp_dl_config.c...
compiling usart.c...
compiling dl_dma.c...
compiling dl_dac12.c...
compiling oled.c...
compiling dl_lcd.c...
compiling dl_keystorectl.c...
compiling dl_lfss.c...
compiling dl_mathacl.c...
compiling dl_opa.c...
compiling dl_i2c.c...
compiling dl_rtc_common.c...
compiling dl_flashctl.c...
compiling dl_trng.c...
compiling dl_spi.c...
compiling dl_vref.c...
compiling dl_uart.c...
compiling dl_mcan.c...
compiling dl_timer.c...
linking...
Program Size: Code=7826 RO-data=6894 RW-data=0 ZI-data=2208  
FromELF: creating hex file...
".\Objects\ncontroller.axf" - 0 Error(s), 4 Warning(s).

<h2>Software Packages used:</h2>

Package Vendor: TexasInstruments
                https://software-dl.ti.com/msp430/esd/MSPM0-CMSIS/MSPM0G1X0X_G3X0X/latest/exports/TexasInstruments.MSPM0G1X0X_G3X0X_DFP.1.3.1.pack
                TexasInstruments::MSPM0G1X0X_G3X0X_DFP@1.3.1
                Device Family Pack for Texas Instruments MSPM0G1X0X_G3X0X Series

<h2>Collection of Component include folders:</h2>

<h2>Collection of Component Files used:</h2>
Build Time Elapsed:  00:00:02
</pre>
</body>
</html>
