Component: Arm Compiler for Embedded 6.22 Tool: armlink [5ee90200]

==============================================================================

Section Cross References

    main.o(.text.mode_1) refers to pid.o(.text.motor_target_set) for motor_target_set
    main.o(.text.mode_1) refers to delay.o(.text.delay_ms) for delay_ms
    main.o(.ARM.exidx.text.mode_1) refers to main.o(.text.mode_1) for [Anonymous Symbol]
    main.o(.text.main) refers to ti_msp_dl_config.o(.text.SYSCFG_DL_init) for SYSCFG_DL_init
    main.o(.text.main) refers to delay.o(.text.delay_ms) for delay_ms
    main.o(.text.main) refers to usart.o(.text.USART_Init) for USART_Init
    main.o(.text.main) refers to pid.o(.text.pid_init) for pid_init
    main.o(.text.main) refers to tb6612.o(.text.TB6612_Motor_Stop) for TB6612_Motor_Stop
    main.o(.text.main) refers to encoder.o(.text.Encoder_Init) for Encoder_Init
    main.o(.text.main) refers to inertial_guidance.o(.text.PathSystem_Init) for PathSystem_Init
    main.o(.text.main) refers to track.o(.text.track_init) for track_init
    main.o(.text.main) refers to track.o(.text.track) for track
    main.o(.text.main) refers to main.o(.data.deI) for deI
    main.o(.text.main) refers to main.o(.data.deP) for deP
    main.o(.text.main) refers to main.o(.bss.deD) for deD
    main.o(.text.main) refers to pid.o(.bss.motorA) for motorA
    main.o(.text.main) refers to pid.o(.bss.motorB) for motorB
    main.o(.ARM.exidx.text.main) refers to main.o(.text.main) for [Anonymous Symbol]
    ti_msp_dl_config.o(.text.SYSCFG_DL_init) refers to ti_msp_dl_config.o(.text.SYSCFG_DL_initPower) for SYSCFG_DL_initPower
    ti_msp_dl_config.o(.text.SYSCFG_DL_init) refers to ti_msp_dl_config.o(.text.SYSCFG_DL_GPIO_init) for SYSCFG_DL_GPIO_init
    ti_msp_dl_config.o(.text.SYSCFG_DL_init) refers to ti_msp_dl_config.o(.text.SYSCFG_DL_SYSCTL_init) for SYSCFG_DL_SYSCTL_init
    ti_msp_dl_config.o(.text.SYSCFG_DL_init) refers to ti_msp_dl_config.o(.text.SYSCFG_DL_PWM_0_init) for SYSCFG_DL_PWM_0_init
    ti_msp_dl_config.o(.text.SYSCFG_DL_init) refers to ti_msp_dl_config.o(.text.SYSCFG_DL_PWM_1_init) for SYSCFG_DL_PWM_1_init
    ti_msp_dl_config.o(.text.SYSCFG_DL_init) refers to ti_msp_dl_config.o(.text.SYSCFG_DL_TIMER_0_init) for SYSCFG_DL_TIMER_0_init
    ti_msp_dl_config.o(.text.SYSCFG_DL_init) refers to ti_msp_dl_config.o(.text.SYSCFG_DL_TIMER_GD_init) for SYSCFG_DL_TIMER_GD_init
    ti_msp_dl_config.o(.text.SYSCFG_DL_init) refers to ti_msp_dl_config.o(.text.SYSCFG_DL_TIMER_1_init) for SYSCFG_DL_TIMER_1_init
    ti_msp_dl_config.o(.text.SYSCFG_DL_init) refers to ti_msp_dl_config.o(.text.SYSCFG_DL_I2C_1_init) for SYSCFG_DL_I2C_1_init
    ti_msp_dl_config.o(.text.SYSCFG_DL_init) refers to ti_msp_dl_config.o(.text.SYSCFG_DL_UART_0_init) for SYSCFG_DL_UART_0_init
    ti_msp_dl_config.o(.text.SYSCFG_DL_init) refers to ti_msp_dl_config.o(.bss.gPWM_1Backup) for gPWM_1Backup
    ti_msp_dl_config.o(.text.SYSCFG_DL_init) refers to ti_msp_dl_config.o(.bss.gPWM_0Backup) for gPWM_0Backup
    ti_msp_dl_config.o(.text.SYSCFG_DL_init) refers to ti_msp_dl_config.o(.bss.gTIMER_GDBackup) for gTIMER_GDBackup
    ti_msp_dl_config.o(.text.SYSCFG_DL_init) refers to ti_msp_dl_config.o(.bss.gTIMER_1Backup) for gTIMER_1Backup
    ti_msp_dl_config.o(.ARM.exidx.text.SYSCFG_DL_init) refers to ti_msp_dl_config.o(.text.SYSCFG_DL_init) for [Anonymous Symbol]
    ti_msp_dl_config.o(.text.SYSCFG_DL_initPower) refers to dl_common.o(.text.DL_Common_delayCycles) for DL_Common_delayCycles
    ti_msp_dl_config.o(.ARM.exidx.text.SYSCFG_DL_initPower) refers to ti_msp_dl_config.o(.text.SYSCFG_DL_initPower) for [Anonymous Symbol]
    ti_msp_dl_config.o(.ARM.exidx.text.SYSCFG_DL_GPIO_init) refers to ti_msp_dl_config.o(.text.SYSCFG_DL_GPIO_init) for [Anonymous Symbol]
    ti_msp_dl_config.o(.ARM.exidx.text.SYSCFG_DL_SYSCTL_init) refers to ti_msp_dl_config.o(.text.SYSCFG_DL_SYSCTL_init) for [Anonymous Symbol]
    ti_msp_dl_config.o(.text.SYSCFG_DL_PWM_0_init) refers to dl_timer.o(.text.DL_Timer_setClockConfig) for DL_Timer_setClockConfig
    ti_msp_dl_config.o(.text.SYSCFG_DL_PWM_0_init) refers to dl_timer.o(.text.DL_TimerA_initPWMMode) for DL_TimerA_initPWMMode
    ti_msp_dl_config.o(.text.SYSCFG_DL_PWM_0_init) refers to dl_timer.o(.text.DL_Timer_setCaptureCompareValue) for DL_Timer_setCaptureCompareValue
    ti_msp_dl_config.o(.text.SYSCFG_DL_PWM_0_init) refers to dl_timer.o(.text.DL_Timer_setCaptureCompareOutCtl) for DL_Timer_setCaptureCompareOutCtl
    ti_msp_dl_config.o(.text.SYSCFG_DL_PWM_0_init) refers to dl_timer.o(.text.DL_Timer_setCaptCompUpdateMethod) for DL_Timer_setCaptCompUpdateMethod
    ti_msp_dl_config.o(.text.SYSCFG_DL_PWM_0_init) refers to ti_msp_dl_config.o(.rodata.gPWM_0ClockConfig) for [Anonymous Symbol]
    ti_msp_dl_config.o(.text.SYSCFG_DL_PWM_0_init) refers to ti_msp_dl_config.o(.rodata.gPWM_0Config) for [Anonymous Symbol]
[...]
    __arm_cp.5_0                             0x00002944   Number         4  encoder.o(.text.TIMG0_IRQHandler)
    __arm_cp.5_1                             0x00002948   Number         4  encoder.o(.text.TIMG0_IRQHandler)
    __arm_cp.5_2                             0x0000294c   Number         4  encoder.o(.text.TIMG0_IRQHandler)
    __arm_cp.5_3                             0x00002950   Number         4  encoder.o(.text.TIMG0_IRQHandler)
    __arm_cp.5_4                             0x00002954   Number         4  encoder.o(.text.TIMG0_IRQHandler)
    [Anonymous Symbol]                       0x00002958   Section        0  track.o(.text.TIMG7_IRQHandler)
    __arm_cp.2_0                             0x000029dc   Number         4  track.o(.text.TIMG7_IRQHandler)
    __arm_cp.2_1                             0x000029e0   Number         4  track.o(.text.TIMG7_IRQHandler)
    __arm_cp.2_2                             0x000029e4   Number         4  track.o(.text.TIMG7_IRQHandler)
    __arm_cp.2_3                             0x000029e8   Number         4  track.o(.text.TIMG7_IRQHandler)
    __arm_cp.2_4                             0x000029ec   Number         4  track.o(.text.TIMG7_IRQHandler)
    __arm_cp.2_5                             0x000029f0   Number         4  track.o(.text.TIMG7_IRQHandler)
    __arm_cp.2_6                             0x000029f4   Number         4  track.o(.text.TIMG7_IRQHandler)
    __arm_cp.2_7                             0x000029f8   Number         4  track.o(.text.TIMG7_IRQHandler)
    __arm_cp.2_8                             0x000029fc   Number         4  track.o(.text.TIMG7_IRQHandler)
    __arm_cp.2_9                             0x00002a00   Number         4  track.o(.text.TIMG7_IRQHandler)
    __arm_cp.2_10                            0x00002a04   Number         4  track.o(.text.TIMG7_IRQHandler)
    __arm_cp.2_11                            0x00002a08   Number         4  track.o(.text.TIMG7_IRQHandler)
    [Anonymous Symbol]                       0x00002a0c   Section        0  usart.o(.text.UART0_IRQHandler)
    __arm_cp.6_0                             0x00002a7c   Number         4  usart.o(.text.UART0_IRQHandler)
    __arm_cp.6_1                             0x00002a80   Number         4  usart.o(.text.UART0_IRQHandler)
    __arm_cp.6_2                             0x00002a84   Number         4  usart.o(.text.UART0_IRQHandler)
    __arm_cp.6_3                             0x00002a88   Number         4  usart.o(.text.UART0_IRQHandler)
    __arm_cp.6_5                             0x00002a94   Number         4  usart.o(.text.UART0_IRQHandler)
    __arm_cp.6_7                             0x00002aa0   Number         4  usart.o(.text.UART0_IRQHandler)
    __arm_cp.6_8                             0x00002aa4   Number         4  usart.o(.text.UART0_IRQHandler)
    [Anonymous Symbol]                       0x00002aa8   Section        0  usart.o(.text.USART_Init)
    __arm_cp.0_0                             0x00002ab8   Number         4  usart.o(.text.USART_Init)
    __arm_cp.0_1                             0x00002abc   Number         4  usart.o(.text.USART_Init)
    [Anonymous Symbol]                       0x00002ac0   Section        0  usart.o(.text._sys_exit)
    [Anonymous Symbol]                       0x00002ac4   Section        0  grayscale.o(.text.deal_IRdata)
    __arm_cp.2_0                             0x00002be8   Number         4  grayscale.o(.text.deal_IRdata)
    __arm_cp.2_1                             0x00002bec   Number         4  grayscale.o(.text.deal_IRdata)
    __arm_cp.2_2                             0x00002bf0   Number         4  grayscale.o(.text.deal_IRdata)
    __arm_cp.2_3                             0x00002bf4   Number         4  grayscale.o(.text.deal_IRdata)
    __arm_cp.2_4                             0x00002bf8   Number         4  grayscale.o(.text.deal_IRdata)
    __arm_cp.2_5                             0x00002bfc   Number         4  grayscale.o(.text.deal_IRdata)
    [Anonymous Symbol]                       0x00002c00   Section        0  delay.o(.text.delay_ms)
    [Anonymous Symbol]                       0x00002c0e   Section        0  delay.o(.text.delay_us)
    [Anonymous Symbol]                       0x00002c18   Section        0  usart.o(.text.fputc)
    __arm_cp.5_0                             0x00002c38   Number         4  usart.o(.text.fputc)
    [Anonymous Symbol]                       0x00002c3c   Section        0  jy61p.o(.text.get_angle)
    __arm_cp.9_1                             0x00002d48   Number         4  jy61p.o(.text.get_angle)
    __arm_cp.9_2                             0x00002d4c   Number         4  jy61p.o(.text.get_angle)
    __arm_cp.9_3                             0x00002d50   Number         4  jy61p.o(.text.get_angle)
    __arm_cp.9_4                             0x00002d54   Number         4  jy61p.o(.text.get_angle)
    __arm_cp.9_5                             0x00002d58   Number         4  jy61p.o(.text.get_angle)
    [Anonymous Symbol]                       0x00002d5c   Section        0  jy61p.o(.text.jy61pInit)
    __arm_cp.0_0                             0x00002df8   Number         4  jy61p.o(.text.jy61pInit)
    __arm_cp.0_1                             0x00002dfc   Number         4  jy61p.o(.text.jy61pInit)
    [Anonymous Symbol]                       0x00002e00   Section        0  main.o(.text.main)
    __arm_cp.1_0                             0x00002e58   Number         4  main.o(.text.main)
    __arm_cp.1_1                             0x00002e5c   Number         4  main.o(.text.main)
    __arm_cp.1_2                             0x00002e60   Number         4  main.o(.text.main)
    __arm_cp.1_5                             0x00002e64   Number         4  main.o(.text.main)
    [Anonymous Symbol]                       0x00002e68   Section        0  pid.o(.text.motor_target_set)
    [Anonymous Symbol]                       0x00002e98   Section        0  pid.o(.text.pid_cal)
    [Anonymous Symbol]                       0x00002f5c   Section        0  pid.o(.text.pid_control)
    __arm_cp.3_0                             0x00003028   Number         4  pid.o(.text.pid_control)
    __arm_cp.3_1                             0x0000302c   Number         4  pid.o(.text.pid_control)
    __arm_cp.3_2                             0x00003030   Number         4  pid.o(.text.pid_control)
    __arm_cp.3_3                             0x00003034   Number         4  pid.o(.text.pid_control)
    __arm_cp.3_4                             0x00003038   Number         4  pid.o(.text.pid_control)
    [Anonymous Symbol]                       0x0000303c   Section        0  pid.o(.text.pid_init)
    [Anonymous Symbol]                       0x0000304c   Section        0  inertial_guidance.o(.text.position_control)
    __arm_cp.5_15                            0x000033a8   Number         4  inertial_guidance.o(.text.position_control)
    __arm_cp.5_0                             0x0000349c   Number         4  inertial_guidance.o(.text.position_control)
    __arm_cp.5_2                             0x000034a0   Number         4  inertial_guidance.o(.text.position_control)
    __arm_cp.5_3                             0x000034a4   Number         4  inertial_guidance.o(.text.position_control)
    __arm_cp.5_4                             0x000034a8   Number         4  inertial_guidance.o(.text.position_control)
    __arm_cp.5_5                             0x000034ac   Number         4  inertial_guidance.o(.text.position_control)
    __arm_cp.5_6                             0x000034b0   Number         4  inertial_guidance.o(.text.position_control)
    __arm_cp.5_7                             0x000034b4   Number         4  inertial_guidance.o(.text.position_control)
    __arm_cp.5_8                             0x000034b8   Number         4  inertial_guidance.o(.text.position_control)
    __arm_cp.5_9                             0x000034bc   Number         4  inertial_guidance.o(.text.position_control)
    __arm_cp.5_10                            0x000034c0   Number         4  inertial_guidance.o(.text.position_control)
    __arm_cp.5_11                            0x000034c4   Number         4  inertial_guidance.o(.text.position_control)
    __arm_cp.5_12                            0x000034c8   Number         4  inertial_guidance.o(.text.position_control)
    __arm_cp.5_13                            0x000034cc   Number         4  inertial_guidance.o(.text.position_control)
    [Anonymous Symbol]                       0x000034d0   Section        0  jy61p.o(.text.readDataJy61p)
    __arm_cp.8_0                             0x00003614   Number         4  jy61p.o(.text.readDataJy61p)
    __arm_cp.8_1                             0x00003618   Number         4  jy61p.o(.text.readDataJy61p)
    [Anonymous Symbol]                       0x0000361c   Section        0  inertial_guidance.o(.text.steering_control)
    __arm_cp.8_0                             0x0000381c   Number         4  inertial_guidance.o(.text.steering_control)
    __arm_cp.8_2                             0x00003820   Number         4  inertial_guidance.o(.text.steering_control)
    __arm_cp.8_3                             0x00003824   Number         4  inertial_guidance.o(.text.steering_control)
    __arm_cp.8_4                             0x00003828   Number         4  inertial_guidance.o(.text.steering_control)
    __arm_cp.8_5                             0x0000382c   Number         4  inertial_guidance.o(.text.steering_control)
    __arm_cp.8_6                             0x00003830   Number         4  inertial_guidance.o(.text.steering_control)
    __arm_cp.8_7                             0x00003834   Number         4  inertial_guidance.o(.text.steering_control)
    __arm_cp.8_8                             0x00003838   Number         4  inertial_guidance.o(.text.steering_control)
    __arm_cp.8_9                             0x0000383c   Number         4  inertial_guidance.o(.text.steering_control)
    __arm_cp.8_10                            0x00003840   Number         4  inertial_guidance.o(.text.steering_control)
    __arm_cp.8_11                            0x00003844   Number         4  inertial_guidance.o(.text.steering_control)
    __arm_cp.8_12                            0x00003848   Number         4  inertial_guidance.o(.text.steering_control)
    __arm_cp.8_13                            0x0000384c   Number         4  inertial_guidance.o(.text.steering_control)
    __arm_cp.8_14                            0x00003850   Number         4  inertial_guidance.o(.text.steering_control)
    __arm_cp.8_15                            0x00003854   Number         4  inertial_guidance.o(.text.steering_control)
    __arm_cp.8_16                            0x00003858   Number         4  inertial_guidance.o(.text.steering_control)
    [Anonymous Symbol]                       0x0000385c   Section        0  track.o(.text.track)
    __arm_cp.3_0                             0x00003968   Number         4  track.o(.text.track)
    __arm_cp.3_1                             0x0000396c   Number         4  track.o(.text.track)
    __arm_cp.3_2                             0x00003970   Number         4  track.o(.text.track)
    __arm_cp.3_3                             0x00003974   Number         4  track.o(.text.track)
    __arm_cp.3_4                             0x00003978   Number         4  track.o(.text.track)
    __arm_cp.3_5                             0x0000397c   Number         4  track.o(.text.track)
    __arm_cp.3_6                             0x00003980   Number         4  track.o(.text.track)
    __arm_cp.3_7                             0x00003984   Number         4  track.o(.text.track)
    __arm_cp.3_9                             0x000039bc   Number         4  track.o(.text.track)
    __arm_cp.3_10                            0x000039c0   Number         4  track.o(.text.track)
    __arm_cp.3_11                            0x000039c4   Number         4  track.o(.text.track)
    [Anonymous Symbol]                       0x000039c8   Section        0  track.o(.text.track_init)
    __arm_cp.0_0                             0x000039d8   Number         4  track.o(.text.track_init)
    __arm_cp.0_1                             0x000039dc   Number         4  track.o(.text.track_init)
    [Anonymous Symbol]                       0x000039e0   Section        0  jy61p.o(.text.writeDataJy61p)
    __arm_cp.1_0                             0x00003a94   Number         4  jy61p.o(.text.writeDataJy61p)
    __arm_cp.1_1                             0x00003a98   Number         4  jy61p.o(.text.writeDataJy61p)
    i.__ARM_common_ll_muluu                  0x00003a9c   Section        0  rredf.o(i.__ARM_common_ll_muluu)
    i.__ARM_fpclassifyf                      0x00003ace   Section        0  fpclassifyf.o(i.__ARM_fpclassifyf)
    i.__mathlib_flt_infnan                   0x00003af0   Section        0  funder.o(i.__mathlib_flt_infnan)
    i.__mathlib_flt_infnan2                  0x00003afa   Section        0  funder.o(i.__mathlib_flt_infnan2)
    i.__mathlib_flt_invalid                  0x00003b02   Section        0  funder.o(i.__mathlib_flt_invalid)
    i.__mathlib_flt_underflow                0x00003b0e   Section        0  funder.o(i.__mathlib_flt_underflow)
    i.__mathlib_rredf2                       0x00003b1c   Section        0  rredf.o(i.__mathlib_rredf2)
    i._fgeq                                  0x00003c9c   Section        0  fcmp.o(i._fgeq)
    i._fgr                                   0x00003cb2   Section        0  fcmp.o(i._fgr)
    i._fleq                                  0x00003cc8   Section        0  fcmp.o(i._fleq)
    i._fls                                   0x00003ce2   Section        0  fcmp.o(i._fls)
    i.atan2f                                 0x00003cf8   Section        0  atan2f.o(i.atan2f)
    i.cosf                                   0x00003f94   Section        0  cosf.o(i.cosf)
    i.sinf                                   0x0000410c   Section        0  sinf.o(i.sinf)
    i.sqrtf                                  0x00004290   Section        0  sqrtf.o(i.sqrtf)
    locale$$code                             0x000042bc   Section       44  lc_ctype_c.o(locale$$code)
    x$fpl$fadd                               0x000042e8   Section      140  faddsub.o(x$fpl$fadd)
    _fadd1                                   0x000042f5   Thumb Code     0  faddsub.o(x$fpl$fadd)
    x$fpl$fgeqf                              0x00004374   Section       84  fgef.o(x$fpl$fgeqf)
    x$fpl$fleqf                              0x000043c8   Section       84  flef.o(x$fpl$fleqf)
    x$fpl$fmul                               0x0000441c   Section      176  fmul.o(x$fpl$fmul)
    x$fpl$frsb                               0x000044cc   Section       24  faddsub.o(x$fpl$frsb)
    x$fpl$fsub                               0x000044e4   Section      208  faddsub.o(x$fpl$fsub)
    _fsub1                                   0x000044f1   Thumb Code     0  faddsub.o(x$fpl$fsub)
    ddiv_reciptbl                            0x000045b4   Data         128  ddiv.o(.constdata)
    .constdata                               0x000045b4   Section      128  ddiv.o(.constdata)
    x$fpl$usenofp                            0x000045b4   Section        0  usenofp.o(x$fpl$usenofp)
    fdiv_tab                                 0x00004634   Data          64  fdiv.o(.constdata)
    .constdata                               0x00004634   Section       64  fdiv.o(.constdata)
    twooverpi                                0x00004674   Data          32  rredf.o(.constdata)
    .constdata                               0x00004674   Section       32  rredf.o(.constdata)
    gI2C_1ClockConfig                        0x00004694   Data           2  ti_msp_dl_config.o(.rodata.gI2C_1ClockConfig)
    [Anonymous Symbol]                       0x00004694   Section        0  ti_msp_dl_config.o(.rodata.gI2C_1ClockConfig)
    gPWM_0ClockConfig                        0x00004696   Data           3  ti_msp_dl_config.o(.rodata.gPWM_0ClockConfig)
    [Anonymous Symbol]                       0x00004696   Section        0  ti_msp_dl_config.o(.rodata.gPWM_0ClockConfig)
    gPWM_0Config                             0x0000469c   Data           8  ti_msp_dl_config.o(.rodata.gPWM_0Config)
    [Anonymous Symbol]                       0x0000469c   Section        0  ti_msp_dl_config.o(.rodata.gPWM_0Config)
    gPWM_1ClockConfig                        0x000046a4   Data           3  ti_msp_dl_config.o(.rodata.gPWM_1ClockConfig)
    [Anonymous Symbol]                       0x000046a4   Section        0  ti_msp_dl_config.o(.rodata.gPWM_1ClockConfig)
    gPWM_1Config                             0x000046a8   Data           8  ti_msp_dl_config.o(.rodata.gPWM_1Config)
    [Anonymous Symbol]                       0x000046a8   Section        0  ti_msp_dl_config.o(.rodata.gPWM_1Config)
    gTIMER_0ClockConfig                      0x000046b0   Data           3  ti_msp_dl_config.o(.rodata.gTIMER_0ClockConfig)
    [Anonymous Symbol]                       0x000046b0   Section        0  ti_msp_dl_config.o(.rodata.gTIMER_0ClockConfig)
    gTIMER_0TimerConfig                      0x000046b4   Data          20  ti_msp_dl_config.o(.rodata.gTIMER_0TimerConfig)
    [Anonymous Symbol]                       0x000046b4   Section        0  ti_msp_dl_config.o(.rodata.gTIMER_0TimerConfig)
    gTIMER_1ClockConfig                      0x000046c8   Data           3  ti_msp_dl_config.o(.rodata.gTIMER_1ClockConfig)
    [Anonymous Symbol]                       0x000046c8   Section        0  ti_msp_dl_config.o(.rodata.gTIMER_1ClockConfig)
    gTIMER_1TimerConfig                      0x000046cc   Data          20  ti_msp_dl_config.o(.rodata.gTIMER_1TimerConfig)
    [Anonymous Symbol]                       0x000046cc   Section        0  ti_msp_dl_config.o(.rodata.gTIMER_1TimerConfig)
    gTIMER_GDClockConfig                     0x000046e0   Data           3  ti_msp_dl_config.o(.rodata.gTIMER_GDClockConfig)
    [Anonymous Symbol]                       0x000046e0   Section        0  ti_msp_dl_config.o(.rodata.gTIMER_GDClockConfig)
    gTIMER_GDTimerConfig                     0x000046e4   Data          20  ti_msp_dl_config.o(.rodata.gTIMER_GDTimerConfig)
    [Anonymous Symbol]                       0x000046e4   Section        0  ti_msp_dl_config.o(.rodata.gTIMER_GDTimerConfig)
    gUART_0ClockConfig                       0x000046f8   Data           2  ti_msp_dl_config.o(.rodata.gUART_0ClockConfig)
    [Anonymous Symbol]                       0x000046f8   Section        0  ti_msp_dl_config.o(.rodata.gUART_0ClockConfig)
    gUART_0Config                            0x000046fa   Data          10  ti_msp_dl_config.o(.rodata.gUART_0Config)
    [Anonymous Symbol]                       0x000046fa   Section        0  ti_msp_dl_config.o(.rodata.gUART_0Config)
    [Anonymous Symbol]                       0x00004704   Section        0  tb6612.o(.rodata.str1.1)
    locale$$data                             0x00004748   Section      272  lc_ctype_c.o(locale$$data)
    __lcctype_c_name                         0x0000474c   Data           2  lc_ctype_c.o(locale$$data)
    __lcctype_c_start                        0x00004754   Data           0  lc_ctype_c.o(locale$$data)
    __lcctype_c_end                          0x00004858   Data           0  lc_ctype_c.o(locale$$data)
    .bss                                     0x20200010   Section       96  libspace.o(.bss)
    Encoder_A                                0x20200070   Data          12  encoder.o(.bss.Encoder_A)
    [Anonymous Symbol]                       0x20200070   Section        0  encoder.o(.bss.Encoder_A)
    Encoder_B                                0x2020007c   Data          12  encoder.o(.bss.Encoder_B)
    [Anonymous Symbol]                       0x2020007c   Section        0  encoder.o(.bss.Encoder_B)
    Encoder_C                                0x20200088   Data          12  encoder.o(.bss.Encoder_C)
    [Anonymous Symbol]                       0x20200088   Section        0  encoder.o(.bss.Encoder_C)
    Encoder_D                                0x20200094   Data          12  encoder.o(.bss.Encoder_D)
    [Anonymous Symbol]                       0x20200094   Section        0  encoder.o(.bss.Encoder_D)
    Gyro_Structure                           0x202000a0   Data          12  jy61p.o(.bss.Gyro_Structure)
    [Anonymous Symbol]                       0x202000a0   Section        0  jy61p.o(.bss.Gyro_Structure)
    Yaw                                      0x202000ac   Data           4  inertial_guidance.o(.bss.Yaw)
    [Anonymous Symbol]                       0x202000ac   Section        0  inertial_guidance.o(.bss.Yaw)
    mode2_check.cur_mode2                    0x20200390   Data           1  track.o(.bss.mode2_check.cur_mode2)
    [Anonymous Symbol]                       0x20200390   Section        0  track.o(.bss.mode2_check.cur_mode2)
    mode2_check.last_mode2                   0x20200394   Data           4  track.o(.bss.mode2_check.last_mode2)
    [Anonymous Symbol]                       0x20200394   Section        0  track.o(.bss.mode2_check.last_mode2)
    white_area_cnt                           0x20200df8   Data           4  track.o(.bss.white_area_cnt)
    [Anonymous Symbol]                       0x20200df8   Section        0  track.o(.bss.white_area_cnt)
    Heap_Mem                                 0x20200e08   Data         256  startup_mspm0g350x_uvision.o(HEAP)
    HEAP                                     0x20200e08   Section      256  startup_mspm0g350x_uvision.o(HEAP)
    Stack_Mem                                0x20200f08   Data         256  startup_mspm0g350x_uvision.o(STACK)
    STACK                                    0x20200f08   Section      256  startup_mspm0g350x_uvision.o(STACK)
    __initial_sp                             0x20201008   Data           0  startup_mspm0g350x_uvision.o(STACK)

    Global Symbols

    Symbol Name                              Value     Ov Type        Size  Object(Section)

    BuildAttributes$$THM_ISAv3M$S$PE$A:L22$X:L11$S22$IEEE1$IW$~IW$USESV6$~STKCKD$USESV7$~SHL$OTIME$ROPI$IEEEX$EBA8$UX$STANDARDLIB$REQ8$PRES8$EABIv2 0x00000000   Number         0  anon$$obj.o ABSOLUTE
    __Vectors                                0x00000000   Data           4  startup_mspm0g350x_uvision.o(RESET)
    __ARM_exceptions_init                     - Undefined Weak Reference
    __alloca_initialize                       - Undefined Weak Reference
    __arm_preinit_                            - Undefined Weak Reference
    __arm_relocate_pie_                       - Undefined Weak Reference
    __cpp_initialize__aeabi_                  - Undefined Weak Reference
    __cxa_finalize                            - Undefined Weak Reference
    __sigvec_lookup                           - Undefined Weak Reference
    _atexit_init                              - Undefined Weak Reference
    _call_atexit_fns                          - Undefined Weak Reference
    _clock_init                               - Undefined Weak Reference
    _fp_trap_init                             - Undefined Weak Reference
    _fp_trap_shutdown                         - Undefined Weak Reference
    _get_lc_collate                           - Undefined Weak Reference
    _get_lc_monetary                          - Undefined Weak Reference
    _get_lc_numeric                           - Undefined Weak Reference
    _get_lc_time                              - Undefined Weak Reference
    _getenv_init                              - Undefined Weak Reference
    _handle_redirection                       - Undefined Weak Reference
    _init_alloc                               - Undefined Weak Reference
    _init_user_alloc                          - Undefined Weak Reference
    _initio                                   - Undefined Weak Reference
    _mutex_acquire                            - Undefined Weak Reference
    _mutex_release                            - Undefined Weak Reference
    _printf_post_padding                      - Undefined Weak Reference
    _printf_pre_padding                       - Undefined Weak Reference
    _printf_truncate_signed                   - Undefined Weak Reference
    _printf_truncate_unsigned                 - Undefined Weak Reference
    _rand_init                                - Undefined Weak Reference
    _scanf_longlong                           - Undefined Weak Reference
    _scanf_mbtowc                             - Undefined Weak Reference
    _scanf_real                               - Undefined Weak Reference
    _scanf_wctomb                             - Undefined Weak Reference
    _scanf_wstring                            - Undefined Weak Reference
    _signal_finish                            - Undefined Weak Reference
    _signal_init                              - Undefined Weak Reference
    _terminate_alloc                          - Undefined Weak Reference
    _terminate_user_alloc                     - Undefined Weak Reference
    _terminateio                              - Undefined Weak Reference
    __Vectors_End                            0x000000c0   Data           0  startup_mspm0g350x_uvision.o(RESET)
    __Vectors_Size                           0x000000c0   Number         0  startup_mspm0g350x_uvision.o ABSOLUTE
    __main                                   0x000000c1   Thumb Code     8  __main.o(!!!main)
    __scatterload                            0x000000c9   Thumb Code     0  __scatter.o(!!!scatter)
    __scatterload_rt2                        0x000000c9   Thumb Code    74  __scatter.o(!!!scatter)
    __scatterload_rt2_thumb_only             0x000000c9   Thumb Code     0  __scatter.o(!!!scatter)
    __scatterload_loop                       0x000000d3   Thumb Code     0  __scatter.o(!!!scatter)
    __scatterload_copy                       0x00000121   Thumb Code    26  __scatter_copy.o(!!handler_copy)
    __scatterload_null                       0x00000141   Thumb Code     2  __scatter.o(!!handler_null)
    __scatterload_zeroinit                   0x00000149   Thumb Code    28  __scatter_zi.o(!!handler_zi)
    _printf_percent                          0x00000165   Thumb Code     0  _printf_percent.o(.ARM.Collect$$_printf_percent$$00000000)
    _printf_d                                0x00000167   Thumb Code     0  _printf_d.o(.ARM.Collect$$_printf_percent$$00000009)
    _printf_percent_end                      0x00000171   Thumb Code     0  _printf_percent_end.o(.ARM.Collect$$_printf_percent$$00000017)
    __rt_lib_init                            0x00000175   Thumb Code     0  libinit.o(.ARM.Collect$$libinit$$00000000)
    __rt_lib_init_fp_1                       0x00000177   Thumb Code     0  libinit2.o(.ARM.Collect$$libinit$$00000002)
    __rt_lib_init_heap_1                     0x00000177   Thumb Code     0  libinit2.o(.ARM.Collect$$libinit$$0000000C)
    __rt_lib_init_lc_common                  0x00000177   Thumb Code     0  libinit2.o(.ARM.Collect$$libinit$$00000011)
    __rt_lib_init_preinit_1                  0x00000177   Thumb Code     0  libinit2.o(.ARM.Collect$$libinit$$00000006)
    __rt_lib_init_rand_1                     0x00000177   Thumb Code     0  libinit2.o(.ARM.Collect$$libinit$$00000010)
    __rt_lib_init_relocate_pie_1             0x00000177   Thumb Code     0  libinit2.o(.ARM.Collect$$libinit$$00000004)
    __rt_lib_init_user_alloc_1               0x00000177   Thumb Code     0  libinit2.o(.ARM.Collect$$libinit$$0000000E)
    __rt_lib_init_lc_collate_1               0x0000017d   Thumb Code     0  libinit2.o(.ARM.Collect$$libinit$$00000013)
    __rt_lib_init_lc_ctype_2                 0x0000017d   Thumb Code     0  libinit2.o(.ARM.Collect$$libinit$$00000014)
    __rt_lib_init_alloca_1                   0x00000189   Thumb Code     0  libinit2.o(.ARM.Collect$$libinit$$00000030)
    __rt_lib_init_argv_1                     0x00000189   Thumb Code     0  libinit2.o(.ARM.Collect$$libinit$$0000002E)
    __rt_lib_init_atexit_1                   0x00000189   Thumb Code     0  libinit2.o(.ARM.Collect$$libinit$$0000001D)
    __rt_lib_init_clock_1                    0x00000189   Thumb Code     0  libinit2.o(.ARM.Collect$$libinit$$00000023)
    __rt_lib_init_cpp_1                      0x00000189   Thumb Code     0  libinit2.o(.ARM.Collect$$libinit$$00000034)
    __rt_lib_init_exceptions_1               0x00000189   Thumb Code     0  libinit2.o(.ARM.Collect$$libinit$$00000032)
    __rt_lib_init_fp_trap_1                  0x00000189   Thumb Code     0  libinit2.o(.ARM.Collect$$libinit$$00000021)
    __rt_lib_init_getenv_1                   0x00000189   Thumb Code     0  libinit2.o(.ARM.Collect$$libinit$$00000025)
    __rt_lib_init_lc_ctype_1                 0x00000189   Thumb Code     0  libinit2.o(.ARM.Collect$$libinit$$00000015)
    __rt_lib_init_lc_monetary_1              0x00000189   Thumb Code     0  libinit2.o(.ARM.Collect$$libinit$$00000017)
    __rt_lib_init_lc_numeric_1               0x00000189   Thumb Code     0  libinit2.o(.ARM.Collect$$libinit$$00000019)
    __rt_lib_init_lc_time_1                  0x00000189   Thumb Code     0  libinit2.o(.ARM.Collect$$libinit$$0000001B)
    __rt_lib_init_return                     0x00000189   Thumb Code     0  libinit2.o(.ARM.Collect$$libinit$$00000035)
    __rt_lib_init_signal_1                   0x00000189   Thumb Code     0  libinit2.o(.ARM.Collect$$libinit$$0000001F)
    __rt_lib_init_stdio_1                    0x00000189   Thumb Code     0  libinit2.o(.ARM.Collect$$libinit$$00000027)
    __rt_lib_shutdown                        0x0000018b   Thumb Code     0  libshutdown.o(.ARM.Collect$$libshutdown$$00000000)
    __rt_lib_shutdown_cpp_1                  0x0000018d   Thumb Code     0  libshutdown2.o(.ARM.Collect$$libshutdown$$00000002)
    __rt_lib_shutdown_fp_trap_1              0x0000018d   Thumb Code     0  libshutdown2.o(.ARM.Collect$$libshutdown$$00000007)
    __rt_lib_shutdown_heap_1                 0x0000018d   Thumb Code     0  libshutdown2.o(.ARM.Collect$$libshutdown$$0000000F)
    __rt_lib_shutdown_return                 0x0000018d   Thumb Code     0  libshutdown2.o(.ARM.Collect$$libshutdown$$00000010)
    __rt_lib_shutdown_signal_1               0x0000018d   Thumb Code     0  libshutdown2.o(.ARM.Collect$$libshutdown$$0000000A)
    __rt_lib_shutdown_stdio_1                0x0000018d   Thumb Code     0  libshutdown2.o(.ARM.Collect$$libshutdown$$00000004)
    __rt_lib_shutdown_user_alloc_1           0x0000018d   Thumb Code     0  libshutdown2.o(.ARM.Collect$$libshutdown$$0000000C)
    __rt_entry                               0x0000018f   Thumb Code     0  __rtentry.o(.ARM.Collect$$rtentry$$00000000)
    __rt_entry_presh_1                       0x0000018f   Thumb Code     0  __rtentry2.o(.ARM.Collect$$rtentry$$00000002)
    __rt_entry_sh                            0x0000018f   Thumb Code     0  __rtentry4.o(.ARM.Collect$$rtentry$$00000004)
    __rt_entry_li                            0x00000195   Thumb Code     0  __rtentry2.o(.ARM.Collect$$rtentry$$0000000A)
    __rt_entry_postsh_1                      0x00000195   Thumb Code     0  __rtentry2.o(.ARM.Collect$$rtentry$$00000009)
    __rt_entry_main                          0x00000199   Thumb Code     0  __rtentry2.o(.ARM.Collect$$rtentry$$0000000D)
    __rt_entry_postli_1                      0x00000199   Thumb Code     0  __rtentry2.o(.ARM.Collect$$rtentry$$0000000C)
    __rt_exit                                0x000001a1   Thumb Code     0  rtexit.o(.ARM.Collect$$rtexit$$00000000)
    __rt_exit_ls                             0x000001a3   Thumb Code     0  rtexit2.o(.ARM.Collect$$rtexit$$00000003)
    __rt_exit_prels_1                        0x000001a3   Thumb Code     0  rtexit2.o(.ARM.Collect$$rtexit$$00000002)
    __rt_exit_exit                           0x000001a7   Thumb Code     0  rtexit2.o(.ARM.Collect$$rtexit$$00000004)
    Reset_Handler                            0x000001ad   Thumb Code     4  startup_mspm0g350x_uvision.o(.text)
    NMI_Handler                              0x000001b1   Thumb Code     2  startup_mspm0g350x_uvision.o(.text)
    HardFault_Handler                        0x000001b3   Thumb Code     2  startup_mspm0g350x_uvision.o(.text)
    SVC_Handler                              0x000001b5   Thumb Code     2  startup_mspm0g350x_uvision.o(.text)
    PendSV_Handler                           0x000001b7   Thumb Code     2  startup_mspm0g350x_uvision.o(.text)
    SysTick_Handler                          0x000001b9   Thumb Code     2  startup_mspm0g350x_uvision.o(.text)
    ADC0_IRQHandler                          0x000001bb   Thumb Code     0  startup_mspm0g350x_uvision.o(.text)
    ADC1_IRQHandler                          0x000001bb   Thumb Code     0  startup_mspm0g350x_uvision.o(.text)
    AES_IRQHandler                           0x000001bb   Thumb Code     0  startup_mspm0g350x_uvision.o(.text)
    CANFD0_IRQHandler                        0x000001bb   Thumb Code     0  startup_mspm0g350x_uvision.o(.text)
    DAC0_IRQHandler                          0x000001bb   Thumb Code     0  startup_mspm0g350x_uvision.o(.text)
    DMA_IRQHandler                           0x000001bb   Thumb Code     0  startup_mspm0g350x_uvision.o(.text)
    Default_Handler                          0x000001bb   Thumb Code     2  startup_mspm0g350x_uvision.o(.text)
    GROUP0_IRQHandler                        0x000001bb   Thumb Code     0  startup_mspm0g350x_uvision.o(.text)
    I2C0_IRQHandler                          0x000001bb   Thumb Code     0  startup_mspm0g350x_uvision.o(.text)
    I2C1_IRQHandler                          0x000001bb   Thumb Code     0  startup_mspm0g350x_uvision.o(.text)
    RTC_IRQHandler                           0x000001bb   Thumb Code     0  startup_mspm0g350x_uvision.o(.text)
    SPI0_IRQHandler                          0x000001bb   Thumb Code     0  startup_mspm0g350x_uvision.o(.text)
    SPI1_IRQHandler                          0x000001bb   Thumb Code     0  startup_mspm0g350x_uvision.o(.text)
    TIMA1_IRQHandler                         0x000001bb   Thumb Code     0  startup_mspm0g350x_uvision.o(.text)
    TIMG12_IRQHandler                        0x000001bb   Thumb Code     0  startup_mspm0g350x_uvision.o(.text)
    TIMG6_IRQHandler                         0x000001bb   Thumb Code     0  startup_mspm0g350x_uvision.o(.text)
    TIMG8_IRQHandler                         0x000001bb   Thumb Code     0  startup_mspm0g350x_uvision.o(.text)
    UART1_IRQHandler                         0x000001bb   Thumb Code     0  startup_mspm0g350x_uvision.o(.text)
    UART2_IRQHandler                         0x000001bb   Thumb Code     0  startup_mspm0g350x_uvision.o(.text)
    UART3_IRQHandler                         0x000001bb   Thumb Code     0  startup_mspm0g350x_uvision.o(.text)
    __user_initial_stackheap                 0x000001bd   Thumb Code    10  startup_mspm0g350x_uvision.o(.text)
    __2printf                                0x000001dd   Thumb Code    22  noretval__2printf.o(.text)
    __printf                                 0x000001f9   Thumb Code   108  __printf.o(.text)
    _printf_int_dec                          0x00000265   Thumb Code    90  _printf_dec.o(.text)
    __0sscanf                                0x000002d1   Thumb Code    54  __0sscanf.o(.text)
    _scanf_int                               0x00000311   Thumb Code   330  _scanf_int.o(.text)
    _scanf_string                            0x0000045b   Thumb Code   232  _scanf_str.o(.text)
    puts                                     0x00000545   Thumb Code    38  puts.o(.text)
    __use_two_region_memory                  0x00000571   Thumb Code     2  heapauxi.o(.text)
    __rt_heap_escrow$2region                 0x00000573   Thumb Code     2  heapauxi.o(.text)
    __rt_heap_expand$2region                 0x00000575   Thumb Code     2  heapauxi.o(.text)
    __aeabi_d2f                              0x00000579   Thumb Code     0  d2f.o(.text)
    __truncdfsf2                             0x00000579   Thumb Code     0  d2f.o(.text)
    _d2f                                     0x00000579   Thumb Code   120  d2f.o(.text)
    __aeabi_ddiv                             0x000005f5   Thumb Code     0  ddiv.o(.text)
    __divdf3                                 0x000005f5   Thumb Code     0  ddiv.o(.text)
    _ddiv                                    0x000005f5   Thumb Code  1072  ddiv.o(.text)
    _drdiv                                   0x00000a25   Thumb Code    20  ddiv.o(.text)
    __aeabi_i2d_normalise                    0x00000a3d   Thumb Code    66  dflti.o(.text)
    __aeabi_i2d                              0x00000a7f   Thumb Code    16  dflti.o(.text)
    _dflt                                    0x00000a7f   Thumb Code     0  dflti.o(.text)
    __aeabi_ui2d                             0x00000a8f   Thumb Code     6  dflti.o(.text)
    _dfltu                                   0x00000a8f   Thumb Code     0  dflti.o(.text)
    __aeabi_dmul                             0x00000a95   Thumb Code     0  dmul.o(.text)
    __muldf3                                 0x00000a95   Thumb Code     0  dmul.o(.text)
    _dmul                                    0x00000a95   Thumb Code   558  dmul.o(.text)
    __aeabi_f2d                              0x00000cdd   Thumb Code     0  f2d.o(.text)
    __extendsfdf2                            0x00000cdd   Thumb Code     0  f2d.o(.text)
    _f2d                                     0x00000cdd   Thumb Code    80  f2d.o(.text)
    __aeabi_fdiv                             0x00000d31   Thumb Code     0  fdiv.o(.text)
    __divsf3                                 0x00000d31   Thumb Code     0  fdiv.o(.text)
    _fdiv                                    0x00000d31   Thumb Code   334  fdiv.o(.text)
    _frdiv                                   0x00000e7f   Thumb Code     8  fdiv.o(.text)
    __aeabi_f2iz                             0x00000e91   Thumb Code     0  ffixi.o(.text)
    _ffix                                    0x00000e91   Thumb Code    76  ffixi.o(.text)
    __aeabi_f2uiz                            0x00000edd   Thumb Code     0  ffixui.o(.text)
    _ffixu                                   0x00000edd   Thumb Code    48  ffixui.o(.text)
    __aeabi_i2f_normalise                    0x00000f0d   Thumb Code    72  fflti.o(.text)
    __aeabi_i2f                              0x00000f55   Thumb Code    16  fflti.o(.text)
    _fflt                                    0x00000f55   Thumb Code     0  fflti.o(.text)
    __aeabi_ui2f                             0x00000f65   Thumb Code     6  fflti.o(.text)
    _ffltu                                   0x00000f65   Thumb Code     0  fflti.o(.text)
    __read_errno                             0x00000f6b   Thumb Code    10  _rserrno.o(.text)
    __set_errno                              0x00000f75   Thumb Code    12  _rserrno.o(.text)
    _printf_int_common                       0x00000f81   Thumb Code   176  _printf_intcommon.o(.text)
    _printf_char_file                        0x00001031   Thumb Code    34  _printf_char_file.o(.text)
    _chval                                   0x00001059   Thumb Code    30  _chval.o(.text)
    __vfscanf_char                           0x00001085   Thumb Code    28  scanf_char.o(.text)
    _sgetc                                   0x000010a9   Thumb Code    32  _sgetc.o(.text)
    _sbackspace                              0x000010c9   Thumb Code    36  _sgetc.o(.text)
    __rt_udiv10                              0x000010ed   Thumb Code    40  rtudiv10.o(.text)
    _frnd                                    0x00001115   Thumb Code   122  frnd.o(.text)
    _fsqrt                                   0x00001195   Thumb Code   140  fsqrt.o(.text)
    __aeabi_errno_addr                       0x00001225   Thumb Code     8  rt_errno_addr_intlibspace.o(.text)
    __errno$intlibspace                      0x00001225   Thumb Code     0  rt_errno_addr_intlibspace.o(.text)
    __rt_errno_addr$intlibspace              0x00001225   Thumb Code     0  rt_errno_addr_intlibspace.o(.text)
    isspace                                  0x0000122d   Thumb Code    18  isspace.o(.text)
    _printf_char_common                      0x0000124b   Thumb Code    32  _printf_char_common.o(.text)
    __vfscanf                                0x00001271   Thumb Code   880  _scanf.o(.text)
    ferror                                   0x000015f1   Thumb Code     8  ferror.o(.text)
    __fpl_fcmp_InfNaN                        0x000015f9   Thumb Code    96  fcmpin.o(.text)
    __ARM_scalbnf                            0x0000165d   Thumb Code    64  fscalbn.o(.text)
    __user_libspace                          0x000016a1   Thumb Code     8  libspace.o(.text)
    __user_perproc_libspace                  0x000016a1   Thumb Code     0  libspace.o(.text)
    __user_perthread_libspace                0x000016a1   Thumb Code     0  libspace.o(.text)
    __user_setup_stackheap                   0x000016a9   Thumb Code    62  sys_stackheap_outer.o(.text)
    __rt_ctype_table                         0x000016e9   Thumb Code    16  rt_ctype_table.o(.text)
    exit                                     0x000016f9   Thumb Code    16  exit.o(.text)
    __fpl_cmpreturn                          0x00001709   Thumb Code    46  cmpret.o(.text)
    __fpl_fcheck_NaN2                        0x00001739   Thumb Code    10  fnan2.o(.text)
    __rt_locale                              0x00001749   Thumb Code     8  rt_locale_intlibspace.o(.text)
    __fpl_return_NaN                         0x00001751   Thumb Code    94  retnan.o(.text)
    strcmp                                   0x000017b1   Thumb Code   176  strcmpv6m.o(.text)
    AO_Control                               0x00001861   Thumb Code    60  tb6612.o(.text.AO_Control)
    BO_Control                               0x0000189d   Thumb Code    60  tb6612.o(.text.BO_Control)
    CO_Control                               0x000018e5   Thumb Code    60  tb6612.o(.text.CO_Control)
    DL_Common_delayCycles                    0x00001949   Thumb Code    10  dl_common.o(.text.DL_Common_delayCycles)
    DL_I2C_fillControllerTXFIFO              0x00001953   Thumb Code   128  dl_i2c.o(.text.DL_I2C_fillControllerTXFIFO)
    DL_I2C_setClockConfig                    0x000019d3   Thumb Code    38  dl_i2c.o(.text.DL_I2C_setClockConfig)
    DL_TimerA_initPWMMode                    0x000019f9   Thumb Code   120  dl_timer.o(.text.DL_TimerA_initPWMMode)
    DL_Timer_initPWMMode                     0x00001a7d   Thumb Code   188  dl_timer.o(.text.DL_Timer_initPWMMode)
    DL_Timer_initTimerMode                   0x00001b51   Thumb Code   224  dl_timer.o(.text.DL_Timer_initTimerMode)
    DL_Timer_setCaptCompUpdateMethod         0x00001c3d   Thumb Code    24  dl_timer.o(.text.DL_Timer_setCaptCompUpdateMethod)
    DL_Timer_setCaptureCompareOutCtl         0x00001c59   Thumb Code    20  dl_timer.o(.text.DL_Timer_setCaptureCompareOutCtl)
    DL_Timer_setCaptureCompareValue          0x00001c71   Thumb Code    12  dl_timer.o(.text.DL_Timer_setCaptureCompareValue)
    DL_Timer_setClockConfig                  0x00001c81   Thumb Code    24  dl_timer.o(.text.DL_Timer_setClockConfig)
    DL_UART_init                             0x00001c9d   Thumb Code    64  dl_uart.o(.text.DL_UART_init)
    DL_UART_setClockConfig                   0x00001ce5   Thumb Code    18  dl_uart.o(.text.DL_UART_setClockConfig)
    DO_Control                               0x00001cf9   Thumb Code    60  tb6612.o(.text.DO_Control)
    Encoder_Clearcount                       0x00001d5d   Thumb Code    20  encoder.o(.text.Encoder_Clearcount)
    Encoder_Getcount                         0x00001d71   Thumb Code    20  encoder.o(.text.Encoder_Getcount)
    Encoder_Getcountdistance                 0x00001d95   Thumb Code    20  encoder.o(.text.Encoder_Getcountdistance)
    Encoder_Init                             0x00001db9   Thumb Code    32  encoder.o(.text.Encoder_Init)
    GROUP1_IRQHandler                        0x00001e01   Thumb Code   264  encoder.o(.text.GROUP1_IRQHandler)
    I2C_WaitAck                              0x00001f25   Thumb Code   112  jy61p.o(.text.I2C_WaitAck)
    PathSystem_Init                          0x00001f95   Thumb Code    44  inertial_guidance.o(.text.PathSystem_Init)
    Read_Byte                                0x00001fdd   Thumb Code   296  jy61p.o(.text.Read_Byte)
    SYSCFG_DL_GPIO_init                      0x00002111   Thumb Code   236  ti_msp_dl_config.o(.text.SYSCFG_DL_GPIO_init)
    SYSCFG_DL_I2C_1_init                     0x00002229   Thumb Code    72  ti_msp_dl_config.o(.text.SYSCFG_DL_I2C_1_init)
    SYSCFG_DL_PWM_0_init                     0x0000227d   Thumb Code   116  ti_msp_dl_config.o(.text.SYSCFG_DL_PWM_0_init)
    SYSCFG_DL_PWM_1_init                     0x00002301   Thumb Code   116  ti_msp_dl_config.o(.text.SYSCFG_DL_PWM_1_init)
    SYSCFG_DL_SYSCTL_init                    0x00002385   Thumb Code    40  ti_msp_dl_config.o(.text.SYSCFG_DL_SYSCTL_init)
    SYSCFG_DL_TIMER_0_init                   0x000023b9   Thumb Code    52  ti_msp_dl_config.o(.text.SYSCFG_DL_TIMER_0_init)
    SYSCFG_DL_TIMER_1_init                   0x00002405   Thumb Code    36  ti_msp_dl_config.o(.text.SYSCFG_DL_TIMER_1_init)
    SYSCFG_DL_TIMER_GD_init                  0x0000243d   Thumb Code    28  ti_msp_dl_config.o(.text.SYSCFG_DL_TIMER_GD_init)
    SYSCFG_DL_UART_0_init                    0x00002469   Thumb Code    88  ti_msp_dl_config.o(.text.SYSCFG_DL_UART_0_init)
    SYSCFG_DL_init                           0x000024d9   Thumb Code    68  ti_msp_dl_config.o(.text.SYSCFG_DL_init)
    SYSCFG_DL_initPower                      0x0000252d   Thumb Code    80  ti_msp_dl_config.o(.text.SYSCFG_DL_initPower)
    Send_Byte                                0x000025a9   Thumb Code   320  jy61p.o(.text.Send_Byte)
    TB6612_Motor_Stop                        0x000026f1   Thumb Code    40  tb6612.o(.text.TB6612_Motor_Stop)
    TIMA0_IRQHandler                         0x00002721   Thumb Code   400  inertial_guidance.o(.text.TIMA0_IRQHandler)
    TIMG0_IRQHandler                         0x000028f5   Thumb Code    80  encoder.o(.text.TIMG0_IRQHandler)
    TIMG7_IRQHandler                         0x00002959   Thumb Code   132  track.o(.text.TIMG7_IRQHandler)
    UART0_IRQHandler                         0x00002a0d   Thumb Code   112  usart.o(.text.UART0_IRQHandler)
    USART_Init                               0x00002aa9   Thumb Code    16  usart.o(.text.USART_Init)
    _sys_exit                                0x00002ac1   Thumb Code     2  usart.o(.text._sys_exit)
    deal_IRdata                              0x00002ac5   Thumb Code   292  grayscale.o(.text.deal_IRdata)
    delay_ms                                 0x00002c01   Thumb Code    14  delay.o(.text.delay_ms)
    delay_us                                 0x00002c0f   Thumb Code    10  delay.o(.text.delay_us)
    fputc                                    0x00002c19   Thumb Code    32  usart.o(.text.fputc)
    get_angle                                0x00002c3d   Thumb Code   252  jy61p.o(.text.get_angle)
    jy61pInit                                0x00002d5d   Thumb Code   156  jy61p.o(.text.jy61pInit)
    main                                     0x00002e01   Thumb Code    88  main.o(.text.main)
    motor_target_set                         0x00002e69   Thumb Code    48  pid.o(.text.motor_target_set)
    pid_cal                                  0x00002e99   Thumb Code   196  pid.o(.text.pid_cal)
    pid_control                              0x00002f5d   Thumb Code   204  pid.o(.text.pid_control)
    pid_init                                 0x0000303d   Thumb Code    14  pid.o(.text.pid_init)
    position_control                         0x0000304d   Thumb Code  1104  inertial_guidance.o(.text.position_control)
    readDataJy61p                            0x000034d1   Thumb Code   324  jy61p.o(.text.readDataJy61p)
    steering_control                         0x0000361d   Thumb Code   512  inertial_guidance.o(.text.steering_control)
    track                                    0x0000385d   Thumb Code   268  track.o(.text.track)
    track_init                               0x000039c9   Thumb Code    16  track.o(.text.track_init)
    writeDataJy61p                           0x000039e1   Thumb Code   180  jy61p.o(.text.writeDataJy61p)
    __ARM_common_ll_muluu                    0x00003a9d   Thumb Code    50  rredf.o(i.__ARM_common_ll_muluu)
    __ARM_fpclassifyf                        0x00003acf   Thumb Code    34  fpclassifyf.o(i.__ARM_fpclassifyf)
    __mathlib_flt_infnan                     0x00003af1   Thumb Code    10  funder.o(i.__mathlib_flt_infnan)
    __mathlib_flt_infnan2                    0x00003afb   Thumb Code     8  funder.o(i.__mathlib_flt_infnan2)
    __mathlib_flt_invalid                    0x00003b03   Thumb Code    12  funder.o(i.__mathlib_flt_invalid)
    __mathlib_flt_underflow                  0x00003b0f   Thumb Code    14  funder.o(i.__mathlib_flt_underflow)
    __mathlib_rredf2                         0x00003b1d   Thumb Code   366  rredf.o(i.__mathlib_rredf2)
    __aeabi_fcmpge                           0x00003c9d   Thumb Code     0  fcmp.o(i._fgeq)
    _fgeq                                    0x00003c9d   Thumb Code    22  fcmp.o(i._fgeq)
    __aeabi_fcmpgt                           0x00003cb3   Thumb Code     0  fcmp.o(i._fgr)
    _fgr                                     0x00003cb3   Thumb Code    22  fcmp.o(i._fgr)
    __aeabi_fcmple                           0x00003cc9   Thumb Code     0  fcmp.o(i._fleq)
    _fleq                                    0x00003cc9   Thumb Code    26  fcmp.o(i._fleq)
    __aeabi_fcmplt                           0x00003ce3   Thumb Code     0  fcmp.o(i._fls)
    _fls                                     0x00003ce3   Thumb Code    22  fcmp.o(i._fls)
    atan2f                                   0x00003cf9   Thumb Code   592  atan2f.o(i.atan2f)
    cosf                                     0x00003f95   Thumb Code   318  cosf.o(i.cosf)
    sinf                                     0x0000410d   Thumb Code   330  sinf.o(i.sinf)
    sqrtf                                    0x00004291   Thumb Code    44  sqrtf.o(i.sqrtf)
    _get_lc_ctype                            0x000042bd   Thumb Code    44  lc_ctype_c.o(locale$$code)
    __aeabi_fadd                             0x000042e9   Thumb Code     0  faddsub.o(x$fpl$fadd)
    _fadd                                    0x000042e9   Thumb Code   134  faddsub.o(x$fpl$fadd)
    _fcmpge                                  0x00004375   Thumb Code    78  fgef.o(x$fpl$fgeqf)
    __aeabi_cfcmple                          0x000043c9   Thumb Code     0  flef.o(x$fpl$fleqf)
    _fcmple                                  0x000043c9   Thumb Code    78  flef.o(x$fpl$fleqf)
    __aeabi_fmul                             0x0000441d   Thumb Code     0  fmul.o(x$fpl$fmul)
    _fmul                                    0x0000441d   Thumb Code   172  fmul.o(x$fpl$fmul)
    __aeabi_frsub                            0x000044cd   Thumb Code     0  faddsub.o(x$fpl$frsb)
    _frsb                                    0x000044cd   Thumb Code    24  faddsub.o(x$fpl$frsb)
    __aeabi_fsub                             0x000044e5   Thumb Code     0  faddsub.o(x$fpl$fsub)
    _fsub                                    0x000044e5   Thumb Code   204  faddsub.o(x$fpl$fsub)
    __I$use$fp                               0x000045b4   Number         0  usenofp.o(x$fpl$usenofp)
    Region$$Table$$Base                      0x00004728   Number         0  anon$$obj.o(Region$$Table)
    Region$$Table$$Limit                     0x00004748   Number         0  anon$$obj.o(Region$$Table)
    __ctype                                  0x00004755   Data           0  lc_ctype_c.o(locale$$data)
    deI                                      0x20200000   Data           4  main.o(.data.deI)
    deP                                      0x20200004   Data           4  main.o(.data.deP)
    motorA_dir                               0x20200008   Data           1  pid.o(.data.motorA_dir)
    motorB_dir                               0x20200009   Data           1  pid.o(.data.motorB_dir)
    sp                                       0x2020000c   Data           4  main.o(.data.sp)
    __libspace_start                         0x20200010   Data          96  libspace.o(.bss)
    __temporary_stack_top$libspace           0x20200070   Data           0  libspace.o(.bss)
    __stdout                                 0x202000b0   Data          84  usart.o(.bss.__stdout)
    accumulated_distance                     0x20200104   Data           4  inertial_guidance.o(.bss.accumulated_distance)
    current_mode                             0x20200108   Data           1  inertial_guidance.o(.bss.current_mode)
    current_position_x                       0x2020010c   Data           4  inertial_guidance.o(.bss.current_position_x)
    current_position_y                       0x20200110   Data           4  inertial_guidance.o(.bss.current_position_y)
    current_steering_angle                   0x20200114   Data           4  inertial_guidance.o(.bss.current_steering_angle)
    deD                                      0x20200118   Data           4  main.o(.bss.deD)
    gPWM_0Backup                             0x2020011c   Data         188  ti_msp_dl_config.o(.bss.gPWM_0Backup)
    gPWM_1Backup                             0x202001d8   Data         120  ti_msp_dl_config.o(.bss.gPWM_1Backup)
    gTIMER_1Backup                           0x20200250   Data         120  ti_msp_dl_config.o(.bss.gTIMER_1Backup)
    gTIMER_GDBackup                          0x202002c8   Data         188  ti_msp_dl_config.o(.bss.gTIMER_GDBackup)
    heading_error_integral                   0x20200384   Data           4  inertial_guidance.o(.bss.heading_error_integral)
    last_left_encoder                        0x20200388   Data           4  inertial_guidance.o(.bss.last_left_encoder)
    last_right_encoder                       0x2020038c   Data           4  inertial_guidance.o(.bss.last_right_encoder)
    mode2_flag                               0x20200398   Data           1  track.o(.bss.mode2_flag)
    motorA                                   0x2020039c   Data          52  pid.o(.bss.motorA)
    motorB                                   0x202003d0   Data          52  pid.o(.bss.motorB)
    po                                       0x20200404   Data           4  main.o(.bss.po)
    prev_heading_error                       0x20200408   Data           4  inertial_guidance.o(.bss.prev_heading_error)
    recv0_buff                               0x2020040c   Data         128  usart.o(.bss.recv0_buff)
    recv0_flag                               0x2020048c   Data           1  usart.o(.bss.recv0_flag)
    recv0_length                             0x2020048e   Data           2  usart.o(.bss.recv0_length)
    replay_index                             0x20200490   Data           4  inertial_guidance.o(.bss.replay_index)
    total_heading                            0x20200494   Data           4  inertial_guidance.o(.bss.total_heading)
    waypoints                                0x20200498   Data        2400  inertial_guidance.o(.bss.waypoints)
    wp_count                                 0x20200dfc   Data           4  inertial_guidance.o(.bss.wp_count)
    x1                                       0x20200e00   Data           1  track.o(.bss.x1)
    x2                                       0x20200e01   Data           1  track.o(.bss.x2)
    x3                                       0x20200e02   Data           1  track.o(.bss.x3)
    x4                                       0x20200e03   Data           1  track.o(.bss.x4)
    x5                                       0x20200e04   Data           1  track.o(.bss.x5)
    x6                                       0x20200e05   Data           1  track.o(.bss.x6)
    x7                                       0x20200e06   Data           1  track.o(.bss.x7)
    x8                                       0x20200e07   Data           1  track.o(.bss.x8)



==============================================================================

Memory Map of the image

  Image Entry point : 0x000000c1

  Load Region LR_IROM1 (Base: 0x00000000, Size: 0x00004868, Max: 0x00020000, ABSOLUTE)

    Execution Region ER_IROM1 (Exec base: 0x00000000, Load base: 0x00000000, Size: 0x00004858, Max: 0x00020000, ABSOLUTE)

    Exec Addr    Load Addr    Size         Type   Attr      Idx    E Section Name        Object

    0x00000000   0x00000000   0x000000c0   Data   RO           75    RESET               startup_mspm0g350x_uvision.o
    0x000000c0   0x000000c0   0x00000008   Code   RO         1112  * !!!main             c_p.l(__main.o)
    0x000000c8   0x000000c8   0x00000054   Code   RO         1439    !!!scatter          c_p.l(__scatter.o)
    0x0000011c   0x0000011c   0x00000004   PAD
    0x00000120   0x00000120   0x0000001a   Code   RO         1443    !!handler_copy      c_p.l(__scatter_copy.o)
    0x0000013a   0x0000013a   0x00000006   PAD
    0x00000140   0x00000140   0x00000002   Code   RO         1440    !!handler_null      c_p.l(__scatter.o)
    0x00000142   0x00000142   0x00000006   PAD
    0x00000148   0x00000148   0x0000001c   Code   RO         1445    !!handler_zi        c_p.l(__scatter_zi.o)
    0x00000164   0x00000164   0x00000002   Code   RO         1093    .ARM.Collect$$_printf_percent$$00000000  c_p.l(_printf_percent.o)
    0x00000166   0x00000166   0x0000000a   Code   RO         1092    .ARM.Collect$$_printf_percent$$00000009  c_p.l(_printf_d.o)
    0x00000170   0x00000170   0x00000004   Code   RO         1193    .ARM.Collect$$_printf_percent$$00000017  c_p.l(_printf_percent_end.o)
    0x00000174   0x00000174   0x00000002   Code   RO         1291    .ARM.Collect$$libinit$$00000000  c_p.l(libinit.o)
    0x00000176   0x00000176   0x00000000   Code   RO         1314    .ARM.Collect$$libinit$$00000002  c_p.l(libinit2.o)
    0x00000176   0x00000176   0x00000000   Code   RO         1316    .ARM.Collect$$libinit$$00000004  c_p.l(libinit2.o)
    0x00000176   0x00000176   0x00000000   Code   RO         1318    .ARM.Collect$$libinit$$00000006  c_p.l(libinit2.o)
    0x00000176   0x00000176   0x00000000   Code   RO         1321    .ARM.Collect$$libinit$$0000000C  c_p.l(libinit2.o)
    0x00000176   0x00000176   0x00000000   Code   RO         1323    .ARM.Collect$$libinit$$0000000E  c_p.l(libinit2.o)
    0x00000176   0x00000176   0x00000000   Code   RO         1325    .ARM.Collect$$libinit$$00000010  c_p.l(libinit2.o)
    0x00000176   0x00000176   0x00000006   Code   RO         1326    .ARM.Collect$$libinit$$00000011  c_p.l(libinit2.o)
    0x0000017c   0x0000017c   0x00000000   Code   RO         1328    .ARM.Collect$$libinit$$00000013  c_p.l(libinit2.o)
    0x0000017c   0x0000017c   0x0000000c   Code   RO         1329    .ARM.Collect$$libinit$$00000014  c_p.l(libinit2.o)
    0x00000188   0x00000188   0x00000000   Code   RO         1330    .ARM.Collect$$libinit$$00000015  c_p.l(libinit2.o)
    0x00000188   0x00000188   0x00000000   Code   RO         1332    .ARM.Collect$$libinit$$00000017  c_p.l(libinit2.o)
    0x00000188   0x00000188   0x00000000   Code   RO         1334    .ARM.Collect$$libinit$$00000019  c_p.l(libinit2.o)
    0x00000188   0x00000188   0x00000000   Code   RO         1336    .ARM.Collect$$libinit$$0000001B  c_p.l(libinit2.o)
    0x00000188   0x00000188   0x00000000   Code   RO         1338    .ARM.Collect$$libinit$$0000001D  c_p.l(libinit2.o)
    0x00000188   0x00000188   0x00000000   Code   RO         1340    .ARM.Collect$$libinit$$0000001F  c_p.l(libinit2.o)
    0x00000188   0x00000188   0x00000000   Code   RO         1342    .ARM.Collect$$libinit$$00000021  c_p.l(libinit2.o)
    0x00000188   0x00000188   0x00000000   Code   RO         1344    .ARM.Collect$$libinit$$00000023  c_p.l(libinit2.o)
    0x00000188   0x00000188   0x00000000   Code   RO         1346    .ARM.Collect$$libinit$$00000025  c_p.l(libinit2.o)
    0x00000188   0x00000188   0x00000000   Code   RO         1348    .ARM.Collect$$libinit$$00000027  c_p.l(libinit2.o)
    0x00000188   0x00000188   0x00000000   Code   RO         1352    .ARM.Collect$$libinit$$0000002E  c_p.l(libinit2.o)
    0x00000188   0x00000188   0x00000000   Code   RO         1354    .ARM.Collect$$libinit$$00000030  c_p.l(libinit2.o)
    0x00000188   0x00000188   0x00000000   Code   RO         1356    .ARM.Collect$$libinit$$00000032  c_p.l(libinit2.o)
    0x00000188   0x00000188   0x00000000   Code   RO         1358    .ARM.Collect$$libinit$$00000034  c_p.l(libinit2.o)
    0x00000188   0x00000188   0x00000002   Code   RO         1359    .ARM.Collect$$libinit$$00000035  c_p.l(libinit2.o)
    0x0000018a   0x0000018a   0x00000002   Code   RO         1391    .ARM.Collect$$libshutdown$$00000000  c_p.l(libshutdown.o)
    0x0000018c   0x0000018c   0x00000000   Code   RO         1422    .ARM.Collect$$libshutdown$$00000002  c_p.l(libshutdown2.o)
    0x0000018c   0x0000018c   0x00000000   Code   RO         1424    .ARM.Collect$$libshutdown$$00000004  c_p.l(libshutdown2.o)
    0x0000018c   0x0000018c   0x00000000   Code   RO         1427    .ARM.Collect$$libshutdown$$00000007  c_p.l(libshutdown2.o)
    0x0000018c   0x0000018c   0x00000000   Code   RO         1430    .ARM.Collect$$libshutdown$$0000000A  c_p.l(libshutdown2.o)
    0x0000018c   0x0000018c   0x00000000   Code   RO         1432    .ARM.Collect$$libshutdown$$0000000C  c_p.l(libshutdown2.o)
    0x0000018c   0x0000018c   0x00000000   Code   RO         1435    .ARM.Collect$$libshutdown$$0000000F  c_p.l(libshutdown2.o)
    0x0000018c   0x0000018c   0x00000002   Code   RO         1436    .ARM.Collect$$libshutdown$$00000010  c_p.l(libshutdown2.o)
    0x0000018e   0x0000018e   0x00000000   Code   RO         1182    .ARM.Collect$$rtentry$$00000000  c_p.l(__rtentry.o)
    0x0000018e   0x0000018e   0x00000000   Code   RO         1235    .ARM.Collect$$rtentry$$00000002  c_p.l(__rtentry2.o)
    0x0000018e   0x0000018e   0x00000006   Code   RO         1247    .ARM.Collect$$rtentry$$00000004  c_p.l(__rtentry4.o)
    0x00000194   0x00000194   0x00000000   Code   RO         1237    .ARM.Collect$$rtentry$$00000009  c_p.l(__rtentry2.o)
    0x00000194   0x00000194   0x00000004   Code   RO         1238    .ARM.Collect$$rtentry$$0000000A  c_p.l(__rtentry2.o)
    0x00000198   0x00000198   0x00000000   Code   RO         1240    .ARM.Collect$$rtentry$$0000000C  c_p.l(__rtentry2.o)
    0x00000198   0x00000198   0x00000008   Code   RO         1241    .ARM.Collect$$rtentry$$0000000D  c_p.l(__rtentry2.o)
    0x000001a0   0x000001a0   0x00000002   Code   RO         1297    .ARM.Collect$$rtexit$$00000000  c_p.l(rtexit.o)
    0x000001a2   0x000001a2   0x00000000   Code   RO         1363    .ARM.Collect$$rtexit$$00000002  c_p.l(rtexit2.o)
    0x000001a2   0x000001a2   0x00000004   Code   RO         1364    .ARM.Collect$$rtexit$$00000003  c_p.l(rtexit2.o)
    0x000001a6   0x000001a6   0x00000006   Code   RO         1365    .ARM.Collect$$rtexit$$00000004  c_p.l(rtexit2.o)
    0x000001ac   0x000001ac   0x00000030   Code   RO           76    .text               startup_mspm0g350x_uvision.o
    0x000001dc   0x000001dc   0x0000001c   Code   RO         1066    .text               c_p.l(noretval__2printf.o)
    0x000001f8   0x000001f8   0x0000006c   Code   RO         1068    .text               c_p.l(__printf.o)
    0x00000264   0x00000264   0x0000006c   Code   RO         1070    .text               c_p.l(_printf_dec.o)
    0x000002d0   0x000002d0   0x00000040   Code   RO         1094    .text               c_p.l(__0sscanf.o)
    0x00000310   0x00000310   0x0000014a   Code   RO         1096    .text               c_p.l(_scanf_int.o)
    0x0000045a   0x0000045a   0x000000e8   Code   RO         1098    .text               c_p.l(_scanf_str.o)
    0x00000542   0x00000542   0x00000002   PAD
    0x00000544   0x00000544   0x0000002c   Code   RO         1100    .text               c_p.l(puts.o)
    0x00000570   0x00000570   0x00000006   Code   RO         1110    .text               c_p.l(heapauxi.o)
    0x00000576   0x00000576   0x00000002   PAD
    0x00000578   0x00000578   0x0000007c   Code   RO         1114    .text               fz_ps.l(d2f.o)
    0x000005f4   0x000005f4   0x00000448   Code   RO         1116    .text               fz_ps.l(ddiv.o)
    0x00000a3c   0x00000a3c   0x00000058   Code   RO         1119    .text               fz_ps.l(dflti.o)
    0x00000a94   0x00000a94   0x00000248   Code   RO         1121    .text               fz_ps.l(dmul.o)
    0x00000cdc   0x00000cdc   0x00000054   Code   RO         1123    .text               fz_ps.l(f2d.o)
    0x00000d30   0x00000d30   0x00000160   Code   RO         1155    .text               fz_ps.l(fdiv.o)
    0x00000e90   0x00000e90   0x0000004c   Code   RO         1158    .text               fz_ps.l(ffixi.o)
    0x00000edc   0x00000edc   0x00000030   Code   RO         1160    .text               fz_ps.l(ffixui.o)
    0x00000f0c   0x00000f0c   0x0000005e   Code   RO         1162    .text               fz_ps.l(fflti.o)
    0x00000f6a   0x00000f6a   0x00000016   Code   RO         1187    .text               c_p.l(_rserrno.o)
    0x00000f80   0x00000f80   0x000000b0   Code   RO         1189    .text               c_p.l(_printf_intcommon.o)
    0x00001030   0x00001030   0x00000028   Code   RO         1191    .text               c_p.l(_printf_char_file.o)
    0x00001058   0x00001058   0x0000001e   Code   RO         1194    .text               c_p.l(_chval.o)
    0x00001076   0x00001076   0x00000002   PAD
    0x00001078   0x00001078   0x00000030   Code   RO         1196    .text               c_p.l(scanf_char.o)
    0x000010a8   0x000010a8   0x00000044   Code   RO         1198    .text               c_p.l(_sgetc.o)
    0x000010ec   0x000010ec   0x00000028   Code   RO         1200    .text               c_p.l(rtudiv10.o)
    0x00001114   0x00001114   0x00000080   Code   RO         1208    .text               fz_ps.l(frnd.o)
    0x00001194   0x00001194   0x00000090   Code   RO         1210    .text               fz_ps.l(fsqrt.o)
    0x00001224   0x00001224   0x00000008   Code   RO         1254    .text               c_p.l(rt_errno_addr_intlibspace.o)
    0x0000122c   0x0000122c   0x00000012   Code   RO         1256    .text               c_p.l(isspace.o)
    0x0000123e   0x0000123e   0x00000002   PAD
    0x00001240   0x00001240   0x00000030   Code   RO         1258    .text               c_p.l(_printf_char_common.o)
    0x00001270   0x00001270   0x00000380   Code   RO         1260    .text               c_p.l(_scanf.o)
    0x000015f0   0x000015f0   0x00000008   Code   RO         1262    .text               c_p.l(ferror.o)
    0x000015f8   0x000015f8   0x00000064   Code   RO         1266    .text               fz_ps.l(fcmpin.o)
    0x0000165c   0x0000165c   0x00000044   Code   RO         1268    .text               fz_ps.l(fscalbn.o)
    0x000016a0   0x000016a0   0x00000008   Code   RO         1270    .text               c_p.l(libspace.o)
    0x000016a8   0x000016a8   0x0000003e   Code   RO         1273    .text               c_p.l(sys_stackheap_outer.o)
    0x000016e6   0x000016e6   0x00000002   PAD
    0x000016e8   0x000016e8   0x00000010   Code   RO         1276    .text               c_p.l(rt_ctype_table.o)
    0x000016f8   0x000016f8   0x00000010   Code   RO         1280    .text               c_p.l(exit.o)
    0x00001708   0x00001708   0x0000002e   Code   RO         1292    .text               fz_ps.l(cmpret.o)
    0x00001736   0x00001736   0x00000002   PAD
    0x00001738   0x00001738   0x00000010   Code   RO         1294    .text               fz_ps.l(fnan2.o)
    0x00001748   0x00001748   0x00000008   Code   RO         1304    .text               c_p.l(rt_locale_intlibspace.o)
    0x00001750   0x00001750   0x0000005e   Code   RO         1360    .text               fz_ps.l(retnan.o)
    0x000017ae   0x000017ae   0x00000002   PAD
    0x000017b0   0x000017b0   0x000000b0   Code   RO         1373    .text               c_p.l(strcmpv6m.o)
    0x00001860   0x00001860   0x0000003c   Code   RO           93    .text.AO_Control    tb6612.o
    0x0000189c   0x0000189c   0x00000048   Code   RO           95    .text.BO_Control    tb6612.o
    0x000018e4   0x000018e4   0x00000064   Code   RO           97    .text.CO_Control    tb6612.o
    0x00001948   0x00001948   0x0000000a   Code   RO          384    .text.DL_Common_delayCycles  dl_common.o
    0x00001952   0x00001952   0x00000080   Code   RO          604    .text.DL_I2C_fillControllerTXFIFO  dl_i2c.o
    0x000019d2   0x000019d2   0x00000026   Code   RO          600    .text.DL_I2C_setClockConfig  dl_i2c.o
    0x000019f8   0x000019f8   0x00000084   Code   RO          976    .text.DL_TimerA_initPWMMode  dl_timer.o
    0x00001a7c   0x00001a7c   0x000000d4   Code   RO          920    .text.DL_Timer_initPWMMode  dl_timer.o
    0x00001b50   0x00001b50   0x000000ec   Code   RO          902    .text.DL_Timer_initTimerMode  dl_timer.o
    0x00001c3c   0x00001c3c   0x0000001c   Code   RO          950    .text.DL_Timer_setCaptCompUpdateMethod  dl_timer.o
    0x00001c58   0x00001c58   0x00000018   Code   RO          924    .text.DL_Timer_setCaptureCompareOutCtl  dl_timer.o
    0x00001c70   0x00001c70   0x00000010   Code   RO          904    .text.DL_Timer_setCaptureCompareValue  dl_timer.o
    0x00001c80   0x00001c80   0x0000001c   Code   RO          898    .text.DL_Timer_setClockConfig  dl_timer.o
    0x00001c9c   0x00001c9c   0x00000048   Code   RO         1009    .text.DL_UART_init  dl_uart.o
    0x00001ce4   0x00001ce4   0x00000012   Code   RO         1011    .text.DL_UART_setClockConfig  dl_uart.o
    0x00001cf6   0x00001cf6   0x00000002   PAD
    0x00001cf8   0x00001cf8   0x00000064   Code   RO           99    .text.DO_Control    tb6612.o
    0x00001d5c   0x00001d5c   0x00000014   Code   RO          116    .text.Encoder_Clearcount  encoder.o
    0x00001d70   0x00001d70   0x00000024   Code   RO          112    .text.Encoder_Getcount  encoder.o
    0x00001d94   0x00001d94   0x00000024   Code   RO          114    .text.Encoder_Getcountdistance  encoder.o
    0x00001db8   0x00001db8   0x00000048   Code   RO          110    .text.Encoder_Init  encoder.o
    0x00001e00   0x00001e00   0x00000124   Code   RO          118    .text.GROUP1_IRQHandler  encoder.o
    0x00001f24   0x00001f24   0x00000070   Code   RO          168    .text.I2C_WaitAck   jy61p.o
    0x00001f94   0x00001f94   0x00000048   Code   RO          281    .text.PathSystem_Init  inertial_guidance.o
    0x00001fdc   0x00001fdc   0x00000134   Code   RO          172    .text.Read_Byte     jy61p.o
    0x00002110   0x00002110   0x00000118   Code   RO           27    .text.SYSCFG_DL_GPIO_init  ti_msp_dl_config.o
    0x00002228   0x00002228   0x00000054   Code   RO           41    .text.SYSCFG_DL_I2C_1_init  ti_msp_dl_config.o
    0x0000227c   0x0000227c   0x00000084   Code   RO           31    .text.SYSCFG_DL_PWM_0_init  ti_msp_dl_config.o
    0x00002300   0x00002300   0x00000084   Code   RO           33    .text.SYSCFG_DL_PWM_1_init  ti_msp_dl_config.o
    0x00002384   0x00002384   0x00000034   Code   RO           29    .text.SYSCFG_DL_SYSCTL_init  ti_msp_dl_config.o
    0x000023b8   0x000023b8   0x0000004c   Code   RO           35    .text.SYSCFG_DL_TIMER_0_init  ti_msp_dl_config.o
    0x00002404   0x00002404   0x00000038   Code   RO           39    .text.SYSCFG_DL_TIMER_1_init  ti_msp_dl_config.o
    0x0000243c   0x0000243c   0x0000002c   Code   RO           37    .text.SYSCFG_DL_TIMER_GD_init  ti_msp_dl_config.o
    0x00002468   0x00002468   0x00000070   Code   RO           43    .text.SYSCFG_DL_UART_0_init  ti_msp_dl_config.o
    0x000024d8   0x000024d8   0x00000054   Code   RO           23    .text.SYSCFG_DL_init  ti_msp_dl_config.o
    0x0000252c   0x0000252c   0x0000007c   Code   RO           25    .text.SYSCFG_DL_initPower  ti_msp_dl_config.o
    0x000025a8   0x000025a8   0x00000148   Code   RO          170    .text.Send_Byte     jy61p.o
    0x000026f0   0x000026f0   0x00000030   Code   RO           91    .text.TB6612_Motor_Stop  tb6612.o
    0x00002720   0x00002720   0x000001d4   Code   RO          283    .text.TIMA0_IRQHandler  inertial_guidance.o
    0x000028f4   0x000028f4   0x00000064   Code   RO          120    .text.TIMG0_IRQHandler  encoder.o
    0x00002958   0x00002958   0x000000b4   Code   RO          258    .text.TIMG7_IRQHandler  track.o
    0x00002a0c   0x00002a0c   0x0000009c   Code   RO          211    .text.UART0_IRQHandler  usart.o
    0x00002aa8   0x00002aa8   0x00000018   Code   RO          199    .text.USART_Init    usart.o
    0x00002ac0   0x00002ac0   0x00000002   Code   RO          207    .text._sys_exit     usart.o
    0x00002ac2   0x00002ac2   0x00000002   PAD
    0x00002ac4   0x00002ac4   0x0000013c   Code   RO          138    .text.deal_IRdata   grayscale.o
    0x00002c00   0x00002c00   0x0000000e   Code   RO          187    .text.delay_ms      delay.o
    0x00002c0e   0x00002c0e   0x0000000a   Code   RO          189    .text.delay_us      delay.o
    0x00002c18   0x00002c18   0x00000024   Code   RO          209    .text.fputc         usart.o
    0x00002c3c   0x00002c3c   0x00000120   Code   RO          176    .text.get_angle     jy61p.o
    0x00002d5c   0x00002d5c   0x000000a4   Code   RO          158    .text.jy61pInit     jy61p.o
    0x00002e00   0x00002e00   0x00000068   Code   RO            4    .text.main          main.o
    0x00002e68   0x00002e68   0x00000030   Code   RO          229    .text.motor_target_set  pid.o
    0x00002e98   0x00002e98   0x000000c4   Code   RO          233    .text.pid_cal       pid.o
    0x00002f5c   0x00002f5c   0x000000e0   Code   RO          231    .text.pid_control   pid.o
    0x0000303c   0x0000303c   0x0000000e   Code   RO          227    .text.pid_init      pid.o
    0x0000304a   0x0000304a   0x00000002   PAD
    0x0000304c   0x0000304c   0x00000484   Code   RO          291    .text.position_control  inertial_guidance.o
    0x000034d0   0x000034d0   0x0000014c   Code   RO          174    .text.readDataJy61p  jy61p.o
    0x0000361c   0x0000361c   0x00000240   Code   RO          297    .text.steering_control  inertial_guidance.o
    0x0000385c   0x0000385c   0x0000016c   Code   RO          260    .text.track         track.o
    0x000039c8   0x000039c8   0x00000018   Code   RO          254    .text.track_init    track.o
    0x000039e0   0x000039e0   0x000000bc   Code   RO          160    .text.writeDataJy61p  jy61p.o
    0x00003a9c   0x00003a9c   0x00000032   Code   RO         1232    i.__ARM_common_ll_muluu  m_ps.l(rredf.o)
    0x00003ace   0x00003ace   0x00000022   Code   RO         1213    i.__ARM_fpclassifyf  m_ps.l(fpclassifyf.o)
    0x00003af0   0x00003af0   0x0000000a   Code   RO         1216    i.__mathlib_flt_infnan  m_ps.l(funder.o)
    0x00003afa   0x00003afa   0x00000008   Code   RO         1217    i.__mathlib_flt_infnan2  m_ps.l(funder.o)
    0x00003b02   0x00003b02   0x0000000c   Code   RO         1218    i.__mathlib_flt_invalid  m_ps.l(funder.o)
    0x00003b0e   0x00003b0e   0x0000000e   Code   RO         1221    i.__mathlib_flt_underflow  m_ps.l(funder.o)
    0x00003b1c   0x00003b1c   0x00000180   Code   RO         1229    i.__mathlib_rredf2  m_ps.l(rredf.o)
    0x00003c9c   0x00003c9c   0x00000016   Code   RO         1138    i._fgeq             fz_ps.l(fcmp.o)
    0x00003cb2   0x00003cb2   0x00000016   Code   RO         1139    i._fgr              fz_ps.l(fcmp.o)
    0x00003cc8   0x00003cc8   0x0000001a   Code   RO         1140    i._fleq             fz_ps.l(fcmp.o)
    0x00003ce2   0x00003ce2   0x00000016   Code   RO         1141    i._fls              fz_ps.l(fcmp.o)
    0x00003cf8   0x00003cf8   0x0000029c   Code   RO         1167    i.atan2f            m_ps.l(atan2f.o)
    0x00003f94   0x00003f94   0x00000178   Code   RO         1171    i.cosf              m_ps.l(cosf.o)
    0x0000410c   0x0000410c   0x00000184   Code   RO         1175    i.sinf              m_ps.l(sinf.o)
    0x00004290   0x00004290   0x0000002c   Code   RO         1179    i.sqrtf             m_ps.l(sqrtf.o)
    0x000042bc   0x000042bc   0x0000002c   Code   RO         1307    locale$$code        c_p.l(lc_ctype_c.o)
    0x000042e8   0x000042e8   0x0000008c   Code   RO         1125    x$fpl$fadd          fz_ps.l(faddsub.o)
    0x00004374   0x00004374   0x00000054   Code   RO         1204    x$fpl$fgeqf         fz_ps.l(fgef.o)
    0x000043c8   0x000043c8   0x00000054   Code   RO         1206    x$fpl$fleqf         fz_ps.l(flef.o)
    0x0000441c   0x0000441c   0x000000b0   Code   RO         1164    x$fpl$fmul          fz_ps.l(fmul.o)
    0x000044cc   0x000044cc   0x00000018   Code   RO         1126    x$fpl$frsb          fz_ps.l(faddsub.o)
    0x000044e4   0x000044e4   0x000000d0   Code   RO         1127    x$fpl$fsub          fz_ps.l(faddsub.o)
    0x000045b4   0x000045b4   0x00000000   Code   RO         1212    x$fpl$usenofp       fz_ps.l(usenofp.o)
    0x000045b4   0x000045b4   0x00000080   Data   RO         1117    .constdata          fz_ps.l(ddiv.o)
    0x00004634   0x00004634   0x00000040   Data   RO         1156    .constdata          fz_ps.l(fdiv.o)
    0x00004674   0x00004674   0x00000020   Data   RO         1230    .constdata          m_ps.l(rredf.o)
    0x00004694   0x00004694   0x00000002   Data   RO           63    .rodata.gI2C_1ClockConfig  ti_msp_dl_config.o
    0x00004696   0x00004696   0x00000003   Data   RO           53    .rodata.gPWM_0ClockConfig  ti_msp_dl_config.o
    0x00004699   0x00004699   0x00000003   PAD
    0x0000469c   0x0000469c   0x00000008   Data   RO           54    .rodata.gPWM_0Config  ti_msp_dl_config.o
    0x000046a4   0x000046a4   0x00000003   Data   RO           55    .rodata.gPWM_1ClockConfig  ti_msp_dl_config.o
    0x000046a7   0x000046a7   0x00000001   PAD
    0x000046a8   0x000046a8   0x00000008   Data   RO           56    .rodata.gPWM_1Config  ti_msp_dl_config.o
    0x000046b0   0x000046b0   0x00000003   Data   RO           57    .rodata.gTIMER_0ClockConfig  ti_msp_dl_config.o
    0x000046b3   0x000046b3   0x00000001   PAD
    0x000046b4   0x000046b4   0x00000014   Data   RO           58    .rodata.gTIMER_0TimerConfig  ti_msp_dl_config.o
    0x000046c8   0x000046c8   0x00000003   Data   RO           61    .rodata.gTIMER_1ClockConfig  ti_msp_dl_config.o
    0x000046cb   0x000046cb   0x00000001   PAD
    0x000046cc   0x000046cc   0x00000014   Data   RO           62    .rodata.gTIMER_1TimerConfig  ti_msp_dl_config.o
    0x000046e0   0x000046e0   0x00000003   Data   RO           59    .rodata.gTIMER_GDClockConfig  ti_msp_dl_config.o
    0x000046e3   0x000046e3   0x00000001   PAD
    0x000046e4   0x000046e4   0x00000014   Data   RO           60    .rodata.gTIMER_GDTimerConfig  ti_msp_dl_config.o
    0x000046f8   0x000046f8   0x00000002   Data   RO           64    .rodata.gUART_0ClockConfig  ti_msp_dl_config.o
    0x000046fa   0x000046fa   0x0000000a   Data   RO           65    .rodata.gUART_0Config  ti_msp_dl_config.o
    0x00004704   0x00004704   0x00000020   Data   RO          101    .rodata.str1.1      tb6612.o
    0x00004724   0x00004724   0x00000004   PAD
    0x00004728   0x00004728   0x00000020   Data   RO         1438    Region$$Table       anon$$obj.o
    0x00004748   0x00004748   0x00000110   Data   RO         1306    locale$$data        c_p.l(lc_ctype_c.o)


    Execution Region RW_IRAM2 (Exec base: 0x20200000, Load base: 0x00004858, Size: 0x00001008, Max: 0x00008000, ABSOLUTE)

    Exec Addr    Load Addr    Size         Type   Attr      Idx    E Section Name        Object

    0x20200000   0x00004858   0x00000004   Data   RW            7    .data.deI           main.o
    0x20200004   0x0000485c   0x00000004   Data   RW            6    .data.deP           main.o
    0x20200008   0x00004860   0x00000001   Data   RW          237    .data.motorA_dir    pid.o
    0x20200009   0x00004861   0x00000001   Data   RW          238    .data.motorB_dir    pid.o
    0x2020000a   0x00004862   0x00000002   PAD
    0x2020000c   0x00004864   0x00000004   Data   RW           13    .data.sp            main.o
    0x20200010        -       0x00000060   Zero   RW         1271    .bss                c_p.l(libspace.o)
    0x20200070        -       0x0000000c   Zero   RW          122    .bss.Encoder_A      encoder.o
    0x2020007c        -       0x0000000c   Zero   RW          123    .bss.Encoder_B      encoder.o
    0x20200088        -       0x0000000c   Zero   RW          124    .bss.Encoder_C      encoder.o
    0x20200094        -       0x0000000c   Zero   RW          125    .bss.Encoder_D      encoder.o
    0x202000a0        -       0x0000000c   Zero   RW          178    .bss.Gyro_Structure  jy61p.o
    0x202000ac        -       0x00000004   Zero   RW          326    .bss.Yaw            inertial_guidance.o
    0x202000b0        -       0x00000054   Zero   RW          216    .bss.__stdout       usart.o
    0x20200104        -       0x00000004   Zero   RW          316    .bss.accumulated_distance  inertial_guidance.o
    0x20200108        -       0x00000001   Zero   RW          313    .bss.current_mode   inertial_guidance.o
    0x20200109   0x00004868   0x00000003   PAD
    0x2020010c        -       0x00000004   Zero   RW          321    .bss.current_position_x  inertial_guidance.o
    0x20200110        -       0x00000004   Zero   RW          322    .bss.current_position_y  inertial_guidance.o
    0x20200114        -       0x00000004   Zero   RW          323    .bss.current_steering_angle  inertial_guidance.o
    0x20200118        -       0x00000004   Zero   RW            8    .bss.deD            main.o
    0x2020011c        -       0x000000bc   Zero   RW           49    .bss.gPWM_0Backup   ti_msp_dl_config.o
    0x202001d8        -       0x00000078   Zero   RW           50    .bss.gPWM_1Backup   ti_msp_dl_config.o
    0x20200250        -       0x00000078   Zero   RW           52    .bss.gTIMER_1Backup  ti_msp_dl_config.o
    0x202002c8        -       0x000000bc   Zero   RW           51    .bss.gTIMER_GDBackup  ti_msp_dl_config.o
    0x20200384        -       0x00000004   Zero   RW          320    .bss.heading_error_integral  inertial_guidance.o
    0x20200388        -       0x00000004   Zero   RW          314    .bss.last_left_encoder  inertial_guidance.o
    0x2020038c        -       0x00000004   Zero   RW          315    .bss.last_right_encoder  inertial_guidance.o
    0x20200390        -       0x00000001   Zero   RW          263    .bss.mode2_check.cur_mode2  track.o
    0x20200391   0x00004868   0x00000003   PAD
    0x20200394        -       0x00000004   Zero   RW          264    .bss.mode2_check.last_mode2  track.o
    0x20200398        -       0x00000001   Zero   RW          262    .bss.mode2_flag     track.o
    0x20200399   0x00004868   0x00000003   PAD
    0x2020039c        -       0x00000034   Zero   RW          242    .bss.motorA         pid.o
    0x202003d0        -       0x00000034   Zero   RW          243    .bss.motorB         pid.o
    0x20200404        -       0x00000004   Zero   RW           14    .bss.po             main.o
    0x20200408        -       0x00000004   Zero   RW          319    .bss.prev_heading_error  inertial_guidance.o
    0x2020040c        -       0x00000080   Zero   RW          213    .bss.recv0_buff     usart.o
    0x2020048c        -       0x00000001   Zero   RW          215    .bss.recv0_flag     usart.o
    0x2020048d   0x00004868   0x00000001   PAD
    0x2020048e        -       0x00000002   Zero   RW          214    .bss.recv0_length   usart.o
    0x20200490        -       0x00000004   Zero   RW          312    .bss.replay_index   inertial_guidance.o
    0x20200494        -       0x00000004   Zero   RW          317    .bss.total_heading  inertial_guidance.o
    0x20200498        -       0x00000960   Zero   RW          325    .bss.waypoints      inertial_guidance.o
    0x20200df8        -       0x00000004   Zero   RW          273    .bss.white_area_cnt  track.o
    0x20200dfc        -       0x00000004   Zero   RW          311    .bss.wp_count       inertial_guidance.o
    0x20200e00        -       0x00000001   Zero   RW          265    .bss.x1             track.o
    0x20200e01        -       0x00000001   Zero   RW          266    .bss.x2             track.o
    0x20200e02        -       0x00000001   Zero   RW          267    .bss.x3             track.o
    0x20200e03        -       0x00000001   Zero   RW          268    .bss.x4             track.o
    0x20200e04        -       0x00000001   Zero   RW          269    .bss.x5             track.o
    0x20200e05        -       0x00000001   Zero   RW          270    .bss.x6             track.o
    0x20200e06        -       0x00000001   Zero   RW          271    .bss.x7             track.o
    0x20200e07        -       0x00000001   Zero   RW          272    .bss.x8             track.o
    0x20200e08        -       0x00000100   Zero   RW           74    HEAP                startup_mspm0g350x_uvision.o
    0x20200f08        -       0x00000100   Zero   RW           73    STACK               startup_mspm0g350x_uvision.o



  Load Region LR_BCR (Base: 0x41c00000, Size: 0x00000000, Max: 0x00000100, ABSOLUTE)

    Execution Region BCR_CONFIG (Exec base: 0x41c00000, Load base: 0x41c00000, Size: 0x00000000, Max: 0x00000080, ABSOLUTE)

    **** No section assigned to this execution region ****



  Load Region LR_BSL (Base: 0x41c00100, Size: 0x00000000, Max: 0x00000100, ABSOLUTE)

    Execution Region BSL_CONFIG (Exec base: 0x41c00100, Load base: 0x41c00100, Size: 0x00000000, Max: 0x00000080, ABSOLUTE)

    **** No section assigned to this execution region ****


==============================================================================

Image component sizes


      Code (inc. data)   RO Data    RW Data    ZI Data      Debug   Object Name

        24          0          0          0          0        614   delay.o
        10          0          0          0          0        621   dl_common.o
       166          0          0          0          0       9468   dl_i2c.o
       676        204          0          0          0      36503   dl_timer.o
        90          8          0          0          0      14547   dl_uart.o
       556        120          0          0         48      10113   encoder.o
       316         24          0          0          0       8084   grayscale.o
      2272        232          0          0       2449       9929   inertial_guidance.o
      1720         80          0          0         12      14864   jy61p.o
       104         16          0         12          8       3930   main.o
       482         20          0          2        104       3017   pid.o
        48         22        192          0        512        680   startup_mspm0g350x_uvision.o
       380        100         32          0          0       7036   tb6612.o
      1176        244        105          0        616      35255   ti_msp_dl_config.o
       568        152          0          0         18       3273   track.o
       218         56          0          0        215       8845   usart.o

    ----------------------------------------------------------------------
      8812       1278        372         16       3992     166779   Object Totals
         0          0         32          0          0          0   (incl. Generated)
         6          0         11          2         10          0   (incl. Padding)

    ----------------------------------------------------------------------

      Code (inc. data)   RO Data    RW Data    ZI Data      Debug   Library Member Name

        64         10          0          0          0         84   __0sscanf.o
         8          0          0          0          0         68   __main.o
       108          0          0          0          0         76   __printf.o
         0          0          0          0          0          0   __rtentry.o
        12          0          0          0          0          0   __rtentry2.o
         6          0          0          0          0          0   __rtentry4.o
        86         10          0          0          0          0   __scatter.o
        26          0          0          0          0          0   __scatter_copy.o
        28          0          0          0          0          0   __scatter_zi.o
        30          0          0          0          0         60   _chval.o
        48          6          0          0          0         88   _printf_char_common.o
        40          6          0          0          0         72   _printf_char_file.o
        10          0          0          0          0          0   _printf_d.o
       108         18          0          0          0         76   _printf_dec.o
       176          0          0          0          0         84   _printf_intcommon.o
         2          0          0          0          0          0   _printf_percent.o
         4          0          0          0          0          0   _printf_percent_end.o
        22          0          0          0          0         92   _rserrno.o
       896         16          0          0          0         84   _scanf.o
       330          0          0          0          0         84   _scanf_int.o
       232          0          0          0          0         84   _scanf_str.o
        68          0          0          0          0         76   _sgetc.o
        16          0          0          0          0         68   exit.o
         8          0          0          0          0         60   ferror.o
         6          0          0          0          0        136   heapauxi.o
        18          0          0          0          0         68   isspace.o
        44         10        272          0          0         76   lc_ctype_c.o
         2          0          0          0          0          0   libinit.o
        20          0          0          0          0          0   libinit2.o
         2          0          0          0          0          0   libshutdown.o
         2          0          0          0          0          0   libshutdown2.o
         8          4          0          0         96         68   libspace.o
        28          6          0          0          0         84   noretval__2printf.o
        44          6          0          0          0         68   puts.o
        16          4          0          0          0         76   rt_ctype_table.o
         8          4          0          0          0         68   rt_errno_addr_intlibspace.o
         8          4          0          0          0         68   rt_locale_intlibspace.o
         2          0          0          0          0          0   rtexit.o
        10          0          0          0          0          0   rtexit2.o
        40          0          0          0          0         60   rtudiv10.o
        48          8          0          0          0         84   scanf_char.o
       176          4          0          0          0         80   strcmpv6m.o
        62          0          0          0          0         80   sys_stackheap_outer.o
        46          0          0          0          0         60   cmpret.o
       124          4          0          0          0         72   d2f.o
      1096         26        128          0          0        112   ddiv.o
        88          0          0          0          0         92   dflti.o
       584         26          0          0          0         84   dmul.o
        84          4          0          0          0         60   f2d.o
       372          8          0          0          0        240   faddsub.o
        92          0          0          0          0        272   fcmp.o
       100          4          0          0          0         68   fcmpin.o
       352         10         64          0          0         92   fdiv.o
        76          0          0          0          0         68   ffixi.o
        48          0          0          0          0         60   ffixui.o
        94          0          0          0          0         92   fflti.o
        84          4          0          0          0         76   fgef.o
        84          4          0          0          0         76   flef.o
       176          4          0          0          0         80   fmul.o
        16          6          0          0          0         68   fnan2.o
       128          6          0          0          0         68   frnd.o
        68          4          0          0          0         68   fscalbn.o
       144          4          0          0          0         72   fsqrt.o
        94          0          0          0          0         68   retnan.o
         0          0          0          0          0          0   usenofp.o
       668         76          0          0          0        120   atan2f.o
       376         58          0          0          0        104   cosf.o
        34          0          0          0          0         60   fpclassifyf.o
        44          0          0          0          0        272   funder.o
       434         18         32          0          0        168   rredf.o
       388         58          0          0          0        104   sinf.o
        44          0          0          0          0         72   sqrtf.o

    ----------------------------------------------------------------------
      8840        444        496          0         96       5020   Library Totals
        30          4          0          0          0          0   (incl. Padding)

    ----------------------------------------------------------------------

      Code (inc. data)   RO Data    RW Data    ZI Data      Debug   Library Name

      2872        116        272          0         96       2172   c_p.l
      3950        114        192          0          0       1948   fz_ps.l
      1988        210         32          0          0        900   m_ps.l

    ----------------------------------------------------------------------
      8840        444        496          0         96       5020   Library Totals

    ----------------------------------------------------------------------

==============================================================================


      Code (inc. data)   RO Data    RW Data    ZI Data      Debug   

     17652       1722        868         16       4088     168863   Grand Totals
     17652       1722        868         16       4088     168863   ELF Image Totals
     17652       1722        868         16          0          0   ROM Totals

==============================================================================

    Total RO  Size (Code + RO Data)                18520 (  18.09kB)
    Total RW  Size (RW Data + ZI Data)              4104 (   4.01kB)
    Total ROM Size (Code + RO Data + RW Data)      18536 (  18.10kB)

==============================================================================

