Component: Arm Compiler for Embedded 6.22 Tool: armlink [5ee90200]

==============================================================================

Section Cross References

    main.o(.text.main) refers to ti_msp_dl_config.o(.text.SYSCFG_DL_init) for SYSCFG_DL_init
    main.o(.text.main) refers to usart.o(.text.USART_Init) for USART_Init
    main.o(.text.main) refers to oled.o(.text.OLED_Init) for OLED_Init
    main.o(.text.main) refers to oled.o(.text.OLED_ColorTurn) for OLED_ColorTurn
    main.o(.text.main) refers to oled.o(.text.OLED_DisplayTurn) for OLED_DisplayTurn
    main.o(.text.main) refers to pid.o(.text.pid_init) for pid_init
    main.o(.text.main) refers to tb6612.o(.text.TB6612_Motor_Stop) for TB6612_Motor_Stop
    main.o(.text.main) refers to encoder.o(.text.Encoder_Init) for Encoder_Init
    main.o(.text.main) refers to pid.o(.text.motor_target_set) for motor_target_set
    main.o(.text.main) refers to delay.o(.text.delay_ms) for delay_ms
    main.o(.text.main) refers to pid.o(.text.send_wave) for send_wave
    main.o(.text.main) refers to main.o(.data.deI) for deI
    main.o(.text.main) refers to main.o(.data.deP) for deP
    main.o(.text.main) refers to main.o(.bss.deD) for deD
    main.o(.text.main) refers to pid.o(.bss.motorA) for motorA
    main.o(.text.main) refers to main.o(.data.poI) for poI
    main.o(.text.main) refers to main.o(.data.poP) for poP
    main.o(.text.main) refers to main.o(.bss.poD) for poD
    main.o(.text.main) refers to pid.o(.bss.motorB) for motorB
    main.o(.text.main) refers to main.o(.bss.po) for po
    main.o(.text.main) refers to main.o(.bss.sp) for sp
    main.o(.ARM.exidx.text.main) refers to main.o(.text.main) for [Anonymous Symbol]
    ti_msp_dl_config.o(.text.SYSCFG_DL_init) refers to ti_msp_dl_config.o(.text.SYSCFG_DL_initPower) for SYSCFG_DL_initPower
    ti_msp_dl_config.o(.text.SYSCFG_DL_init) refers to ti_msp_dl_config.o(.text.SYSCFG_DL_GPIO_init) for SYSCFG_DL_GPIO_init
    ti_msp_dl_config.o(.text.SYSCFG_DL_init) refers to ti_msp_dl_config.o(.text.SYSCFG_DL_SYSCTL_init) for SYSCFG_DL_SYSCTL_init
    ti_msp_dl_config.o(.text.SYSCFG_DL_init) refers to ti_msp_dl_config.o(.text.SYSCFG_DL_PWM_0_init) for SYSCFG_DL_PWM_0_init
    ti_msp_dl_config.o(.text.SYSCFG_DL_init) refers to ti_msp_dl_config.o(.text.SYSCFG_DL_PWM_1_init) for SYSCFG_DL_PWM_1_init
    ti_msp_dl_config.o(.text.SYSCFG_DL_init) refers to ti_msp_dl_config.o(.text.SYSCFG_DL_TIMER_0_init) for SYSCFG_DL_TIMER_0_init
    ti_msp_dl_config.o(.text.SYSCFG_DL_init) refers to ti_msp_dl_config.o(.text.SYSCFG_DL_UART_0_init) for SYSCFG_DL_UART_0_init
    ti_msp_dl_config.o(.text.SYSCFG_DL_init) refers to ti_msp_dl_config.o(.text.SYSCFG_DL_SPI_OLED_init) for SYSCFG_DL_SPI_OLED_init
    ti_msp_dl_config.o(.text.SYSCFG_DL_init) refers to ti_msp_dl_config.o(.bss.gPWM_1Backup) for gPWM_1Backup
    ti_msp_dl_config.o(.text.SYSCFG_DL_init) refers to ti_msp_dl_config.o(.bss.gPWM_0Backup) for gPWM_0Backup
    ti_msp_dl_config.o(.text.SYSCFG_DL_init) refers to ti_msp_dl_config.o(.bss.gSPI_OLEDBackup) for gSPI_OLEDBackup
    ti_msp_dl_config.o(.ARM.exidx.text.SYSCFG_DL_init) refers to ti_msp_dl_config.o(.text.SYSCFG_DL_init) for [Anonymous Symbol]
    ti_msp_dl_config.o(.text.SYSCFG_DL_initPower) refers to dl_common.o(.text.DL_Common_delayCycles) for DL_Common_delayCycles
    ti_msp_dl_config.o(.ARM.exidx.text.SYSCFG_DL_initPower) refers to ti_msp_dl_config.o(.text.SYSCFG_DL_initPower) for [Anonymous Symbol]
    ti_msp_dl_config.o(.ARM.exidx.text.SYSCFG_DL_GPIO_init) refers to ti_msp_dl_config.o(.text.SYSCFG_DL_GPIO_init) for [Anonymous Symbol]
    ti_msp_dl_config.o(.ARM.exidx.text.SYSCFG_DL_SYSCTL_init) refers to ti_msp_dl_config.o(.text.SYSCFG_DL_SYSCTL_init) for [Anonymous Symbol]
    ti_msp_dl_config.o(.text.SYSCFG_DL_PWM_0_init) refers to dl_timer.o(.text.DL_Timer_setClockConfig) for DL_Timer_setClockConfig
    ti_msp_dl_config.o(.text.SYSCFG_DL_PWM_0_init) refers to dl_timer.o(.text.DL_TimerA_initPWMMode) for DL_TimerA_initPWMMode
    ti_msp_dl_config.o(.text.SYSCFG_DL_PWM_0_init) refers to dl_timer.o(.text.DL_Timer_setCaptureCompareValue) for DL_Timer_setCaptureCompareValue
    ti_msp_dl_config.o(.text.SYSCFG_DL_PWM_0_init) refers to dl_timer.o(.text.DL_Timer_setCaptureCompareOutCtl) for DL_Timer_setCaptureCompareOutCtl
    ti_msp_dl_config.o(.text.SYSCFG_DL_PWM_0_init) refers to dl_timer.o(.text.DL_Timer_setCaptCompUpdateMethod) for DL_Timer_setCaptCompUpdateMethod
    ti_msp_dl_config.o(.text.SYSCFG_DL_PWM_0_init) refers to ti_msp_dl_config.o(.rodata.gPWM_0ClockConfig) for [Anonymous Symbol]
    ti_msp_dl_config.o(.text.SYSCFG_DL_PWM_0_init) refers to ti_msp_dl_config.o(.rodata.gPWM_0Config) for [Anonymous Symbol]
    ti_msp_dl_config.o(.ARM.exidx.text.SYSCFG_DL_PWM_0_init) refers to ti_msp_dl_config.o(.text.SYSCFG_DL_PWM_0_init) for [Anonymous Symbol]
    ti_msp_dl_config.o(.text.SYSCFG_DL_PWM_1_init) refers to dl_timer.o(.text.DL_Timer_setClockConfig) for DL_Timer_setClockConfig
[...]
    ../clib/angel/scatterp.s                 0x00000000   Number         0  __scatter.o ABSOLUTE
    ../clib/angel/startup.s                  0x00000000   Number         0  __main.o ABSOLUTE
    ../clib/angel/sys.s                      0x00000000   Number         0  sys_stackheap_outer.o ABSOLUTE
    ../clib/angel/sys.s                      0x00000000   Number         0  libspace.o ABSOLUTE
    ../clib/angel/sys.s                      0x00000000   Number         0  tempstk.o ABSOLUTE
    ../clib/angel/sys.s                      0x00000000   Number         0  use_no_semi.o ABSOLUTE
    ../clib/angel/sys.s                      0x00000000   Number         0  indicate_semi.o ABSOLUTE
    ../clib/angel/sysapp.c                   0x00000000   Number         0  sys_wrch.o ABSOLUTE
    ../clib/angel/sysapp.c                   0x00000000   Number         0  sys_wrch_hlt.o ABSOLUTE
    ../clib/angel/sysapp.c                   0x00000000   Number         0  sys_command.o ABSOLUTE
    ../clib/angel/sysapp.c                   0x00000000   Number         0  sys_command_hlt.o ABSOLUTE
    ../clib/armsys.c                         0x00000000   Number         0  argv_veneer.o ABSOLUTE
    ../clib/armsys.c                         0x00000000   Number         0  _get_argv_nomalloc.o ABSOLUTE
    ../clib/armsys.c                         0x00000000   Number         0  no_argv.o ABSOLUTE
    ../clib/ctype.c                          0x00000000   Number         0  isspace.o ABSOLUTE
    ../clib/division.s                       0x00000000   Number         0  aeabi_sdivfast.o ABSOLUTE
    ../clib/division.s                       0x00000000   Number         0  aeabi_sdivfast_div0.o ABSOLUTE
    ../clib/heapalloc.c                      0x00000000   Number         0  hrguard.o ABSOLUTE
    ../clib/heapaux.c                        0x00000000   Number         0  heapauxi.o ABSOLUTE
    ../clib/libinit.s                        0x00000000   Number         0  libinit.o ABSOLUTE
    ../clib/libinit.s                        0x00000000   Number         0  libinit2.o ABSOLUTE
    ../clib/libinit.s                        0x00000000   Number         0  libshutdown.o ABSOLUTE
    ../clib/libinit.s                        0x00000000   Number         0  libshutdown2.o ABSOLUTE
    ../clib/locale.s                         0x00000000   Number         0  lc_ctype_c.o ABSOLUTE
    ../clib/memcpset.s                       0x00000000   Number         0  strcmpv6m.o ABSOLUTE
    ../clib/scanf.c                          0x00000000   Number         0  __0sscanf.o ABSOLUTE
    ../clib/scanf.c                          0x00000000   Number         0  _scanf_int.o ABSOLUTE
    ../clib/scanf.c                          0x00000000   Number         0  _scanf_str.o ABSOLUTE
    ../clib/scanf.c                          0x00000000   Number         0  _chval.o ABSOLUTE
    ../clib/scanf.c                          0x00000000   Number         0  scanf_char.o ABSOLUTE
    ../clib/scanf.c                          0x00000000   Number         0  _sgetc.o ABSOLUTE
    ../clib/scanf.c                          0x00000000   Number         0  _scanf.o ABSOLUTE
    ../clib/signal.c                         0x00000000   Number         0  defsig_fpe_outer.o ABSOLUTE
    ../clib/signal.c                         0x00000000   Number         0  defsig_fpe_formal.o ABSOLUTE
    ../clib/signal.c                         0x00000000   Number         0  defsig_exit.o ABSOLUTE
    ../clib/signal.c                         0x00000000   Number         0  defsig_fpe_inner.o ABSOLUTE
    ../clib/signal.c                         0x00000000   Number         0  __raise.o ABSOLUTE
    ../clib/signal.c                         0x00000000   Number         0  defsig_general.o ABSOLUTE
    ../clib/signal.c                         0x00000000   Number         0  defsig_abrt_inner.o ABSOLUTE
    ../clib/signal.c                         0x00000000   Number         0  defsig_rtred_inner.o ABSOLUTE
    ../clib/signal.c                         0x00000000   Number         0  defsig_rtmem_inner.o ABSOLUTE
    ../clib/signal.c                         0x00000000   Number         0  defsig_rtmem_outer.o ABSOLUTE
    ../clib/signal.c                         0x00000000   Number         0  defsig_rtmem_formal.o ABSOLUTE
    ../clib/signal.c                         0x00000000   Number         0  defsig_stak_inner.o ABSOLUTE
    ../clib/signal.c                         0x00000000   Number         0  defsig_pvfn_inner.o ABSOLUTE
    ../clib/signal.c                         0x00000000   Number         0  defsig_cppl_inner.o ABSOLUTE
    ../clib/signal.c                         0x00000000   Number         0  defsig_segv_inner.o ABSOLUTE
    ../clib/signal.c                         0x00000000   Number         0  defsig_other.o ABSOLUTE
    ../clib/signal.s                         0x00000000   Number         0  defsig.o ABSOLUTE
    ../clib/stdio.c                          0x00000000   Number         0  puts.o ABSOLUTE
    ../clib/stdlib.c                         0x00000000   Number         0  exit.o ABSOLUTE
    ../fplib/cfplib/cmp.c                    0x00000000   Number         0  fcmp.o ABSOLUTE
    ../fplib/cfplib/cmpret.c                 0x00000000   Number         0  cmpret.o ABSOLUTE
    ../fplib/cfplib/fcmpin.c                 0x00000000   Number         0  fcmpin.o ABSOLUTE
    ../fplib/cfplib/ffix.c                   0x00000000   Number         0  ffixui.o ABSOLUTE
    ../fplib/cfplib/fflt.c                   0x00000000   Number         0  fflti.o ABSOLUTE
    ../fplib/cfplib/fpinit.c                 0x00000000   Number         0  fpinit.o ABSOLUTE
    ../fplib/cfplib/nan2.c                   0x00000000   Number         0  fnan2.o ABSOLUTE
    ../fplib/cfplib/retnan.c                 0x00000000   Number         0  retnan.o ABSOLUTE
    ../fplib/faddsub6m.s                     0x00000000   Number         0  faddsub.o ABSOLUTE
    ../fplib/feqf6m.s                        0x00000000   Number         0  feqf.o ABSOLUTE
    ../fplib/fgeqf6m.s                       0x00000000   Number         0  fgef.o ABSOLUTE
    ../fplib/fleqf6m.s                       0x00000000   Number         0  flef.o ABSOLUTE
    ../fplib/fmul6m.s                        0x00000000   Number         0  fmul.o ABSOLUTE
    ../fplib/usenofp.s                       0x00000000   Number         0  usenofp.o ABSOLUTE
    LED.c                                    0x00000000   Number         0  led.o ABSOLUTE
    dc.s                                     0x00000000   Number         0  dc.o ABSOLUTE
    delay.c                                  0x00000000   Number         0  delay.o ABSOLUTE
    dl_adc12.c                               0x00000000   Number         0  dl_adc12.o ABSOLUTE
    dl_aes.c                                 0x00000000   Number         0  dl_aes.o ABSOLUTE
    dl_aesadv.c                              0x00000000   Number         0  dl_aesadv.o ABSOLUTE
    dl_common.c                              0x00000000   Number         0  dl_common.o ABSOLUTE
    dl_crc.c                                 0x00000000   Number         0  dl_crc.o ABSOLUTE
    dl_crcp.c                                0x00000000   Number         0  dl_crcp.o ABSOLUTE
    dl_dac12.c                               0x00000000   Number         0  dl_dac12.o ABSOLUTE
    dl_dma.c                                 0x00000000   Number         0  dl_dma.o ABSOLUTE
    dl_flashctl.c                            0x00000000   Number         0  dl_flashctl.o ABSOLUTE
    dl_i2c.c                                 0x00000000   Number         0  dl_i2c.o ABSOLUTE
    dl_keystorectl.c                         0x00000000   Number         0  dl_keystorectl.o ABSOLUTE
    dl_lcd.c                                 0x00000000   Number         0  dl_lcd.o ABSOLUTE
    dl_lfss.c                                0x00000000   Number         0  dl_lfss.o ABSOLUTE
    dl_mathacl.c                             0x00000000   Number         0  dl_mathacl.o ABSOLUTE
    dl_mcan.c                                0x00000000   Number         0  dl_mcan.o ABSOLUTE
    dl_opa.c                                 0x00000000   Number         0  dl_opa.o ABSOLUTE
    dl_rtc_common.c                          0x00000000   Number         0  dl_rtc_common.o ABSOLUTE
    dl_spi.c                                 0x00000000   Number         0  dl_spi.o ABSOLUTE
    dl_timer.c                               0x00000000   Number         0  dl_timer.o ABSOLUTE
    dl_trng.c                                0x00000000   Number         0  dl_trng.o ABSOLUTE
    dl_uart.c                                0x00000000   Number         0  dl_uart.o ABSOLUTE
    dl_vref.c                                0x00000000   Number         0  dl_vref.o ABSOLUTE
    encoder.c                                0x00000000   Number         0  encoder.o ABSOLUTE
    main.c                                   0x00000000   Number         0  main.o ABSOLUTE
    oled.c                                   0x00000000   Number         0  oled.o ABSOLUTE
    pid.c                                    0x00000000   Number         0  pid.o ABSOLUTE
    startup_mspm0g350x_uvision.s             0x00000000   Number         0  startup_mspm0g350x_uvision.o ABSOLUTE
    tb6612.c                                 0x00000000   Number         0  tb6612.o ABSOLUTE
    ti_msp_dl_config.c                       0x00000000   Number         0  ti_msp_dl_config.o ABSOLUTE
    usart.c                                  0x00000000   Number         0  usart.o ABSOLUTE
    RESET                                    0x00000000   Section      192  startup_mspm0g350x_uvision.o(RESET)
    !!!main                                  0x000000c0   Section        8  __main.o(!!!main)
    !!!scatter                               0x000000c8   Section       84  __scatter.o(!!!scatter)
    !!handler_copy                           0x00000120   Section       26  __scatter_copy.o(!!handler_copy)
    !!handler_null                           0x00000140   Section        2  __scatter.o(!!handler_null)
    !!handler_zi                             0x00000148   Section       28  __scatter_zi.o(!!handler_zi)
    .ARM.Collect$$libinit$$00000000          0x00000164   Section        2  libinit.o(.ARM.Collect$$libinit$$00000000)
    .ARM.Collect$$libinit$$00000002          0x00000166   Section        0  libinit2.o(.ARM.Collect$$libinit$$00000002)
    .ARM.Collect$$libinit$$00000004          0x00000166   Section        0  libinit2.o(.ARM.Collect$$libinit$$00000004)
    .ARM.Collect$$libinit$$00000006          0x00000166   Section        0  libinit2.o(.ARM.Collect$$libinit$$00000006)
    .ARM.Collect$$libinit$$0000000C          0x00000166   Section        0  libinit2.o(.ARM.Collect$$libinit$$0000000C)
    .ARM.Collect$$libinit$$0000000E          0x00000166   Section        0  libinit2.o(.ARM.Collect$$libinit$$0000000E)
    .ARM.Collect$$libinit$$00000010          0x00000166   Section        0  libinit2.o(.ARM.Collect$$libinit$$00000010)
    .ARM.Collect$$libinit$$00000011          0x00000166   Section        6  libinit2.o(.ARM.Collect$$libinit$$00000011)
    .ARM.Collect$$libinit$$00000013          0x0000016c   Section        0  libinit2.o(.ARM.Collect$$libinit$$00000013)
    .ARM.Collect$$libinit$$00000014          0x0000016c   Section       12  libinit2.o(.ARM.Collect$$libinit$$00000014)
    .ARM.Collect$$libinit$$00000015          0x00000178   Section        0  libinit2.o(.ARM.Collect$$libinit$$00000015)
    .ARM.Collect$$libinit$$00000017          0x00000178   Section        0  libinit2.o(.ARM.Collect$$libinit$$00000017)
    .ARM.Collect$$libinit$$00000019          0x00000178   Section        0  libinit2.o(.ARM.Collect$$libinit$$00000019)
    .ARM.Collect$$libinit$$0000001B          0x00000178   Section        0  libinit2.o(.ARM.Collect$$libinit$$0000001B)
    .ARM.Collect$$libinit$$0000001D          0x00000178   Section        0  libinit2.o(.ARM.Collect$$libinit$$0000001D)
    .ARM.Collect$$libinit$$0000001F          0x00000178   Section        0  libinit2.o(.ARM.Collect$$libinit$$0000001F)
    .ARM.Collect$$libinit$$00000021          0x00000178   Section        0  libinit2.o(.ARM.Collect$$libinit$$00000021)
    .ARM.Collect$$libinit$$00000023          0x00000178   Section        0  libinit2.o(.ARM.Collect$$libinit$$00000023)
    .ARM.Collect$$libinit$$00000025          0x00000178   Section        0  libinit2.o(.ARM.Collect$$libinit$$00000025)
    .ARM.Collect$$libinit$$00000027          0x00000178   Section        0  libinit2.o(.ARM.Collect$$libinit$$00000027)
    .ARM.Collect$$libinit$$0000002E          0x00000178   Section        0  libinit2.o(.ARM.Collect$$libinit$$0000002E)
    .ARM.Collect$$libinit$$00000030          0x00000178   Section        0  libinit2.o(.ARM.Collect$$libinit$$00000030)
    .ARM.Collect$$libinit$$00000032          0x00000178   Section        0  libinit2.o(.ARM.Collect$$libinit$$00000032)
    .ARM.Collect$$libinit$$00000034          0x00000178   Section        0  libinit2.o(.ARM.Collect$$libinit$$00000034)
    .ARM.Collect$$libinit$$00000035          0x00000178   Section        2  libinit2.o(.ARM.Collect$$libinit$$00000035)
    .ARM.Collect$$libshutdown$$00000000      0x0000017a   Section        2  libshutdown.o(.ARM.Collect$$libshutdown$$00000000)
    .ARM.Collect$$libshutdown$$00000002      0x0000017c   Section        0  libshutdown2.o(.ARM.Collect$$libshutdown$$00000002)
    .ARM.Collect$$libshutdown$$00000004      0x0000017c   Section        0  libshutdown2.o(.ARM.Collect$$libshutdown$$00000004)
    .ARM.Collect$$libshutdown$$00000007      0x0000017c   Section        0  libshutdown2.o(.ARM.Collect$$libshutdown$$00000007)
    .ARM.Collect$$libshutdown$$0000000A      0x0000017c   Section        0  libshutdown2.o(.ARM.Collect$$libshutdown$$0000000A)
    .ARM.Collect$$libshutdown$$0000000C      0x0000017c   Section        0  libshutdown2.o(.ARM.Collect$$libshutdown$$0000000C)
    .ARM.Collect$$libshutdown$$0000000F      0x0000017c   Section        0  libshutdown2.o(.ARM.Collect$$libshutdown$$0000000F)
    .ARM.Collect$$libshutdown$$00000010      0x0000017c   Section        2  libshutdown2.o(.ARM.Collect$$libshutdown$$00000010)
    .ARM.Collect$$rtentry$$00000000          0x0000017e   Section        0  __rtentry.o(.ARM.Collect$$rtentry$$00000000)
    .ARM.Collect$$rtentry$$00000002          0x0000017e   Section        0  __rtentry2.o(.ARM.Collect$$rtentry$$00000002)
    .ARM.Collect$$rtentry$$00000004          0x0000017e   Section        6  __rtentry4.o(.ARM.Collect$$rtentry$$00000004)
    .ARM.Collect$$rtentry$$00000009          0x00000184   Section        0  __rtentry2.o(.ARM.Collect$$rtentry$$00000009)
    .ARM.Collect$$rtentry$$0000000A          0x00000184   Section        4  __rtentry2.o(.ARM.Collect$$rtentry$$0000000A)
    .ARM.Collect$$rtentry$$0000000C          0x00000188   Section        0  __rtentry2.o(.ARM.Collect$$rtentry$$0000000C)
    .ARM.Collect$$rtentry$$0000000D          0x00000188   Section        8  __rtentry2.o(.ARM.Collect$$rtentry$$0000000D)
    .ARM.Collect$$rtexit$$00000000           0x00000190   Section        2  rtexit.o(.ARM.Collect$$rtexit$$00000000)
    .ARM.Collect$$rtexit$$00000002           0x00000192   Section        0  rtexit2.o(.ARM.Collect$$rtexit$$00000002)
    .ARM.Collect$$rtexit$$00000003           0x00000192   Section        4  rtexit2.o(.ARM.Collect$$rtexit$$00000003)
    .ARM.Collect$$rtexit$$00000004           0x00000196   Section        6  rtexit2.o(.ARM.Collect$$rtexit$$00000004)
    .text                                    0x0000019c   Section       48  startup_mspm0g350x_uvision.o(.text)
    .text                                    0x000001cc   Section        0  __0sscanf.o(.text)
    .text                                    0x0000020c   Section        0  _scanf_int.o(.text)
    .text                                    0x00000356   Section        0  _scanf_str.o(.text)
    .text                                    0x00000440   Section        0  puts.o(.text)
    .text                                    0x0000046c   Section        0  heapauxi.o(.text)
    .text                                    0x00000472   Section        0  ffixui.o(.text)
    .text                                    0x000004a2   Section        0  fflti.o(.text)
    .text                                    0x00000500   Section        0  _chval.o(.text)
    _scanf_char_input                        0x00000521   Thumb Code    12  scanf_char.o(.text)
    .text                                    0x00000520   Section        0  scanf_char.o(.text)
    .text                                    0x00000550   Section        0  _sgetc.o(.text)
    .text                                    0x00000594   Section        0  isspace.o(.text)
    .text                                    0x000005a8   Section        0  _scanf.o(.text)
    .text                                    0x00000928   Section        0  fcmpin.o(.text)
    .text                                    0x0000098c   Section       62  sys_stackheap_outer.o(.text)
    .text                                    0x000009cc   Section       16  rt_ctype_table.o(.text)
    .text                                    0x000009dc   Section        0  exit.o(.text)
    .text                                    0x000009ec   Section        0  cmpret.o(.text)
    .text                                    0x00000a1c   Section        0  fnan2.o(.text)
    .text                                    0x00000a2c   Section        8  libspace.o(.text)
    .text                                    0x00000a34   Section        8  rt_locale_intlibspace.o(.text)
    .text                                    0x00000a3c   Section        0  retnan.o(.text)
    .text                                    0x00000a9c   Section      176  strcmpv6m.o(.text)
    [Anonymous Symbol]                       0x00000b4c   Section        0  tb6612.o(.text.AO_Control)
    [Anonymous Symbol]                       0x00000b88   Section        0  tb6612.o(.text.BO_Control)
    __arm_cp.2_1                             0x00000bc4   Number         4  tb6612.o(.text.BO_Control)
    __arm_cp.2_2                             0x00000bc8   Number         4  tb6612.o(.text.BO_Control)
    [Anonymous Symbol]                       0x00000bcc   Section        0  tb6612.o(.text.CO_Control)
    __arm_cp.3_0                             0x00000c08   Number         4  tb6612.o(.text.CO_Control)
    __arm_cp.3_1                             0x00000c0c   Number         4  tb6612.o(.text.CO_Control)
    [Anonymous Symbol]                       0x00000c30   Section        0  dl_common.o(.text.DL_Common_delayCycles)
    [Anonymous Symbol]                       0x00000c3c   Section        0  dl_spi.o(.text.DL_SPI_init)
    __arm_cp.0_0                             0x00000c78   Number         4  dl_spi.o(.text.DL_SPI_init)
    __arm_cp.0_1                             0x00000c7c   Number         4  dl_spi.o(.text.DL_SPI_init)
    [Anonymous Symbol]                       0x00000c80   Section        0  dl_spi.o(.text.DL_SPI_setClockConfig)
    [Anonymous Symbol]                       0x00000c94   Section        0  dl_timer.o(.text.DL_TimerA_initPWMMode)
    __arm_cp.39_0                            0x00000d0c   Number         4  dl_timer.o(.text.DL_TimerA_initPWMMode)
    __arm_cp.39_1                            0x00000d10   Number         4  dl_timer.o(.text.DL_TimerA_initPWMMode)
    __arm_cp.39_2                            0x00000d14   Number         4  dl_timer.o(.text.DL_TimerA_initPWMMode)
    [Anonymous Symbol]                       0x00000d18   Section        0  dl_timer.o(.text.DL_Timer_initPWMMode)
    __arm_cp.11_0                            0x00000dd4   Number         4  dl_timer.o(.text.DL_Timer_initPWMMode)
    __arm_cp.11_4                            0x00000dd8   Number         4  dl_timer.o(.text.DL_Timer_initPWMMode)
    __arm_cp.11_5                            0x00000ddc   Number         4  dl_timer.o(.text.DL_Timer_initPWMMode)
    __arm_cp.11_6                            0x00000de0   Number         4  dl_timer.o(.text.DL_Timer_initPWMMode)
    __arm_cp.11_7                            0x00000de4   Number         4  dl_timer.o(.text.DL_Timer_initPWMMode)
    __arm_cp.11_9                            0x00000de8   Number         4  dl_timer.o(.text.DL_Timer_initPWMMode)
    [Anonymous Symbol]                       0x00000dec   Section        0  dl_timer.o(.text.DL_Timer_initTimerMode)
    __arm_cp.2_0                             0x00000ecc   Number         4  dl_timer.o(.text.DL_Timer_initTimerMode)
    __arm_cp.2_2                             0x00000ed0   Number         4  dl_timer.o(.text.DL_Timer_initTimerMode)
    __arm_cp.2_3                             0x00000ed4   Number         4  dl_timer.o(.text.DL_Timer_initTimerMode)
    [Anonymous Symbol]                       0x00000ed8   Section        0  dl_timer.o(.text.DL_Timer_setCaptCompUpdateMethod)
    __arm_cp.26_0                            0x00000ef0   Number         4  dl_timer.o(.text.DL_Timer_setCaptCompUpdateMethod)
    [Anonymous Symbol]                       0x00000ef4   Section        0  dl_timer.o(.text.DL_Timer_setCaptureCompareOutCtl)
    __arm_cp.13_0                            0x00000f08   Number         4  dl_timer.o(.text.DL_Timer_setCaptureCompareOutCtl)
    [Anonymous Symbol]                       0x00000f0c   Section        0  dl_timer.o(.text.DL_Timer_setCaptureCompareValue)
    __arm_cp.3_0                             0x00000f18   Number         4  dl_timer.o(.text.DL_Timer_setCaptureCompareValue)
    [Anonymous Symbol]                       0x00000f1c   Section        0  dl_timer.o(.text.DL_Timer_setClockConfig)
    __arm_cp.0_0                             0x00000f34   Number         4  dl_timer.o(.text.DL_Timer_setClockConfig)
    [Anonymous Symbol]                       0x00000f38   Section        0  dl_uart.o(.text.DL_UART_init)
    __arm_cp.0_0                             0x00000f78   Number         4  dl_uart.o(.text.DL_UART_init)
    __arm_cp.0_1                             0x00000f7c   Number         4  dl_uart.o(.text.DL_UART_init)
    [Anonymous Symbol]                       0x00000f80   Section        0  dl_uart.o(.text.DL_UART_setClockConfig)
    [Anonymous Symbol]                       0x00000f94   Section        0  tb6612.o(.text.DO_Control)
    __arm_cp.4_0                             0x00000fd0   Number         4  tb6612.o(.text.DO_Control)
    __arm_cp.4_1                             0x00000fd4   Number         4  tb6612.o(.text.DO_Control)
    [Anonymous Symbol]                       0x00000ff8   Section        0  encoder.o(.text.Encoder_Clearcount)
    [Anonymous Symbol]                       0x0000100c   Section        0  encoder.o(.text.Encoder_Getcount)
    [Anonymous Symbol]                       0x00001030   Section        0  encoder.o(.text.Encoder_Init)
    __arm_cp.0_0                             0x0000104c   Number         4  encoder.o(.text.Encoder_Init)
    __arm_cp.0_1                             0x00001050   Number         4  encoder.o(.text.Encoder_Init)
    [Anonymous Symbol]                       0x00001074   Section        0  encoder.o(.text.GROUP1_IRQHandler)
    __arm_cp.3_0                             0x00001148   Number         4  encoder.o(.text.GROUP1_IRQHandler)
    __arm_cp.3_1                             0x0000114c   Number         4  encoder.o(.text.GROUP1_IRQHandler)
    __arm_cp.3_2                             0x00001150   Number         4  encoder.o(.text.GROUP1_IRQHandler)
    __arm_cp.3_3                             0x00001154   Number         4  encoder.o(.text.GROUP1_IRQHandler)
    __arm_cp.3_4                             0x00001158   Number         4  encoder.o(.text.GROUP1_IRQHandler)
    __arm_cp.3_5                             0x0000115c   Number         4  encoder.o(.text.GROUP1_IRQHandler)
    __arm_cp.3_6                             0x00001160   Number         4  encoder.o(.text.GROUP1_IRQHandler)
    [Anonymous Symbol]                       0x00001164   Section        0  oled.o(.text.OLED_Clear)
    __arm_cp.6_0                             0x000018ec   Number         4  oled.o(.text.OLED_Clear)
    [Anonymous Symbol]                       0x000018f0   Section        0  oled.o(.text.OLED_ColorTurn)
    [Anonymous Symbol]                       0x00001950   Section        0  oled.o(.text.OLED_DisplayTurn)
    __arm_cp.2_0                             0x00001a00   Number         4  oled.o(.text.OLED_DisplayTurn)
    __arm_cp.2_1                             0x00001a04   Number         4  oled.o(.text.OLED_DisplayTurn)
    [Anonymous Symbol]                       0x00001a08   Section        0  oled.o(.text.OLED_Init)
    __arm_cp.14_2                            0x00001a30   Number         4  oled.o(.text.OLED_Init)
    __arm_cp.14_1                            0x00001e20   Number         4  oled.o(.text.OLED_Init)
    [Anonymous Symbol]                       0x00001e24   Section        0  ti_msp_dl_config.o(.text.SYSCFG_DL_GPIO_init)
    __arm_cp.2_0                             0x00001ec8   Number         4  ti_msp_dl_config.o(.text.SYSCFG_DL_GPIO_init)
    __arm_cp.2_1                             0x00001ecc   Number         4  ti_msp_dl_config.o(.text.SYSCFG_DL_GPIO_init)
    __arm_cp.2_2                             0x00001ed0   Number         4  ti_msp_dl_config.o(.text.SYSCFG_DL_GPIO_init)
    __arm_cp.2_3                             0x00001ed4   Number         4  ti_msp_dl_config.o(.text.SYSCFG_DL_GPIO_init)
    __arm_cp.2_4                             0x00001ed8   Number         4  ti_msp_dl_config.o(.text.SYSCFG_DL_GPIO_init)
    __arm_cp.2_5                             0x00001edc   Number         4  ti_msp_dl_config.o(.text.SYSCFG_DL_GPIO_init)
    __arm_cp.2_6                             0x00001ee0   Number         4  ti_msp_dl_config.o(.text.SYSCFG_DL_GPIO_init)
    __arm_cp.2_7                             0x00001ee4   Number         4  ti_msp_dl_config.o(.text.SYSCFG_DL_GPIO_init)
    __arm_cp.2_8                             0x00001ee8   Number         4  ti_msp_dl_config.o(.text.SYSCFG_DL_GPIO_init)
    __arm_cp.2_9                             0x00001eec   Number         4  ti_msp_dl_config.o(.text.SYSCFG_DL_GPIO_init)
    __arm_cp.2_10                            0x00001ef0   Number         4  ti_msp_dl_config.o(.text.SYSCFG_DL_GPIO_init)
    [Anonymous Symbol]                       0x00001ef4   Section        0  ti_msp_dl_config.o(.text.SYSCFG_DL_PWM_0_init)
    __arm_cp.4_0                             0x00001f68   Number         4  ti_msp_dl_config.o(.text.SYSCFG_DL_PWM_0_init)
    __arm_cp.4_1                             0x00001f6c   Number         4  ti_msp_dl_config.o(.text.SYSCFG_DL_PWM_0_init)
    __arm_cp.4_2                             0x00001f70   Number         4  ti_msp_dl_config.o(.text.SYSCFG_DL_PWM_0_init)
    __arm_cp.4_3                             0x00001f74   Number         4  ti_msp_dl_config.o(.text.SYSCFG_DL_PWM_0_init)
    [Anonymous Symbol]                       0x00001f78   Section        0  ti_msp_dl_config.o(.text.SYSCFG_DL_PWM_1_init)
    __arm_cp.5_0                             0x00001fec   Number         4  ti_msp_dl_config.o(.text.SYSCFG_DL_PWM_1_init)
    __arm_cp.5_1                             0x00001ff0   Number         4  ti_msp_dl_config.o(.text.SYSCFG_DL_PWM_1_init)
    __arm_cp.5_2                             0x00001ff4   Number         4  ti_msp_dl_config.o(.text.SYSCFG_DL_PWM_1_init)
    __arm_cp.5_3                             0x00001ff8   Number         4  ti_msp_dl_config.o(.text.SYSCFG_DL_PWM_1_init)
    [Anonymous Symbol]                       0x00001ffc   Section        0  ti_msp_dl_config.o(.text.SYSCFG_DL_SPI_OLED_init)
    __arm_cp.8_0                             0x00002034   Number         4  ti_msp_dl_config.o(.text.SYSCFG_DL_SPI_OLED_init)
    __arm_cp.8_1                             0x00002038   Number         4  ti_msp_dl_config.o(.text.SYSCFG_DL_SPI_OLED_init)
    __arm_cp.8_2                             0x0000203c   Number         4  ti_msp_dl_config.o(.text.SYSCFG_DL_SPI_OLED_init)
    __arm_cp.8_3                             0x00002040   Number         4  ti_msp_dl_config.o(.text.SYSCFG_DL_SPI_OLED_init)
    __arm_cp.8_4                             0x00002044   Number         4  ti_msp_dl_config.o(.text.SYSCFG_DL_SPI_OLED_init)
    [Anonymous Symbol]                       0x00002048   Section        0  ti_msp_dl_config.o(.text.SYSCFG_DL_SYSCTL_init)
    __arm_cp.3_0                             0x00002070   Number         4  ti_msp_dl_config.o(.text.SYSCFG_DL_SYSCTL_init)
    __arm_cp.3_1                             0x00002074   Number         4  ti_msp_dl_config.o(.text.SYSCFG_DL_SYSCTL_init)
    __arm_cp.3_2                             0x00002078   Number         4  ti_msp_dl_config.o(.text.SYSCFG_DL_SYSCTL_init)
    [Anonymous Symbol]                       0x0000207c   Section        0  ti_msp_dl_config.o(.text.SYSCFG_DL_TIMER_0_init)
    __arm_cp.6_0                             0x000020b0   Number         4  ti_msp_dl_config.o(.text.SYSCFG_DL_TIMER_0_init)
    __arm_cp.6_1                             0x000020b4   Number         4  ti_msp_dl_config.o(.text.SYSCFG_DL_TIMER_0_init)
    __arm_cp.6_2                             0x000020b8   Number         4  ti_msp_dl_config.o(.text.SYSCFG_DL_TIMER_0_init)
    __arm_cp.6_3                             0x000020bc   Number         4  ti_msp_dl_config.o(.text.SYSCFG_DL_TIMER_0_init)
    __arm_cp.6_4                             0x000020c0   Number         4  ti_msp_dl_config.o(.text.SYSCFG_DL_TIMER_0_init)
    __arm_cp.6_5                             0x000020c4   Number         4  ti_msp_dl_config.o(.text.SYSCFG_DL_TIMER_0_init)
    [Anonymous Symbol]                       0x000020c8   Section        0  ti_msp_dl_config.o(.text.SYSCFG_DL_UART_0_init)
    __arm_cp.7_0                             0x00002120   Number         4  ti_msp_dl_config.o(.text.SYSCFG_DL_UART_0_init)
    __arm_cp.7_1                             0x00002124   Number         4  ti_msp_dl_config.o(.text.SYSCFG_DL_UART_0_init)
    __arm_cp.7_2                             0x00002128   Number         4  ti_msp_dl_config.o(.text.SYSCFG_DL_UART_0_init)
    __arm_cp.7_3                             0x0000212c   Number         4  ti_msp_dl_config.o(.text.SYSCFG_DL_UART_0_init)
    __arm_cp.7_4                             0x00002130   Number         4  ti_msp_dl_config.o(.text.SYSCFG_DL_UART_0_init)
    __arm_cp.7_5                             0x00002134   Number         4  ti_msp_dl_config.o(.text.SYSCFG_DL_UART_0_init)
    [Anonymous Symbol]                       0x00002138   Section        0  ti_msp_dl_config.o(.text.SYSCFG_DL_init)
    __arm_cp.0_0                             0x00002170   Number         4  ti_msp_dl_config.o(.text.SYSCFG_DL_init)
    __arm_cp.0_1                             0x00002174   Number         4  ti_msp_dl_config.o(.text.SYSCFG_DL_init)
    __arm_cp.0_2                             0x00002178   Number         4  ti_msp_dl_config.o(.text.SYSCFG_DL_init)
    [Anonymous Symbol]                       0x0000217c   Section        0  ti_msp_dl_config.o(.text.SYSCFG_DL_initPower)
    __arm_cp.1_0                             0x000021b8   Number         4  ti_msp_dl_config.o(.text.SYSCFG_DL_initPower)
    __arm_cp.1_1                             0x000021bc   Number         4  ti_msp_dl_config.o(.text.SYSCFG_DL_initPower)
    __arm_cp.1_2                             0x000021c0   Number         4  ti_msp_dl_config.o(.text.SYSCFG_DL_initPower)
    __arm_cp.1_3                             0x000021c4   Number         4  ti_msp_dl_config.o(.text.SYSCFG_DL_initPower)
    __arm_cp.1_4                             0x000021c8   Number         4  ti_msp_dl_config.o(.text.SYSCFG_DL_initPower)
    __arm_cp.1_5                             0x000021cc   Number         4  ti_msp_dl_config.o(.text.SYSCFG_DL_initPower)
    __arm_cp.1_6                             0x000021d0   Number         4  ti_msp_dl_config.o(.text.SYSCFG_DL_initPower)
    __arm_cp.1_7                             0x000021d4   Number         4  ti_msp_dl_config.o(.text.SYSCFG_DL_initPower)
    __arm_cp.1_8                             0x000021d8   Number         4  ti_msp_dl_config.o(.text.SYSCFG_DL_initPower)
    [Anonymous Symbol]                       0x000021dc   Section        0  tb6612.o(.text.TB6612_Motor_Stop)
    __arm_cp.0_0                             0x00002204   Number         4  tb6612.o(.text.TB6612_Motor_Stop)
    [Anonymous Symbol]                       0x00002208   Section        0  encoder.o(.text.TIMG0_IRQHandler)
    __arm_cp.4_0                             0x00002238   Number         4  encoder.o(.text.TIMG0_IRQHandler)
    __arm_cp.4_1                             0x0000223c   Number         4  encoder.o(.text.TIMG0_IRQHandler)
    __arm_cp.4_2                             0x00002240   Number         4  encoder.o(.text.TIMG0_IRQHandler)
    __arm_cp.4_3                             0x00002244   Number         4  encoder.o(.text.TIMG0_IRQHandler)
    __arm_cp.4_4                             0x00002248   Number         4  encoder.o(.text.TIMG0_IRQHandler)
    [Anonymous Symbol]                       0x0000224c   Section        0  usart.o(.text.UART0_IRQHandler)
    __arm_cp.6_0                             0x000022bc   Number         4  usart.o(.text.UART0_IRQHandler)
    __arm_cp.6_1                             0x000022c0   Number         4  usart.o(.text.UART0_IRQHandler)
    __arm_cp.6_2                             0x000022c4   Number         4  usart.o(.text.UART0_IRQHandler)
    __arm_cp.6_3                             0x000022c8   Number         4  usart.o(.text.UART0_IRQHandler)
    __arm_cp.6_5                             0x000022d4   Number         4  usart.o(.text.UART0_IRQHandler)
    __arm_cp.6_8                             0x000022e0   Number         4  usart.o(.text.UART0_IRQHandler)
    [Anonymous Symbol]                       0x000022e4   Section        0  usart.o(.text.USART_Init)
    __arm_cp.0_0                             0x000022f4   Number         4  usart.o(.text.USART_Init)
    __arm_cp.0_1                             0x000022f8   Number         4  usart.o(.text.USART_Init)
    [Anonymous Symbol]                       0x000022fc   Section        0  usart.o(.text._sys_exit)
    [Anonymous Symbol]                       0x000022fe   Section        0  delay.o(.text.delay_ms)
    [Anonymous Symbol]                       0x0000230c   Section        0  usart.o(.text.fputc)
    __arm_cp.5_0                             0x0000232c   Number         4  usart.o(.text.fputc)
    [Anonymous Symbol]                       0x00002330   Section        0  main.o(.text.main)
    __arm_cp.0_0                             0x00002398   Number         4  main.o(.text.main)
    __arm_cp.0_1                             0x0000239c   Number         4  main.o(.text.main)
    __arm_cp.0_2                             0x000023a0   Number         4  main.o(.text.main)
    __arm_cp.0_4                             0x000023a4   Number         4  main.o(.text.main)
    __arm_cp.0_5                             0x000023a8   Number         4  main.o(.text.main)
    __arm_cp.0_6                             0x000023ac   Number         4  main.o(.text.main)
    __arm_cp.0_8                             0x000023b0   Number         4  main.o(.text.main)
    __arm_cp.0_9                             0x000023b4   Number         4  main.o(.text.main)
    [Anonymous Symbol]                       0x000023b8   Section        0  pid.o(.text.motor_target_set)
    [Anonymous Symbol]                       0x000023e8   Section        0  pid.o(.text.pid_cal)
    [Anonymous Symbol]                       0x000024ac   Section        0  pid.o(.text.pid_control)
    __arm_cp.3_0                             0x00002578   Number         4  pid.o(.text.pid_control)
    __arm_cp.3_2                             0x0000257c   Number         4  pid.o(.text.pid_control)
    __arm_cp.3_4                             0x00002580   Number         4  pid.o(.text.pid_control)
    [Anonymous Symbol]                       0x00002584   Section        0  pid.o(.text.pid_init)
    [Anonymous Symbol]                       0x00002594   Section        0  pid.o(.text.send_wave)
    __arm_cp.0_0                             0x00002618   Number         4  pid.o(.text.send_wave)
    __arm_cp.0_1                             0x0000261c   Number         4  pid.o(.text.send_wave)
    __arm_cp.0_2                             0x00002620   Number         4  pid.o(.text.send_wave)
    __arm_cp.0_3                             0x00002624   Number         4  pid.o(.text.send_wave)
    __arm_cp.0_4                             0x00002628   Number         4  pid.o(.text.send_wave)
    __arm_cp.0_5                             0x0000262c   Number         4  pid.o(.text.send_wave)
    __arm_cp.0_6                             0x00002630   Number         4  pid.o(.text.send_wave)
    __arm_cp.0_7                             0x00002634   Number         4  pid.o(.text.send_wave)
    __arm_cp.0_8                             0x00002638   Number         4  pid.o(.text.send_wave)
    __arm_cp.0_9                             0x0000263c   Number         4  pid.o(.text.send_wave)
    __arm_cp.0_10                            0x00002640   Number         4  pid.o(.text.send_wave)
    __arm_cp.0_11                            0x00002644   Number         4  pid.o(.text.send_wave)
    __arm_cp.0_12                            0x00002648   Number         4  pid.o(.text.send_wave)
    __arm_cp.0_13                            0x0000264c   Number         4  pid.o(.text.send_wave)
    [Anonymous Symbol]                       0x00002650   Section        0  usart.o(.text.uart0_send_datas)
    [Anonymous Symbol]                       0x00002758   Section        0  usart.o(.text.uart0_send_string)
    __arm_cp.3_0                             0x0000278c   Number         4  usart.o(.text.uart0_send_string)
    i._fgeq                                  0x00002790   Section        0  fcmp.o(i._fgeq)
    i._fgr                                   0x000027a6   Section        0  fcmp.o(i._fgr)
    locale$$code                             0x000027bc   Section       44  lc_ctype_c.o(locale$$code)
    x$fpl$fadd                               0x000027e8   Section      140  faddsub.o(x$fpl$fadd)
    _fadd1                                   0x000027f5   Thumb Code     0  faddsub.o(x$fpl$fadd)
    x$fpl$fgeqf                              0x00002874   Section       84  fgef.o(x$fpl$fgeqf)
    x$fpl$fmul                               0x000028c8   Section      176  fmul.o(x$fpl$fmul)
    x$fpl$fsub                               0x00002978   Section      208  faddsub.o(x$fpl$fsub)
    _fsub1                                   0x00002985   Thumb Code     0  faddsub.o(x$fpl$fsub)
    gPWM_0ClockConfig                        0x00002a48   Data           3  ti_msp_dl_config.o(.rodata.gPWM_0ClockConfig)
    [Anonymous Symbol]                       0x00002a48   Section        0  ti_msp_dl_config.o(.rodata.gPWM_0ClockConfig)
    x$fpl$usenofp                            0x00002a48   Section        0  usenofp.o(x$fpl$usenofp)
    gPWM_0Config                             0x00002a4c   Data           8  ti_msp_dl_config.o(.rodata.gPWM_0Config)
    [Anonymous Symbol]                       0x00002a4c   Section        0  ti_msp_dl_config.o(.rodata.gPWM_0Config)
    gPWM_1ClockConfig                        0x00002a54   Data           3  ti_msp_dl_config.o(.rodata.gPWM_1ClockConfig)
    [Anonymous Symbol]                       0x00002a54   Section        0  ti_msp_dl_config.o(.rodata.gPWM_1ClockConfig)
    gPWM_1Config                             0x00002a58   Data           8  ti_msp_dl_config.o(.rodata.gPWM_1Config)
    [Anonymous Symbol]                       0x00002a58   Section        0  ti_msp_dl_config.o(.rodata.gPWM_1Config)
    gSPI_OLED_clockConfig                    0x00002a60   Data           2  ti_msp_dl_config.o(.rodata.gSPI_OLED_clockConfig)
    [Anonymous Symbol]                       0x00002a60   Section        0  ti_msp_dl_config.o(.rodata.gSPI_OLED_clockConfig)
    gSPI_OLED_config                         0x00002a62   Data          10  ti_msp_dl_config.o(.rodata.gSPI_OLED_config)
    [Anonymous Symbol]                       0x00002a62   Section        0  ti_msp_dl_config.o(.rodata.gSPI_OLED_config)
    gTIMER_0ClockConfig                      0x00002a6c   Data           3  ti_msp_dl_config.o(.rodata.gTIMER_0ClockConfig)
    [Anonymous Symbol]                       0x00002a6c   Section        0  ti_msp_dl_config.o(.rodata.gTIMER_0ClockConfig)
    gTIMER_0TimerConfig                      0x00002a70   Data          20  ti_msp_dl_config.o(.rodata.gTIMER_0TimerConfig)
    [Anonymous Symbol]                       0x00002a70   Section        0  ti_msp_dl_config.o(.rodata.gTIMER_0TimerConfig)
    gUART_0ClockConfig                       0x00002a84   Data           2  ti_msp_dl_config.o(.rodata.gUART_0ClockConfig)
    [Anonymous Symbol]                       0x00002a84   Section        0  ti_msp_dl_config.o(.rodata.gUART_0ClockConfig)
    gUART_0Config                            0x00002a86   Data          10  ti_msp_dl_config.o(.rodata.gUART_0Config)
    [Anonymous Symbol]                       0x00002a86   Section        0  ti_msp_dl_config.o(.rodata.gUART_0Config)
    [Anonymous Symbol]                       0x00002a90   Section        0  tb6612.o(.rodata.str1.1)
    locale$$data                             0x00002ad0   Section      272  lc_ctype_c.o(locale$$data)
    __lcctype_c_name                         0x00002ad4   Data           2  lc_ctype_c.o(locale$$data)
    __lcctype_c_start                        0x00002adc   Data           0  lc_ctype_c.o(locale$$data)
    __lcctype_c_end                          0x00002be0   Data           0  lc_ctype_c.o(locale$$data)
    .bss                                     0x20200018   Section       96  libspace.o(.bss)
    Encoder_A                                0x20200078   Data           8  encoder.o(.bss.Encoder_A)
    [Anonymous Symbol]                       0x20200078   Section        0  encoder.o(.bss.Encoder_A)
    Encoder_B                                0x20200080   Data           8  encoder.o(.bss.Encoder_B)
    [Anonymous Symbol]                       0x20200080   Section        0  encoder.o(.bss.Encoder_B)
    Encoder_C                                0x20200088   Data           8  encoder.o(.bss.Encoder_C)
    [Anonymous Symbol]                       0x20200088   Section        0  encoder.o(.bss.Encoder_C)
    Encoder_D                                0x20200090   Data           8  encoder.o(.bss.Encoder_D)
    [Anonymous Symbol]                       0x20200090   Section        0  encoder.o(.bss.Encoder_D)
    Heap_Mem                                 0x202007c8   Data         256  startup_mspm0g350x_uvision.o(HEAP)
    HEAP                                     0x202007c8   Section      256  startup_mspm0g350x_uvision.o(HEAP)
    Stack_Mem                                0x202008c8   Data         256  startup_mspm0g350x_uvision.o(STACK)
    STACK                                    0x202008c8   Section      256  startup_mspm0g350x_uvision.o(STACK)
    __initial_sp                             0x202009c8   Data           0  startup_mspm0g350x_uvision.o(STACK)

    Global Symbols

    Symbol Name                              Value     Ov Type        Size  Object(Section)

    BuildAttributes$$THM_ISAv3M$S$PE$A:L22$X:L11$S22$IEEE1$IW$~IW$USESV6$~STKCKD$USESV7$~SHL$OTIME$ROPI$EBA8$UX$STANDARDLIB$REQ8$PRES8$EABIv2 0x00000000   Number         0  anon$$obj.o ABSOLUTE
    __Vectors                                0x00000000   Data           4  startup_mspm0g350x_uvision.o(RESET)
    __ARM_exceptions_init                     - Undefined Weak Reference
    __alloca_initialize                       - Undefined Weak Reference
    __arm_preinit_                            - Undefined Weak Reference
    __arm_relocate_pie_                       - Undefined Weak Reference
    __cpp_initialize__aeabi_                  - Undefined Weak Reference
    __cxa_finalize                            - Undefined Weak Reference
    __sigvec_lookup                           - Undefined Weak Reference
    _atexit_init                              - Undefined Weak Reference
    _call_atexit_fns                          - Undefined Weak Reference
    _clock_init                               - Undefined Weak Reference
    _fp_trap_init                             - Undefined Weak Reference
    _fp_trap_shutdown                         - Undefined Weak Reference
    _get_lc_collate                           - Undefined Weak Reference
    _get_lc_monetary                          - Undefined Weak Reference
    _get_lc_numeric                           - Undefined Weak Reference
    _get_lc_time                              - Undefined Weak Reference
    _getenv_init                              - Undefined Weak Reference
    _handle_redirection                       - Undefined Weak Reference
    _init_alloc                               - Undefined Weak Reference
    _init_user_alloc                          - Undefined Weak Reference
    _initio                                   - Undefined Weak Reference
    _rand_init                                - Undefined Weak Reference
    _scanf_longlong                           - Undefined Weak Reference
    _scanf_mbtowc                             - Undefined Weak Reference
    _scanf_real                               - Undefined Weak Reference
    _scanf_wctomb                             - Undefined Weak Reference
    _scanf_wstring                            - Undefined Weak Reference
    _signal_finish                            - Undefined Weak Reference
    _signal_init                              - Undefined Weak Reference
    _terminate_alloc                          - Undefined Weak Reference
    _terminate_user_alloc                     - Undefined Weak Reference
    _terminateio                              - Undefined Weak Reference
    __Vectors_End                            0x000000c0   Data           0  startup_mspm0g350x_uvision.o(RESET)
    __Vectors_Size                           0x000000c0   Number         0  startup_mspm0g350x_uvision.o ABSOLUTE
    __main                                   0x000000c1   Thumb Code     8  __main.o(!!!main)
    __scatterload                            0x000000c9   Thumb Code     0  __scatter.o(!!!scatter)
    __scatterload_rt2                        0x000000c9   Thumb Code    74  __scatter.o(!!!scatter)
    __scatterload_rt2_thumb_only             0x000000c9   Thumb Code     0  __scatter.o(!!!scatter)
    __scatterload_loop                       0x000000d3   Thumb Code     0  __scatter.o(!!!scatter)
    __scatterload_copy                       0x00000121   Thumb Code    26  __scatter_copy.o(!!handler_copy)
    __scatterload_null                       0x00000141   Thumb Code     2  __scatter.o(!!handler_null)
    __scatterload_zeroinit                   0x00000149   Thumb Code    28  __scatter_zi.o(!!handler_zi)
    __rt_lib_init                            0x00000165   Thumb Code     0  libinit.o(.ARM.Collect$$libinit$$00000000)
    __rt_lib_init_fp_1                       0x00000167   Thumb Code     0  libinit2.o(.ARM.Collect$$libinit$$00000002)
    __rt_lib_init_heap_1                     0x00000167   Thumb Code     0  libinit2.o(.ARM.Collect$$libinit$$0000000C)
    __rt_lib_init_lc_common                  0x00000167   Thumb Code     0  libinit2.o(.ARM.Collect$$libinit$$00000011)
    __rt_lib_init_preinit_1                  0x00000167   Thumb Code     0  libinit2.o(.ARM.Collect$$libinit$$00000006)
    __rt_lib_init_rand_1                     0x00000167   Thumb Code     0  libinit2.o(.ARM.Collect$$libinit$$00000010)
    __rt_lib_init_relocate_pie_1             0x00000167   Thumb Code     0  libinit2.o(.ARM.Collect$$libinit$$00000004)
    __rt_lib_init_user_alloc_1               0x00000167   Thumb Code     0  libinit2.o(.ARM.Collect$$libinit$$0000000E)
    __rt_lib_init_lc_collate_1               0x0000016d   Thumb Code     0  libinit2.o(.ARM.Collect$$libinit$$00000013)
    __rt_lib_init_lc_ctype_2                 0x0000016d   Thumb Code     0  libinit2.o(.ARM.Collect$$libinit$$00000014)
    __rt_lib_init_alloca_1                   0x00000179   Thumb Code     0  libinit2.o(.ARM.Collect$$libinit$$00000030)
    __rt_lib_init_argv_1                     0x00000179   Thumb Code     0  libinit2.o(.ARM.Collect$$libinit$$0000002E)
    __rt_lib_init_atexit_1                   0x00000179   Thumb Code     0  libinit2.o(.ARM.Collect$$libinit$$0000001D)
    __rt_lib_init_clock_1                    0x00000179   Thumb Code     0  libinit2.o(.ARM.Collect$$libinit$$00000023)
    __rt_lib_init_cpp_1                      0x00000179   Thumb Code     0  libinit2.o(.ARM.Collect$$libinit$$00000034)
    __rt_lib_init_exceptions_1               0x00000179   Thumb Code     0  libinit2.o(.ARM.Collect$$libinit$$00000032)
    __rt_lib_init_fp_trap_1                  0x00000179   Thumb Code     0  libinit2.o(.ARM.Collect$$libinit$$00000021)
    __rt_lib_init_getenv_1                   0x00000179   Thumb Code     0  libinit2.o(.ARM.Collect$$libinit$$00000025)
    __rt_lib_init_lc_ctype_1                 0x00000179   Thumb Code     0  libinit2.o(.ARM.Collect$$libinit$$00000015)
    __rt_lib_init_lc_monetary_1              0x00000179   Thumb Code     0  libinit2.o(.ARM.Collect$$libinit$$00000017)
    __rt_lib_init_lc_numeric_1               0x00000179   Thumb Code     0  libinit2.o(.ARM.Collect$$libinit$$00000019)
    __rt_lib_init_lc_time_1                  0x00000179   Thumb Code     0  libinit2.o(.ARM.Collect$$libinit$$0000001B)
    __rt_lib_init_return                     0x00000179   Thumb Code     0  libinit2.o(.ARM.Collect$$libinit$$00000035)
    __rt_lib_init_signal_1                   0x00000179   Thumb Code     0  libinit2.o(.ARM.Collect$$libinit$$0000001F)
    __rt_lib_init_stdio_1                    0x00000179   Thumb Code     0  libinit2.o(.ARM.Collect$$libinit$$00000027)
    __rt_lib_shutdown                        0x0000017b   Thumb Code     0  libshutdown.o(.ARM.Collect$$libshutdown$$00000000)
    __rt_lib_shutdown_cpp_1                  0x0000017d   Thumb Code     0  libshutdown2.o(.ARM.Collect$$libshutdown$$00000002)
    __rt_lib_shutdown_fp_trap_1              0x0000017d   Thumb Code     0  libshutdown2.o(.ARM.Collect$$libshutdown$$00000007)
    __rt_lib_shutdown_heap_1                 0x0000017d   Thumb Code     0  libshutdown2.o(.ARM.Collect$$libshutdown$$0000000F)
    __rt_lib_shutdown_return                 0x0000017d   Thumb Code     0  libshutdown2.o(.ARM.Collect$$libshutdown$$00000010)
    __rt_lib_shutdown_signal_1               0x0000017d   Thumb Code     0  libshutdown2.o(.ARM.Collect$$libshutdown$$0000000A)
    __rt_lib_shutdown_stdio_1                0x0000017d   Thumb Code     0  libshutdown2.o(.ARM.Collect$$libshutdown$$00000004)
    __rt_lib_shutdown_user_alloc_1           0x0000017d   Thumb Code     0  libshutdown2.o(.ARM.Collect$$libshutdown$$0000000C)
    __rt_entry                               0x0000017f   Thumb Code     0  __rtentry.o(.ARM.Collect$$rtentry$$00000000)
    __rt_entry_presh_1                       0x0000017f   Thumb Code     0  __rtentry2.o(.ARM.Collect$$rtentry$$00000002)
    __rt_entry_sh                            0x0000017f   Thumb Code     0  __rtentry4.o(.ARM.Collect$$rtentry$$00000004)
    __rt_entry_li                            0x00000185   Thumb Code     0  __rtentry2.o(.ARM.Collect$$rtentry$$0000000A)
    __rt_entry_postsh_1                      0x00000185   Thumb Code     0  __rtentry2.o(.ARM.Collect$$rtentry$$00000009)
    __rt_entry_main                          0x00000189   Thumb Code     0  __rtentry2.o(.ARM.Collect$$rtentry$$0000000D)
    __rt_entry_postli_1                      0x00000189   Thumb Code     0  __rtentry2.o(.ARM.Collect$$rtentry$$0000000C)
    __rt_exit                                0x00000191   Thumb Code     0  rtexit.o(.ARM.Collect$$rtexit$$00000000)
    __rt_exit_ls                             0x00000193   Thumb Code     0  rtexit2.o(.ARM.Collect$$rtexit$$00000003)
    __rt_exit_prels_1                        0x00000193   Thumb Code     0  rtexit2.o(.ARM.Collect$$rtexit$$00000002)
    __rt_exit_exit                           0x00000197   Thumb Code     0  rtexit2.o(.ARM.Collect$$rtexit$$00000004)
    Reset_Handler                            0x0000019d   Thumb Code     4  startup_mspm0g350x_uvision.o(.text)
    NMI_Handler                              0x000001a1   Thumb Code     2  startup_mspm0g350x_uvision.o(.text)
    HardFault_Handler                        0x000001a3   Thumb Code     2  startup_mspm0g350x_uvision.o(.text)
    SVC_Handler                              0x000001a5   Thumb Code     2  startup_mspm0g350x_uvision.o(.text)
    PendSV_Handler                           0x000001a7   Thumb Code     2  startup_mspm0g350x_uvision.o(.text)
    SysTick_Handler                          0x000001a9   Thumb Code     2  startup_mspm0g350x_uvision.o(.text)
    ADC0_IRQHandler                          0x000001ab   Thumb Code     0  startup_mspm0g350x_uvision.o(.text)
    ADC1_IRQHandler                          0x000001ab   Thumb Code     0  startup_mspm0g350x_uvision.o(.text)
    AES_IRQHandler                           0x000001ab   Thumb Code     0  startup_mspm0g350x_uvision.o(.text)
    CANFD0_IRQHandler                        0x000001ab   Thumb Code     0  startup_mspm0g350x_uvision.o(.text)
    DAC0_IRQHandler                          0x000001ab   Thumb Code     0  startup_mspm0g350x_uvision.o(.text)
    DMA_IRQHandler                           0x000001ab   Thumb Code     0  startup_mspm0g350x_uvision.o(.text)
    Default_Handler                          0x000001ab   Thumb Code     2  startup_mspm0g350x_uvision.o(.text)
    GROUP0_IRQHandler                        0x000001ab   Thumb Code     0  startup_mspm0g350x_uvision.o(.text)
    I2C0_IRQHandler                          0x000001ab   Thumb Code     0  startup_mspm0g350x_uvision.o(.text)
    I2C1_IRQHandler                          0x000001ab   Thumb Code     0  startup_mspm0g350x_uvision.o(.text)
    RTC_IRQHandler                           0x000001ab   Thumb Code     0  startup_mspm0g350x_uvision.o(.text)
    SPI0_IRQHandler                          0x000001ab   Thumb Code     0  startup_mspm0g350x_uvision.o(.text)
    SPI1_IRQHandler                          0x000001ab   Thumb Code     0  startup_mspm0g350x_uvision.o(.text)
    TIMA0_IRQHandler                         0x000001ab   Thumb Code     0  startup_mspm0g350x_uvision.o(.text)
    TIMA1_IRQHandler                         0x000001ab   Thumb Code     0  startup_mspm0g350x_uvision.o(.text)
    TIMG12_IRQHandler                        0x000001ab   Thumb Code     0  startup_mspm0g350x_uvision.o(.text)
    TIMG6_IRQHandler                         0x000001ab   Thumb Code     0  startup_mspm0g350x_uvision.o(.text)
    TIMG7_IRQHandler                         0x000001ab   Thumb Code     0  startup_mspm0g350x_uvision.o(.text)
    TIMG8_IRQHandler                         0x000001ab   Thumb Code     0  startup_mspm0g350x_uvision.o(.text)
    UART1_IRQHandler                         0x000001ab   Thumb Code     0  startup_mspm0g350x_uvision.o(.text)
    UART2_IRQHandler                         0x000001ab   Thumb Code     0  startup_mspm0g350x_uvision.o(.text)
    UART3_IRQHandler                         0x000001ab   Thumb Code     0  startup_mspm0g350x_uvision.o(.text)
    __user_initial_stackheap                 0x000001ad   Thumb Code    10  startup_mspm0g350x_uvision.o(.text)
    __0sscanf                                0x000001cd   Thumb Code    54  __0sscanf.o(.text)
    _scanf_int                               0x0000020d   Thumb Code   330  _scanf_int.o(.text)
    _scanf_string                            0x00000357   Thumb Code   232  _scanf_str.o(.text)
    puts                                     0x00000441   Thumb Code    38  puts.o(.text)
    __use_two_region_memory                  0x0000046d   Thumb Code     2  heapauxi.o(.text)
    __rt_heap_escrow$2region                 0x0000046f   Thumb Code     2  heapauxi.o(.text)
    __rt_heap_expand$2region                 0x00000471   Thumb Code     2  heapauxi.o(.text)
    __aeabi_f2uiz                            0x00000473   Thumb Code     0  ffixui.o(.text)
    _ffixu                                   0x00000473   Thumb Code    48  ffixui.o(.text)
    __aeabi_i2f_normalise                    0x000004a3   Thumb Code    72  fflti.o(.text)
    __aeabi_i2f                              0x000004eb   Thumb Code    16  fflti.o(.text)
    _fflt                                    0x000004eb   Thumb Code     0  fflti.o(.text)
    __aeabi_ui2f                             0x000004fb   Thumb Code     6  fflti.o(.text)
    _ffltu                                   0x000004fb   Thumb Code     0  fflti.o(.text)
    _chval                                   0x00000501   Thumb Code    30  _chval.o(.text)
    __vfscanf_char                           0x0000052d   Thumb Code    28  scanf_char.o(.text)
    _sgetc                                   0x00000551   Thumb Code    32  _sgetc.o(.text)
    _sbackspace                              0x00000571   Thumb Code    36  _sgetc.o(.text)
    isspace                                  0x00000595   Thumb Code    18  isspace.o(.text)
    __vfscanf                                0x000005a9   Thumb Code   880  _scanf.o(.text)
    __fpl_fcmp_InfNaN                        0x00000929   Thumb Code    96  fcmpin.o(.text)
    __user_setup_stackheap                   0x0000098d   Thumb Code    62  sys_stackheap_outer.o(.text)
    __rt_ctype_table                         0x000009cd   Thumb Code    16  rt_ctype_table.o(.text)
    exit                                     0x000009dd   Thumb Code    16  exit.o(.text)
    __fpl_cmpreturn                          0x000009ed   Thumb Code    46  cmpret.o(.text)
    __fpl_fcheck_NaN2                        0x00000a1d   Thumb Code    10  fnan2.o(.text)
    __user_libspace                          0x00000a2d   Thumb Code     8  libspace.o(.text)
    __user_perproc_libspace                  0x00000a2d   Thumb Code     0  libspace.o(.text)
    __user_perthread_libspace                0x00000a2d   Thumb Code     0  libspace.o(.text)
    __rt_locale                              0x00000a35   Thumb Code     8  rt_locale_intlibspace.o(.text)
    __fpl_return_NaN                         0x00000a3d   Thumb Code    94  retnan.o(.text)
    strcmp                                   0x00000a9d   Thumb Code   176  strcmpv6m.o(.text)
    AO_Control                               0x00000b4d   Thumb Code    60  tb6612.o(.text.AO_Control)
    BO_Control                               0x00000b89   Thumb Code    60  tb6612.o(.text.BO_Control)
    CO_Control                               0x00000bcd   Thumb Code    60  tb6612.o(.text.CO_Control)
    DL_Common_delayCycles                    0x00000c31   Thumb Code    10  dl_common.o(.text.DL_Common_delayCycles)
    DL_SPI_init                              0x00000c3d   Thumb Code    60  dl_spi.o(.text.DL_SPI_init)
    DL_SPI_setClockConfig                    0x00000c81   Thumb Code    18  dl_spi.o(.text.DL_SPI_setClockConfig)
    DL_TimerA_initPWMMode                    0x00000c95   Thumb Code   120  dl_timer.o(.text.DL_TimerA_initPWMMode)
    DL_Timer_initPWMMode                     0x00000d19   Thumb Code   188  dl_timer.o(.text.DL_Timer_initPWMMode)
    DL_Timer_initTimerMode                   0x00000ded   Thumb Code   224  dl_timer.o(.text.DL_Timer_initTimerMode)
    DL_Timer_setCaptCompUpdateMethod         0x00000ed9   Thumb Code    24  dl_timer.o(.text.DL_Timer_setCaptCompUpdateMethod)
    DL_Timer_setCaptureCompareOutCtl         0x00000ef5   Thumb Code    20  dl_timer.o(.text.DL_Timer_setCaptureCompareOutCtl)
    DL_Timer_setCaptureCompareValue          0x00000f0d   Thumb Code    12  dl_timer.o(.text.DL_Timer_setCaptureCompareValue)
    DL_Timer_setClockConfig                  0x00000f1d   Thumb Code    24  dl_timer.o(.text.DL_Timer_setClockConfig)
    DL_UART_init                             0x00000f39   Thumb Code    64  dl_uart.o(.text.DL_UART_init)
    DL_UART_setClockConfig                   0x00000f81   Thumb Code    18  dl_uart.o(.text.DL_UART_setClockConfig)
    DO_Control                               0x00000f95   Thumb Code    60  tb6612.o(.text.DO_Control)
    Encoder_Clearcount                       0x00000ff9   Thumb Code    20  encoder.o(.text.Encoder_Clearcount)
    Encoder_Getcount                         0x0000100d   Thumb Code    20  encoder.o(.text.Encoder_Getcount)
    Encoder_Init                             0x00001031   Thumb Code    28  encoder.o(.text.Encoder_Init)
    GROUP1_IRQHandler                        0x00001075   Thumb Code   212  encoder.o(.text.GROUP1_IRQHandler)
    OLED_Clear                               0x00001165   Thumb Code  1928  oled.o(.text.OLED_Clear)
    OLED_ColorTurn                           0x000018f1   Thumb Code    96  oled.o(.text.OLED_ColorTurn)
    OLED_DisplayTurn                         0x00001951   Thumb Code   176  oled.o(.text.OLED_DisplayTurn)
    OLED_Init                                0x00001a09   Thumb Code  1048  oled.o(.text.OLED_Init)
    SYSCFG_DL_GPIO_init                      0x00001e25   Thumb Code   164  ti_msp_dl_config.o(.text.SYSCFG_DL_GPIO_init)
    SYSCFG_DL_PWM_0_init                     0x00001ef5   Thumb Code   116  ti_msp_dl_config.o(.text.SYSCFG_DL_PWM_0_init)
    SYSCFG_DL_PWM_1_init                     0x00001f79   Thumb Code   116  ti_msp_dl_config.o(.text.SYSCFG_DL_PWM_1_init)
    SYSCFG_DL_SPI_OLED_init                  0x00001ffd   Thumb Code    56  ti_msp_dl_config.o(.text.SYSCFG_DL_SPI_OLED_init)
    SYSCFG_DL_SYSCTL_init                    0x00002049   Thumb Code    40  ti_msp_dl_config.o(.text.SYSCFG_DL_SYSCTL_init)
    SYSCFG_DL_TIMER_0_init                   0x0000207d   Thumb Code    52  ti_msp_dl_config.o(.text.SYSCFG_DL_TIMER_0_init)
    SYSCFG_DL_UART_0_init                    0x000020c9   Thumb Code    88  ti_msp_dl_config.o(.text.SYSCFG_DL_UART_0_init)
    SYSCFG_DL_init                           0x00002139   Thumb Code    56  ti_msp_dl_config.o(.text.SYSCFG_DL_init)
    SYSCFG_DL_initPower                      0x0000217d   Thumb Code    60  ti_msp_dl_config.o(.text.SYSCFG_DL_initPower)
    TB6612_Motor_Stop                        0x000021dd   Thumb Code    40  tb6612.o(.text.TB6612_Motor_Stop)
    TIMG0_IRQHandler                         0x00002209   Thumb Code    48  encoder.o(.text.TIMG0_IRQHandler)
    UART0_IRQHandler                         0x0000224d   Thumb Code   112  usart.o(.text.UART0_IRQHandler)
    USART_Init                               0x000022e5   Thumb Code    16  usart.o(.text.USART_Init)
    _sys_exit                                0x000022fd   Thumb Code     2  usart.o(.text._sys_exit)
    delay_ms                                 0x000022ff   Thumb Code    14  delay.o(.text.delay_ms)
    fputc                                    0x0000230d   Thumb Code    32  usart.o(.text.fputc)
    main                                     0x00002331   Thumb Code   104  main.o(.text.main)
    motor_target_set                         0x000023b9   Thumb Code    48  pid.o(.text.motor_target_set)
    pid_cal                                  0x000023e9   Thumb Code   196  pid.o(.text.pid_cal)
    pid_control                              0x000024ad   Thumb Code   204  pid.o(.text.pid_control)
    pid_init                                 0x00002585   Thumb Code    14  pid.o(.text.pid_init)
    send_wave                                0x00002595   Thumb Code   132  pid.o(.text.send_wave)
    uart0_send_datas                         0x00002651   Thumb Code   264  usart.o(.text.uart0_send_datas)
    uart0_send_string                        0x00002759   Thumb Code    52  usart.o(.text.uart0_send_string)
    __aeabi_fcmpge                           0x00002791   Thumb Code     0  fcmp.o(i._fgeq)
    _fgeq                                    0x00002791   Thumb Code    22  fcmp.o(i._fgeq)
    __aeabi_fcmpgt                           0x000027a7   Thumb Code     0  fcmp.o(i._fgr)
    _fgr                                     0x000027a7   Thumb Code    22  fcmp.o(i._fgr)
    _get_lc_ctype                            0x000027bd   Thumb Code    44  lc_ctype_c.o(locale$$code)
    __aeabi_fadd                             0x000027e9   Thumb Code     0  faddsub.o(x$fpl$fadd)
    _fadd                                    0x000027e9   Thumb Code   134  faddsub.o(x$fpl$fadd)
    _fcmpge                                  0x00002875   Thumb Code    78  fgef.o(x$fpl$fgeqf)
    __aeabi_fmul                             0x000028c9   Thumb Code     0  fmul.o(x$fpl$fmul)
    _fmul                                    0x000028c9   Thumb Code   172  fmul.o(x$fpl$fmul)
    __aeabi_fsub                             0x00002979   Thumb Code     0  faddsub.o(x$fpl$fsub)
    _fsub                                    0x00002979   Thumb Code   204  faddsub.o(x$fpl$fsub)
    __I$use$fp                               0x00002a48   Number         0  usenofp.o(x$fpl$usenofp)
    Region$$Table$$Base                      0x00002ab0   Number         0  anon$$obj.o(Region$$Table)
    Region$$Table$$Limit                     0x00002ad0   Number         0  anon$$obj.o(Region$$Table)
    __ctype                                  0x00002add   Data           0  lc_ctype_c.o(locale$$data)
    deI                                      0x20200000   Data           4  main.o(.data.deI)
    deP                                      0x20200004   Data           4  main.o(.data.deP)
    motorA_dir                               0x20200008   Data           1  pid.o(.data.motorA_dir)
    motorB_dir                               0x20200009   Data           1  pid.o(.data.motorB_dir)
    poI                                      0x2020000c   Data           4  main.o(.data.poI)
    poP                                      0x20200010   Data           4  main.o(.data.poP)
    __libspace_start                         0x20200018   Data          96  libspace.o(.bss)
    __temporary_stack_top$libspace           0x20200078   Data           0  libspace.o(.bss)
    OLED_GRAM                                0x20200098   Data        1152  oled.o(.bss.OLED_GRAM)
    __stdout                                 0x20200518   Data          84  usart.o(.bss.__stdout)
    deD                                      0x2020056c   Data           4  main.o(.bss.deD)
    gPWM_0Backup                             0x20200570   Data         188  ti_msp_dl_config.o(.bss.gPWM_0Backup)
    gPWM_1Backup                             0x2020062c   Data         120  ti_msp_dl_config.o(.bss.gPWM_1Backup)
    gSPI_OLEDBackup                          0x202006a4   Data          40  ti_msp_dl_config.o(.bss.gSPI_OLEDBackup)
    motorA                                   0x202006cc   Data          52  pid.o(.bss.motorA)
    motorB                                   0x20200700   Data          52  pid.o(.bss.motorB)
    po                                       0x20200734   Data           4  main.o(.bss.po)
    poD                                      0x20200738   Data           4  main.o(.bss.poD)
    recv0_buff                               0x2020073c   Data         128  usart.o(.bss.recv0_buff)
    recv0_flag                               0x202007bc   Data           1  usart.o(.bss.recv0_flag)
    recv0_length                             0x202007be   Data           2  usart.o(.bss.recv0_length)
    sp                                       0x202007c0   Data           4  main.o(.bss.sp)



==============================================================================

Memory Map of the image

  Image Entry point : 0x000000c1

  Load Region LR_IROM1 (Base: 0x00000000, Size: 0x00002bf8, Max: 0x00020000, ABSOLUTE)

    Execution Region ER_IROM1 (Exec base: 0x00000000, Load base: 0x00000000, Size: 0x00002be0, Max: 0x00020000, ABSOLUTE)

    Exec Addr    Load Addr    Size         Type   Attr      Idx    E Section Name        Object

    0x00000000   0x00000000   0x000000c0   Data   RO           64    RESET               startup_mspm0g350x_uvision.o
    0x000000c0   0x000000c0   0x00000008   Code   RO          975  * !!!main             c_p.l(__main.o)
    0x000000c8   0x000000c8   0x00000054   Code   RO         1221    !!!scatter          c_p.l(__scatter.o)
    0x0000011c   0x0000011c   0x00000004   PAD
    0x00000120   0x00000120   0x0000001a   Code   RO         1225    !!handler_copy      c_p.l(__scatter_copy.o)
    0x0000013a   0x0000013a   0x00000006   PAD
    0x00000140   0x00000140   0x00000002   Code   RO         1222    !!handler_null      c_p.l(__scatter.o)
    0x00000142   0x00000142   0x00000006   PAD
    0x00000148   0x00000148   0x0000001c   Code   RO         1227    !!handler_zi        c_p.l(__scatter_zi.o)
    0x00000164   0x00000164   0x00000002   Code   RO         1070    .ARM.Collect$$libinit$$00000000  c_p.l(libinit.o)
    0x00000166   0x00000166   0x00000000   Code   RO         1096    .ARM.Collect$$libinit$$00000002  c_p.l(libinit2.o)
    0x00000166   0x00000166   0x00000000   Code   RO         1098    .ARM.Collect$$libinit$$00000004  c_p.l(libinit2.o)
    0x00000166   0x00000166   0x00000000   Code   RO         1100    .ARM.Collect$$libinit$$00000006  c_p.l(libinit2.o)
    0x00000166   0x00000166   0x00000000   Code   RO         1103    .ARM.Collect$$libinit$$0000000C  c_p.l(libinit2.o)
    0x00000166   0x00000166   0x00000000   Code   RO         1105    .ARM.Collect$$libinit$$0000000E  c_p.l(libinit2.o)
    0x00000166   0x00000166   0x00000000   Code   RO         1107    .ARM.Collect$$libinit$$00000010  c_p.l(libinit2.o)
    0x00000166   0x00000166   0x00000006   Code   RO         1108    .ARM.Collect$$libinit$$00000011  c_p.l(libinit2.o)
    0x0000016c   0x0000016c   0x00000000   Code   RO         1110    .ARM.Collect$$libinit$$00000013  c_p.l(libinit2.o)
    0x0000016c   0x0000016c   0x0000000c   Code   RO         1111    .ARM.Collect$$libinit$$00000014  c_p.l(libinit2.o)
    0x00000178   0x00000178   0x00000000   Code   RO         1112    .ARM.Collect$$libinit$$00000015  c_p.l(libinit2.o)
    0x00000178   0x00000178   0x00000000   Code   RO         1114    .ARM.Collect$$libinit$$00000017  c_p.l(libinit2.o)
    0x00000178   0x00000178   0x00000000   Code   RO         1116    .ARM.Collect$$libinit$$00000019  c_p.l(libinit2.o)
    0x00000178   0x00000178   0x00000000   Code   RO         1118    .ARM.Collect$$libinit$$0000001B  c_p.l(libinit2.o)
    0x00000178   0x00000178   0x00000000   Code   RO         1120    .ARM.Collect$$libinit$$0000001D  c_p.l(libinit2.o)
    0x00000178   0x00000178   0x00000000   Code   RO         1122    .ARM.Collect$$libinit$$0000001F  c_p.l(libinit2.o)
    0x00000178   0x00000178   0x00000000   Code   RO         1124    .ARM.Collect$$libinit$$00000021  c_p.l(libinit2.o)
    0x00000178   0x00000178   0x00000000   Code   RO         1126    .ARM.Collect$$libinit$$00000023  c_p.l(libinit2.o)
    0x00000178   0x00000178   0x00000000   Code   RO         1128    .ARM.Collect$$libinit$$00000025  c_p.l(libinit2.o)
    0x00000178   0x00000178   0x00000000   Code   RO         1130    .ARM.Collect$$libinit$$00000027  c_p.l(libinit2.o)
    0x00000178   0x00000178   0x00000000   Code   RO         1134    .ARM.Collect$$libinit$$0000002E  c_p.l(libinit2.o)
    0x00000178   0x00000178   0x00000000   Code   RO         1136    .ARM.Collect$$libinit$$00000030  c_p.l(libinit2.o)
    0x00000178   0x00000178   0x00000000   Code   RO         1138    .ARM.Collect$$libinit$$00000032  c_p.l(libinit2.o)
    0x00000178   0x00000178   0x00000000   Code   RO         1140    .ARM.Collect$$libinit$$00000034  c_p.l(libinit2.o)
    0x00000178   0x00000178   0x00000002   Code   RO         1141    .ARM.Collect$$libinit$$00000035  c_p.l(libinit2.o)
    0x0000017a   0x0000017a   0x00000002   Code   RO         1173    .ARM.Collect$$libshutdown$$00000000  c_p.l(libshutdown.o)
    0x0000017c   0x0000017c   0x00000000   Code   RO         1204    .ARM.Collect$$libshutdown$$00000002  c_p.l(libshutdown2.o)
    0x0000017c   0x0000017c   0x00000000   Code   RO         1206    .ARM.Collect$$libshutdown$$00000004  c_p.l(libshutdown2.o)
    0x0000017c   0x0000017c   0x00000000   Code   RO         1209    .ARM.Collect$$libshutdown$$00000007  c_p.l(libshutdown2.o)
    0x0000017c   0x0000017c   0x00000000   Code   RO         1212    .ARM.Collect$$libshutdown$$0000000A  c_p.l(libshutdown2.o)
    0x0000017c   0x0000017c   0x00000000   Code   RO         1214    .ARM.Collect$$libshutdown$$0000000C  c_p.l(libshutdown2.o)
    0x0000017c   0x0000017c   0x00000000   Code   RO         1217    .ARM.Collect$$libshutdown$$0000000F  c_p.l(libshutdown2.o)
    0x0000017c   0x0000017c   0x00000002   Code   RO         1218    .ARM.Collect$$libshutdown$$00000010  c_p.l(libshutdown2.o)
    0x0000017e   0x0000017e   0x00000000   Code   RO         1013    .ARM.Collect$$rtentry$$00000000  c_p.l(__rtentry.o)
    0x0000017e   0x0000017e   0x00000000   Code   RO         1032    .ARM.Collect$$rtentry$$00000002  c_p.l(__rtentry2.o)
    0x0000017e   0x0000017e   0x00000006   Code   RO         1044    .ARM.Collect$$rtentry$$00000004  c_p.l(__rtentry4.o)
    0x00000184   0x00000184   0x00000000   Code   RO         1034    .ARM.Collect$$rtentry$$00000009  c_p.l(__rtentry2.o)
    0x00000184   0x00000184   0x00000004   Code   RO         1035    .ARM.Collect$$rtentry$$0000000A  c_p.l(__rtentry2.o)
    0x00000188   0x00000188   0x00000000   Code   RO         1037    .ARM.Collect$$rtentry$$0000000C  c_p.l(__rtentry2.o)
    0x00000188   0x00000188   0x00000008   Code   RO         1038    .ARM.Collect$$rtentry$$0000000D  c_p.l(__rtentry2.o)
    0x00000190   0x00000190   0x00000002   Code   RO         1079    .ARM.Collect$$rtexit$$00000000  c_p.l(rtexit.o)
    0x00000192   0x00000192   0x00000000   Code   RO         1145    .ARM.Collect$$rtexit$$00000002  c_p.l(rtexit2.o)
    0x00000192   0x00000192   0x00000004   Code   RO         1146    .ARM.Collect$$rtexit$$00000003  c_p.l(rtexit2.o)
    0x00000196   0x00000196   0x00000006   Code   RO         1147    .ARM.Collect$$rtexit$$00000004  c_p.l(rtexit2.o)
    0x0000019c   0x0000019c   0x00000030   Code   RO           65    .text               startup_mspm0g350x_uvision.o
    0x000001cc   0x000001cc   0x00000040   Code   RO          957    .text               c_p.l(__0sscanf.o)
    0x0000020c   0x0000020c   0x0000014a   Code   RO          959    .text               c_p.l(_scanf_int.o)
    0x00000356   0x00000356   0x000000e8   Code   RO          961    .text               c_p.l(_scanf_str.o)
    0x0000043e   0x0000043e   0x00000002   PAD
    0x00000440   0x00000440   0x0000002c   Code   RO          963    .text               c_p.l(puts.o)
    0x0000046c   0x0000046c   0x00000006   Code   RO          973    .text               c_p.l(heapauxi.o)
    0x00000472   0x00000472   0x00000030   Code   RO         1007    .text               fz_ps.l(ffixui.o)
    0x000004a2   0x000004a2   0x0000005e   Code   RO         1009    .text               fz_ps.l(fflti.o)
    0x00000500   0x00000500   0x0000001e   Code   RO         1018    .text               c_p.l(_chval.o)
    0x0000051e   0x0000051e   0x00000002   PAD
    0x00000520   0x00000520   0x00000030   Code   RO         1020    .text               c_p.l(scanf_char.o)
    0x00000550   0x00000550   0x00000044   Code   RO         1022    .text               c_p.l(_sgetc.o)
    0x00000594   0x00000594   0x00000012   Code   RO         1048    .text               c_p.l(isspace.o)
    0x000005a6   0x000005a6   0x00000002   PAD
    0x000005a8   0x000005a8   0x00000380   Code   RO         1050    .text               c_p.l(_scanf.o)
    0x00000928   0x00000928   0x00000064   Code   RO         1052    .text               fz_ps.l(fcmpin.o)
    0x0000098c   0x0000098c   0x0000003e   Code   RO         1054    .text               c_p.l(sys_stackheap_outer.o)
    0x000009ca   0x000009ca   0x00000002   PAD
    0x000009cc   0x000009cc   0x00000010   Code   RO         1057    .text               c_p.l(rt_ctype_table.o)
    0x000009dc   0x000009dc   0x00000010   Code   RO         1059    .text               c_p.l(exit.o)
    0x000009ec   0x000009ec   0x0000002e   Code   RO         1071    .text               fz_ps.l(cmpret.o)
    0x00000a1a   0x00000a1a   0x00000002   PAD
    0x00000a1c   0x00000a1c   0x00000010   Code   RO         1073    .text               fz_ps.l(fnan2.o)
    0x00000a2c   0x00000a2c   0x00000008   Code   RO         1075    .text               c_p.l(libspace.o)
    0x00000a34   0x00000a34   0x00000008   Code   RO         1086    .text               c_p.l(rt_locale_intlibspace.o)
    0x00000a3c   0x00000a3c   0x0000005e   Code   RO         1142    .text               fz_ps.l(retnan.o)
    0x00000a9a   0x00000a9a   0x00000002   PAD
    0x00000a9c   0x00000a9c   0x000000b0   Code   RO         1155    .text               c_p.l(strcmpv6m.o)
    0x00000b4c   0x00000b4c   0x0000003c   Code   RO          126    .text.AO_Control    tb6612.o
    0x00000b88   0x00000b88   0x00000044   Code   RO          128    .text.BO_Control    tb6612.o
    0x00000bcc   0x00000bcc   0x00000064   Code   RO          130    .text.CO_Control    tb6612.o
    0x00000c30   0x00000c30   0x0000000a   Code   RO          277    .text.DL_Common_delayCycles  dl_common.o
    0x00000c3a   0x00000c3a   0x00000002   PAD
    0x00000c3c   0x00000c3c   0x00000044   Code   RO          737    .text.DL_SPI_init   dl_spi.o
    0x00000c80   0x00000c80   0x00000012   Code   RO          739    .text.DL_SPI_setClockConfig  dl_spi.o
    0x00000c92   0x00000c92   0x00000002   PAD
    0x00000c94   0x00000c94   0x00000084   Code   RO          869    .text.DL_TimerA_initPWMMode  dl_timer.o
    0x00000d18   0x00000d18   0x000000d4   Code   RO          813    .text.DL_Timer_initPWMMode  dl_timer.o
    0x00000dec   0x00000dec   0x000000ec   Code   RO          795    .text.DL_Timer_initTimerMode  dl_timer.o
    0x00000ed8   0x00000ed8   0x0000001c   Code   RO          843    .text.DL_Timer_setCaptCompUpdateMethod  dl_timer.o
    0x00000ef4   0x00000ef4   0x00000018   Code   RO          817    .text.DL_Timer_setCaptureCompareOutCtl  dl_timer.o
    0x00000f0c   0x00000f0c   0x00000010   Code   RO          797    .text.DL_Timer_setCaptureCompareValue  dl_timer.o
    0x00000f1c   0x00000f1c   0x0000001c   Code   RO          791    .text.DL_Timer_setClockConfig  dl_timer.o
    0x00000f38   0x00000f38   0x00000048   Code   RO          902    .text.DL_UART_init  dl_uart.o
    0x00000f80   0x00000f80   0x00000012   Code   RO          904    .text.DL_UART_setClockConfig  dl_uart.o
    0x00000f92   0x00000f92   0x00000002   PAD
    0x00000f94   0x00000f94   0x00000064   Code   RO          132    .text.DO_Control    tb6612.o
    0x00000ff8   0x00000ff8   0x00000014   Code   RO          147    .text.Encoder_Clearcount  encoder.o
    0x0000100c   0x0000100c   0x00000024   Code   RO          145    .text.Encoder_Getcount  encoder.o
    0x00001030   0x00001030   0x00000044   Code   RO          143    .text.Encoder_Init  encoder.o
    0x00001074   0x00001074   0x000000f0   Code   RO          149    .text.GROUP1_IRQHandler  encoder.o
    0x00001164   0x00001164   0x0000078c   Code   RO           93    .text.OLED_Clear    oled.o
    0x000018f0   0x000018f0   0x00000060   Code   RO           81    .text.OLED_ColorTurn  oled.o
    0x00001950   0x00001950   0x000000b8   Code   RO           85    .text.OLED_DisplayTurn  oled.o
    0x00001a08   0x00001a08   0x0000041c   Code   RO          109    .text.OLED_Init     oled.o
    0x00001e24   0x00001e24   0x000000d0   Code   RO           24    .text.SYSCFG_DL_GPIO_init  ti_msp_dl_config.o
    0x00001ef4   0x00001ef4   0x00000084   Code   RO           28    .text.SYSCFG_DL_PWM_0_init  ti_msp_dl_config.o
    0x00001f78   0x00001f78   0x00000084   Code   RO           30    .text.SYSCFG_DL_PWM_1_init  ti_msp_dl_config.o
    0x00001ffc   0x00001ffc   0x0000004c   Code   RO           36    .text.SYSCFG_DL_SPI_OLED_init  ti_msp_dl_config.o
    0x00002048   0x00002048   0x00000034   Code   RO           26    .text.SYSCFG_DL_SYSCTL_init  ti_msp_dl_config.o
    0x0000207c   0x0000207c   0x0000004c   Code   RO           32    .text.SYSCFG_DL_TIMER_0_init  ti_msp_dl_config.o
    0x000020c8   0x000020c8   0x00000070   Code   RO           34    .text.SYSCFG_DL_UART_0_init  ti_msp_dl_config.o
    0x00002138   0x00002138   0x00000044   Code   RO           20    .text.SYSCFG_DL_init  ti_msp_dl_config.o
    0x0000217c   0x0000217c   0x00000060   Code   RO           22    .text.SYSCFG_DL_initPower  ti_msp_dl_config.o
    0x000021dc   0x000021dc   0x0000002c   Code   RO          124    .text.TB6612_Motor_Stop  tb6612.o
    0x00002208   0x00002208   0x00000044   Code   RO          151    .text.TIMG0_IRQHandler  encoder.o
    0x0000224c   0x0000224c   0x00000098   Code   RO          189    .text.UART0_IRQHandler  usart.o
    0x000022e4   0x000022e4   0x00000018   Code   RO          177    .text.USART_Init    usart.o
    0x000022fc   0x000022fc   0x00000002   Code   RO          185    .text._sys_exit     usart.o
    0x000022fe   0x000022fe   0x0000000e   Code   RO          165    .text.delay_ms      delay.o
    0x0000230c   0x0000230c   0x00000024   Code   RO          187    .text.fputc         usart.o
    0x00002330   0x00002330   0x00000088   Code   RO            2    .text.main          main.o
    0x000023b8   0x000023b8   0x00000030   Code   RO          207    .text.motor_target_set  pid.o
    0x000023e8   0x000023e8   0x000000c4   Code   RO          211    .text.pid_cal       pid.o
    0x000024ac   0x000024ac   0x000000d8   Code   RO          209    .text.pid_control   pid.o
    0x00002584   0x00002584   0x0000000e   Code   RO          205    .text.pid_init      pid.o
    0x00002592   0x00002592   0x00000002   PAD
    0x00002594   0x00002594   0x000000bc   Code   RO          203    .text.send_wave     pid.o
    0x00002650   0x00002650   0x00000108   Code   RO          181    .text.uart0_send_datas  usart.o
    0x00002758   0x00002758   0x00000038   Code   RO          183    .text.uart0_send_string  usart.o
    0x00002790   0x00002790   0x00000016   Code   RO          990    i._fgeq             fz_ps.l(fcmp.o)
    0x000027a6   0x000027a6   0x00000016   Code   RO          991    i._fgr              fz_ps.l(fcmp.o)
    0x000027bc   0x000027bc   0x0000002c   Code   RO         1089    locale$$code        c_p.l(lc_ctype_c.o)
    0x000027e8   0x000027e8   0x0000008c   Code   RO          977    x$fpl$fadd          fz_ps.l(faddsub.o)
    0x00002874   0x00002874   0x00000054   Code   RO         1026    x$fpl$fgeqf         fz_ps.l(fgef.o)
    0x000028c8   0x000028c8   0x000000b0   Code   RO         1011    x$fpl$fmul          fz_ps.l(fmul.o)
    0x00002978   0x00002978   0x000000d0   Code   RO          979    x$fpl$fsub          fz_ps.l(faddsub.o)
    0x00002a48   0x00002a48   0x00000000   Code   RO         1030    x$fpl$usenofp       fz_ps.l(usenofp.o)
    0x00002a48   0x00002a48   0x00000003   Data   RO           45    .rodata.gPWM_0ClockConfig  ti_msp_dl_config.o
    0x00002a4b   0x00002a4b   0x00000001   PAD
    0x00002a4c   0x00002a4c   0x00000008   Data   RO           46    .rodata.gPWM_0Config  ti_msp_dl_config.o
    0x00002a54   0x00002a54   0x00000003   Data   RO           47    .rodata.gPWM_1ClockConfig  ti_msp_dl_config.o
    0x00002a57   0x00002a57   0x00000001   PAD
    0x00002a58   0x00002a58   0x00000008   Data   RO           48    .rodata.gPWM_1Config  ti_msp_dl_config.o
    0x00002a60   0x00002a60   0x00000002   Data   RO           53    .rodata.gSPI_OLED_clockConfig  ti_msp_dl_config.o
    0x00002a62   0x00002a62   0x0000000a   Data   RO           54    .rodata.gSPI_OLED_config  ti_msp_dl_config.o
    0x00002a6c   0x00002a6c   0x00000003   Data   RO           49    .rodata.gTIMER_0ClockConfig  ti_msp_dl_config.o
    0x00002a6f   0x00002a6f   0x00000001   PAD
    0x00002a70   0x00002a70   0x00000014   Data   RO           50    .rodata.gTIMER_0TimerConfig  ti_msp_dl_config.o
    0x00002a84   0x00002a84   0x00000002   Data   RO           51    .rodata.gUART_0ClockConfig  ti_msp_dl_config.o
    0x00002a86   0x00002a86   0x0000000a   Data   RO           52    .rodata.gUART_0Config  ti_msp_dl_config.o
    0x00002a90   0x00002a90   0x00000020   Data   RO          134    .rodata.str1.1      tb6612.o
    0x00002ab0   0x00002ab0   0x00000020   Data   RO         1220    Region$$Table       anon$$obj.o
    0x00002ad0   0x00002ad0   0x00000110   Data   RO         1088    locale$$data        c_p.l(lc_ctype_c.o)


    Execution Region RW_IRAM2 (Exec base: 0x20200000, Load base: 0x00002be0, Size: 0x000009c8, Max: 0x00008000, ABSOLUTE)

    Exec Addr    Load Addr    Size         Type   Attr      Idx    E Section Name        Object

    0x20200000   0x00002be0   0x00000004   Data   RW            5    .data.deI           main.o
    0x20200004   0x00002be4   0x00000004   Data   RW            4    .data.deP           main.o
    0x20200008   0x00002be8   0x00000001   Data   RW          215    .data.motorA_dir    pid.o
    0x20200009   0x00002be9   0x00000001   Data   RW          216    .data.motorB_dir    pid.o
    0x2020000a   0x00002bea   0x00000002   PAD
    0x2020000c   0x00002bec   0x00000004   Data   RW            8    .data.poI           main.o
    0x20200010   0x00002bf0   0x00000004   Data   RW            7    .data.poP           main.o
    0x20200014   0x00002bf4   0x00000004   PAD
    0x20200018        -       0x00000060   Zero   RW         1076    .bss                c_p.l(libspace.o)
    0x20200078        -       0x00000008   Zero   RW          153    .bss.Encoder_A      encoder.o
    0x20200080        -       0x00000008   Zero   RW          154    .bss.Encoder_B      encoder.o
    0x20200088        -       0x00000008   Zero   RW          155    .bss.Encoder_C      encoder.o
    0x20200090        -       0x00000008   Zero   RW          156    .bss.Encoder_D      encoder.o
    0x20200098        -       0x00000480   Zero   RW          115    .bss.OLED_GRAM      oled.o
    0x20200518        -       0x00000054   Zero   RW          194    .bss.__stdout       usart.o
    0x2020056c        -       0x00000004   Zero   RW            6    .bss.deD            main.o
    0x20200570        -       0x000000bc   Zero   RW           42    .bss.gPWM_0Backup   ti_msp_dl_config.o
    0x2020062c        -       0x00000078   Zero   RW           43    .bss.gPWM_1Backup   ti_msp_dl_config.o
    0x202006a4        -       0x00000028   Zero   RW           44    .bss.gSPI_OLEDBackup  ti_msp_dl_config.o
    0x202006cc        -       0x00000034   Zero   RW          218    .bss.motorA         pid.o
    0x20200700        -       0x00000034   Zero   RW          219    .bss.motorB         pid.o
    0x20200734        -       0x00000004   Zero   RW           12    .bss.po             main.o
    0x20200738        -       0x00000004   Zero   RW            9    .bss.poD            main.o
    0x2020073c        -       0x00000080   Zero   RW          191    .bss.recv0_buff     usart.o
    0x202007bc        -       0x00000001   Zero   RW          193    .bss.recv0_flag     usart.o
    0x202007bd   0x00002bf4   0x00000001   PAD
    0x202007be        -       0x00000002   Zero   RW          192    .bss.recv0_length   usart.o
    0x202007c0        -       0x00000004   Zero   RW           11    .bss.sp             main.o
    0x202007c4   0x00002bf4   0x00000004   PAD
    0x202007c8        -       0x00000100   Zero   RW           63    HEAP                startup_mspm0g350x_uvision.o
    0x202008c8        -       0x00000100   Zero   RW           62    STACK               startup_mspm0g350x_uvision.o



  Load Region LR_BCR (Base: 0x41c00000, Size: 0x00000000, Max: 0x00000100, ABSOLUTE)

    Execution Region BCR_CONFIG (Exec base: 0x41c00000, Load base: 0x41c00000, Size: 0x00000000, Max: 0x00000080, ABSOLUTE)

    **** No section assigned to this execution region ****



  Load Region LR_BSL (Base: 0x41c00100, Size: 0x00000000, Max: 0x00000100, ABSOLUTE)

    Execution Region BSL_CONFIG (Exec base: 0x41c00100, Load base: 0x41c00100, Size: 0x00000000, Max: 0x00000080, ABSOLUTE)

    **** No section assigned to this execution region ****


==============================================================================

Image component sizes


      Code (inc. data)   RO Data    RW Data    ZI Data      Debug   Object Name

        14          0          0          0          0        613   delay.o
        10          0          0          0          0        620   dl_common.o
        86          8          0          0          0      15937   dl_spi.o
       676        204          0          0          0      36502   dl_timer.o
        90          8          0          0          0      14546   dl_uart.o
       432        104          0          0         32       9267   encoder.o
       136         32          0         16         16        805   main.o
      3264         36          0          0       1152      33779   oled.o
       662         68          0          2        104       2904   pid.o
        48         22        192          0        512        680   startup_mspm0g350x_uvision.o
       372         92         32          0          0       7019   tb6612.o
       952        204         69          0        348      33787   ti_msp_dl_config.o
       534         56          0          0        215       8844   usart.o

    ----------------------------------------------------------------------
      7284        834        328         20       2388     165303   Object Totals
         0          0         32          0          0          0   (incl. Generated)
         8          0          3          2          9          0   (incl. Padding)

    ----------------------------------------------------------------------

      Code (inc. data)   RO Data    RW Data    ZI Data      Debug   Library Member Name

        64         10          0          0          0         84   __0sscanf.o
         8          0          0          0          0         68   __main.o
         0          0          0          0          0          0   __rtentry.o
        12          0          0          0          0          0   __rtentry2.o
         6          0          0          0          0          0   __rtentry4.o
        86         10          0          0          0          0   __scatter.o
        26          0          0          0          0          0   __scatter_copy.o
        28          0          0          0          0          0   __scatter_zi.o
        30          0          0          0          0         60   _chval.o
       896         16          0          0          0         84   _scanf.o
       330          0          0          0          0         84   _scanf_int.o
       232          0          0          0          0         84   _scanf_str.o
        68          0          0          0          0         76   _sgetc.o
        16          0          0          0          0         68   exit.o
         6          0          0          0          0        136   heapauxi.o
        18          0          0          0          0         68   isspace.o
        44         10        272          0          0         76   lc_ctype_c.o
         2          0          0          0          0          0   libinit.o
        20          0          0          0          0          0   libinit2.o
         2          0          0          0          0          0   libshutdown.o
         2          0          0          0          0          0   libshutdown2.o
         8          4          0          0         96         68   libspace.o
        44          6          0          0          0         68   puts.o
        16          4          0          0          0         76   rt_ctype_table.o
         8          4          0          0          0         68   rt_locale_intlibspace.o
         2          0          0          0          0          0   rtexit.o
        10          0          0          0          0          0   rtexit2.o
        48          8          0          0          0         84   scanf_char.o
       176          4          0          0          0         80   strcmpv6m.o
        62          0          0          0          0         80   sys_stackheap_outer.o
        46          0          0          0          0         60   cmpret.o
       348          8          0          0          0        160   faddsub.o
        44          0          0          0          0        136   fcmp.o
       100          4          0          0          0         68   fcmpin.o
        48          0          0          0          0         60   ffixui.o
        94          0          0          0          0         92   fflti.o
        84          4          0          0          0         76   fgef.o
       176          4          0          0          0         80   fmul.o
        16          6          0          0          0         68   fnan2.o
        94          0          0          0          0         68   retnan.o
         0          0          0          0          0          0   usenofp.o

    ----------------------------------------------------------------------
      3348        106        272          0         96       2280   Library Totals
        28          4          0          0          0          0   (incl. Padding)

    ----------------------------------------------------------------------

      Code (inc. data)   RO Data    RW Data    ZI Data      Debug   Library Name

      2270         76        272          0         96       1412   c_p.l
      1050         26          0          0          0        868   fz_ps.l

    ----------------------------------------------------------------------
      3348        106        272          0         96       2280   Library Totals

    ----------------------------------------------------------------------

==============================================================================


      Code (inc. data)   RO Data    RW Data    ZI Data      Debug   

     10632        940        600         20       2484     166271   Grand Totals
     10632        940        600         20       2484     166271   ELF Image Totals
     10632        940        600         20          0          0   ROM Totals

==============================================================================

    Total RO  Size (Code + RO Data)                11232 (  10.97kB)
    Total RW  Size (RW Data + ZI Data)              2504 (   2.45kB)
    Total ROM Size (Code + RO Data + RW Data)      11252 (  10.99kB)

==============================================================================

